[0.182s] Invoking command in '/mnt/c/Users/Administrator/Documents/Mechanical/Humaniod/build/human_controller': CMAKE_PREFIX_PATH=/opt/ros/humble /usr/bin/cmake --build /mnt/c/Users/Administrator/Documents/Mechanical/Humaniod/build/human_controller -- -j8 -l8
[0.391s] Invoked command in '/mnt/c/Users/Administrator/Documents/Mechanical/Humaniod/build/human_controller' returned '0': CMAKE_PREFIX_PATH=/opt/ros/humble /usr/bin/cmake --build /mnt/c/Users/Administrator/Documents/Mechanical/Humaniod/build/human_controller -- -j8 -l8
[0.475s] Invoking command in '/mnt/c/Users/Administrator/Documents/Mechanical/Humaniod/build/human_controller': CMAKE_PREFIX_PATH=/opt/ros/humble /usr/bin/cmake --install /mnt/c/Users/Administrator/Documents/Mechanical/Humaniod/build/human_controller
[0.514s] -- Install configuration: ""
[0.529s] -- Up-to-date: /mnt/c/Users/Administrator/Documents/Mechanical/Humaniod/install/human_controller/share/human_controller/config
[0.570s] -- Up-to-date: /mnt/c/Users/Administrator/Documents/Mechanical/Humaniod/install/human_controller/share/human_controller/config/human_controllers.yaml
[0.586s] -- Up-to-date: /mnt/c/Users/Administrator/Documents/Mechanical/Humaniod/install/human_controller/share/human_controller/launch
[0.611s] -- Up-to-date: /mnt/c/Users/Administrator/Documents/Mechanical/Humaniod/install/human_controller/share/human_controller/launch/controller.launch.py
[0.649s] -- Up-to-date: /mnt/c/Users/Administrator/Documents/Mechanical/Humaniod/install/human_controller/share/ament_index/resource_index/package_run_dependencies/human_controller
[0.682s] -- Up-to-date: /mnt/c/Users/Administrator/Documents/Mechanical/Humaniod/install/human_controller/share/ament_index/resource_index/parent_prefix_path/human_controller
[0.695s] -- Up-to-date: /mnt/c/Users/Administrator/Documents/Mechanical/Humaniod/install/human_controller/share/human_controller/environment/ament_prefix_path.sh
[0.719s] -- Up-to-date: /mnt/c/Users/Administrator/Documents/Mechanical/Humaniod/install/human_controller/share/human_controller/environment/ament_prefix_path.dsv
[0.737s] -- Up-to-date: /mnt/c/Users/Administrator/Documents/Mechanical/Humaniod/install/human_controller/share/human_controller/environment/path.sh
[0.761s] -- Up-to-date: /mnt/c/Users/Administrator/Documents/Mechanical/Humaniod/install/human_controller/share/human_controller/environment/path.dsv
[0.782s] -- Up-to-date: /mnt/c/Users/Administrator/Documents/Mechanical/Humaniod/install/human_controller/share/human_controller/local_setup.bash
[0.801s] -- Up-to-date: /mnt/c/Users/Administrator/Documents/Mechanical/Humaniod/install/human_controller/share/human_controller/local_setup.sh
[0.828s] -- Up-to-date: /mnt/c/Users/Administrator/Documents/Mechanical/Humaniod/install/human_controller/share/human_controller/local_setup.zsh
[0.849s] -- Up-to-date: /mnt/c/Users/Administrator/Documents/Mechanical/Humaniod/install/human_controller/share/human_controller/local_setup.dsv
[0.865s] -- Installing: /mnt/c/Users/Administrator/Documents/Mechanical/Humaniod/install/human_controller/share/human_controller/package.dsv
[0.948s] -- Up-to-date: /mnt/c/Users/Administrator/Documents/Mechanical/Humaniod/install/human_controller/share/ament_index/resource_index/packages/human_controller
[0.969s] -- Up-to-date: /mnt/c/Users/Administrator/Documents/Mechanical/Humaniod/install/human_controller/share/human_controller/cmake/human_controllerConfig.cmake
[0.984s] -- Up-to-date: /mnt/c/Users/Administrator/Documents/Mechanical/Humaniod/install/human_controller/share/human_controller/cmake/human_controllerConfig-version.cmake
[1.006s] -- Up-to-date: /mnt/c/Users/Administrator/Documents/Mechanical/Humaniod/install/human_controller/share/human_controller/package.xml
[1.030s] Invoked command in '/mnt/c/Users/Administrator/Documents/Mechanical/Humaniod/build/human_controller' returned '0': CMAKE_PREFIX_PATH=/opt/ros/humble /usr/bin/cmake --install /mnt/c/Users/Administrator/Documents/Mechanical/Humaniod/build/human_controller
