[0.854s] Invoking command in '/mnt/c/Users/Administrator/Documents/Mechanical/Humaniod/build/human_urdf': CMAKE_PREFIX_PATH=/opt/ros/humble /usr/bin/cmake --build /mnt/c/Users/Administrator/Documents/Mechanical/Humaniod/build/human_urdf -- -j8 -l8
[1.379s] Invoked command in '/mnt/c/Users/Administrator/Documents/Mechanical/Humaniod/build/human_urdf' returned '0': CMAKE_PREFIX_PATH=/opt/ros/humble /usr/bin/cmake --build /mnt/c/Users/Administrator/Documents/Mechanical/Humaniod/build/human_urdf -- -j8 -l8
[1.616s] Invoking command in '/mnt/c/Users/Administrator/Documents/Mechanical/Humaniod/build/human_urdf': CMAKE_PREFIX_PATH=/opt/ros/humble /usr/bin/cmake --install /mnt/c/Users/Administrator/Documents/Mechanical/Humaniod/build/human_urdf
[1.685s] -- Install configuration: ""
[1.718s] -- Up-to-date: /mnt/c/Users/Administrator/Documents/Mechanical/Humaniod/install/human_urdf/share/human_urdf/config
[1.799s] -- Up-to-date: /mnt/c/Users/Administrator/Documents/Mechanical/Humaniod/install/human_urdf/share/human_urdf/config/joint_names_human_urdf.yaml
[1.831s] -- Up-to-date: /mnt/c/Users/Administrator/Documents/Mechanical/Humaniod/install/human_urdf/share/human_urdf/launch
[1.902s] -- Up-to-date: /mnt/c/Users/Administrator/Documents/Mechanical/Humaniod/install/human_urdf/share/human_urdf/launch/display.launch
[1.943s] -- Up-to-date: /mnt/c/Users/Administrator/Documents/Mechanical/Humaniod/install/human_urdf/share/human_urdf/launch/display.launch.py
[1.996s] -- Up-to-date: /mnt/c/Users/Administrator/Documents/Mechanical/Humaniod/install/human_urdf/share/human_urdf/launch/gazebo.launch.py
[2.022s] -- Up-to-date: /mnt/c/Users/Administrator/Documents/Mechanical/Humaniod/install/human_urdf/share/human_urdf/meshes
[2.080s] -- Up-to-date: /mnt/c/Users/Administrator/Documents/Mechanical/Humaniod/install/human_urdf/share/human_urdf/meshes/base_link.STL
[2.171s] -- Up-to-date: /mnt/c/Users/Administrator/Documents/Mechanical/Humaniod/install/human_urdf/share/human_urdf/meshes/elbowL_link.STL
[2.244s] -- Up-to-date: /mnt/c/Users/Administrator/Documents/Mechanical/Humaniod/install/human_urdf/share/human_urdf/meshes/elbowR_link.STL
[2.296s] -- Up-to-date: /mnt/c/Users/Administrator/Documents/Mechanical/Humaniod/install/human_urdf/share/human_urdf/meshes/kneeL_link.STL
[2.339s] -- Up-to-date: /mnt/c/Users/Administrator/Documents/Mechanical/Humaniod/install/human_urdf/share/human_urdf/meshes/kneeR_link.STL
[2.399s] -- Up-to-date: /mnt/c/Users/Administrator/Documents/Mechanical/Humaniod/install/human_urdf/share/human_urdf/meshes/neck_link.STL
[2.465s] -- Up-to-date: /mnt/c/Users/Administrator/Documents/Mechanical/Humaniod/install/human_urdf/share/human_urdf/meshes/shoulderL_link.STL
[2.537s] -- Up-to-date: /mnt/c/Users/Administrator/Documents/Mechanical/Humaniod/install/human_urdf/share/human_urdf/meshes/shoulderR_link.STL
[2.792s] -- Up-to-date: /mnt/c/Users/Administrator/Documents/Mechanical/Humaniod/install/human_urdf/share/human_urdf/meshes/waistL_link.STL
[2.846s] -- Up-to-date: /mnt/c/Users/Administrator/Documents/Mechanical/Humaniod/install/human_urdf/share/human_urdf/meshes/waistR_link.STL
[2.931s] -- Up-to-date: /mnt/c/Users/Administrator/Documents/Mechanical/Humaniod/install/human_urdf/share/human_urdf/urdf
[3.027s] -- Up-to-date: /mnt/c/Users/Administrator/Documents/Mechanical/Humaniod/install/human_urdf/share/human_urdf/urdf/human_gazebo.xacro
[3.068s] -- Up-to-date: /mnt/c/Users/Administrator/Documents/Mechanical/Humaniod/install/human_urdf/share/human_urdf/urdf/human_ros2_control.xacro
[3.133s] -- Up-to-date: /mnt/c/Users/Administrator/Documents/Mechanical/Humaniod/install/human_urdf/share/human_urdf/urdf/human_urdf.csv
[3.205s] -- Up-to-date: /mnt/c/Users/Administrator/Documents/Mechanical/Humaniod/install/human_urdf/share/human_urdf/urdf/human_urdf.urdf.xacro
[3.254s] -- Up-to-date: /mnt/c/Users/Administrator/Documents/Mechanical/Humaniod/install/human_urdf/share/human_urdf/worlds
[3.314s] -- Up-to-date: /mnt/c/Users/Administrator/Documents/Mechanical/Humaniod/install/human_urdf/share/human_urdf/worlds/empty.sdf
[3.456s] -- Up-to-date: /mnt/c/Users/Administrator/Documents/Mechanical/Humaniod/install/human_urdf/share/ament_index/resource_index/package_run_dependencies/human_urdf
[3.530s] -- Up-to-date: /mnt/c/Users/Administrator/Documents/Mechanical/Humaniod/install/human_urdf/share/ament_index/resource_index/parent_prefix_path/human_urdf
[3.565s] -- Up-to-date: /mnt/c/Users/Administrator/Documents/Mechanical/Humaniod/install/human_urdf/share/human_urdf/environment/ament_prefix_path.sh
[3.605s] -- Up-to-date: /mnt/c/Users/Administrator/Documents/Mechanical/Humaniod/install/human_urdf/share/human_urdf/environment/ament_prefix_path.dsv
[3.629s] -- Up-to-date: /mnt/c/Users/Administrator/Documents/Mechanical/Humaniod/install/human_urdf/share/human_urdf/environment/path.sh
[3.668s] -- Up-to-date: /mnt/c/Users/Administrator/Documents/Mechanical/Humaniod/install/human_urdf/share/human_urdf/environment/path.dsv
[3.711s] -- Up-to-date: /mnt/c/Users/Administrator/Documents/Mechanical/Humaniod/install/human_urdf/share/human_urdf/local_setup.bash
[3.751s] -- Up-to-date: /mnt/c/Users/Administrator/Documents/Mechanical/Humaniod/install/human_urdf/share/human_urdf/local_setup.sh
[3.810s] -- Up-to-date: /mnt/c/Users/Administrator/Documents/Mechanical/Humaniod/install/human_urdf/share/human_urdf/local_setup.zsh
[3.850s] -- Up-to-date: /mnt/c/Users/Administrator/Documents/Mechanical/Humaniod/install/human_urdf/share/human_urdf/local_setup.dsv
[3.992s] -- Installing: /mnt/c/Users/Administrator/Documents/Mechanical/Humaniod/install/human_urdf/share/human_urdf/package.dsv
[4.256s] -- Up-to-date: /mnt/c/Users/Administrator/Documents/Mechanical/Humaniod/install/human_urdf/share/ament_index/resource_index/packages/human_urdf
[4.378s] -- Up-to-date: /mnt/c/Users/Administrator/Documents/Mechanical/Humaniod/install/human_urdf/share/human_urdf/cmake/human_urdfConfig.cmake
[4.574s] -- Up-to-date: /mnt/c/Users/Administrator/Documents/Mechanical/Humaniod/install/human_urdf/share/human_urdf/cmake/human_urdfConfig-version.cmake
[4.612s] -- Up-to-date: /mnt/c/Users/Administrator/Documents/Mechanical/Humaniod/install/human_urdf/share/human_urdf/package.xml
[5.326s] Invoked command in '/mnt/c/Users/Administrator/Documents/Mechanical/Humaniod/build/human_urdf' returned '0': CMAKE_PREFIX_PATH=/opt/ros/humble /usr/bin/cmake --install /mnt/c/Users/Administrator/Documents/Mechanical/Humaniod/build/human_urdf
