[0.395s] DEBUG:colcon:Command line arguments: ['/usr/bin/colcon', 'build', '--symlink-install']
[0.396s] DEBUG:colcon:Parsed command line arguments: Namespace(log_base=None, log_level=None, verb_name='build', build_base='build', install_base='install', merge_install=False, symlink_install=True, test_result_base=None, continue_on_error=False, executor='parallel', parallel_workers=8, event_handlers=None, ignore_user_meta=False, metas=['./colcon.meta'], base_paths=['.'], packages_ignore=None, packages_ignore_regex=None, paths=None, packages_up_to=None, packages_up_to_regex=None, packages_above=None, packages_above_and_dependencies=None, packages_above_depth=None, packages_select_by_dep=None, packages_skip_by_dep=None, packages_skip_up_to=None, packages_select_build_failed=False, packages_skip_build_finished=False, packages_select_test_failures=False, packages_skip_test_passed=False, packages_select=None, packages_skip=None, packages_select_regex=None, packages_skip_regex=None, packages_start=None, packages_end=None, allow_overriding=[], cmake_args=None, cmake_target=None, cmake_target_skip_unavailable=False, cmake_clean_cache=False, cmake_clean_first=False, cmake_force_configure=False, ament_cmake_args=None, catkin_cmake_args=None, catkin_skip_building_tests=False, mixin_files=None, mixin=None, verb_parser=<colcon_mixin.mixin.mixin_argument.MixinArgumentDecorator object at 0x7a5c623948e0>, verb_extension=<colcon_core.verb.build.BuildVerb object at 0x7a5c62394310>, main=<bound method BuildVerb.main of <colcon_core.verb.build.BuildVerb object at 0x7a5c62394310>>, mixin_verb=('build',))
[0.465s] Level 1:colcon.colcon_core.package_discovery:discover_packages(colcon_meta) check parameters
[0.467s] Level 1:colcon.colcon_core.package_discovery:discover_packages(recursive) check parameters
[0.468s] Level 1:colcon.colcon_core.package_discovery:discover_packages(ignore) check parameters
[0.469s] Level 1:colcon.colcon_core.package_discovery:discover_packages(path) check parameters
[0.470s] Level 1:colcon.colcon_core.package_discovery:discover_packages(colcon_meta) discover
[0.471s] Level 1:colcon.colcon_core.package_discovery:discover_packages(recursive) discover
[0.472s] INFO:colcon.colcon_core.package_discovery:Crawling recursively for packages in '/mnt/c/Users/Administrator/Documents/Mechanical/Humaniod'
[0.476s] Level 1:colcon.colcon_core.package_identification:_identify(.) by extensions ['ignore', 'ignore_ament_install']
[0.478s] Level 1:colcon.colcon_core.package_identification:_identify(.) by extension 'ignore'
[0.479s] Level 1:colcon.colcon_core.package_identification:_identify(.) by extension 'ignore_ament_install'
[0.480s] Level 1:colcon.colcon_core.package_identification:_identify(.) by extensions ['colcon_pkg']
[0.481s] Level 1:colcon.colcon_core.package_identification:_identify(.) by extension 'colcon_pkg'
[0.482s] Level 1:colcon.colcon_core.package_identification:_identify(.) by extensions ['colcon_meta']
[0.482s] Level 1:colcon.colcon_core.package_identification:_identify(.) by extension 'colcon_meta'
[0.483s] Level 1:colcon.colcon_core.package_identification:_identify(.) by extensions ['ros']
[0.484s] Level 1:colcon.colcon_core.package_identification:_identify(.) by extension 'ros'
[0.511s] Level 1:colcon.colcon_core.package_identification:_identify(.) by extensions ['cmake', 'python']
[0.513s] Level 1:colcon.colcon_core.package_identification:_identify(.) by extension 'cmake'
[0.514s] Level 1:colcon.colcon_core.package_identification:_identify(.) by extension 'python'
[0.516s] Level 1:colcon.colcon_core.package_identification:_identify(.) by extensions ['python_setup_py']
[0.519s] Level 1:colcon.colcon_core.package_identification:_identify(.) by extension 'python_setup_py'
[0.527s] Level 1:colcon.colcon_core.package_identification:_identify(build) by extensions ['ignore', 'ignore_ament_install']
[0.528s] Level 1:colcon.colcon_core.package_identification:_identify(build) by extension 'ignore'
[0.531s] Level 1:colcon.colcon_core.package_identification:_identify(build) ignored
[0.540s] Level 1:colcon.colcon_core.package_identification:_identify(install) by extensions ['ignore', 'ignore_ament_install']
[0.542s] Level 1:colcon.colcon_core.package_identification:_identify(install) by extension 'ignore'
[0.545s] Level 1:colcon.colcon_core.package_identification:_identify(install) ignored
[0.556s] Level 1:colcon.colcon_core.package_identification:_identify(log) by extensions ['ignore', 'ignore_ament_install']
[0.556s] Level 1:colcon.colcon_core.package_identification:_identify(log) by extension 'ignore'
[0.558s] Level 1:colcon.colcon_core.package_identification:_identify(log) ignored
[0.561s] Level 1:colcon.colcon_core.package_identification:_identify(src) by extensions ['ignore', 'ignore_ament_install']
[0.563s] Level 1:colcon.colcon_core.package_identification:_identify(src) by extension 'ignore'
[0.565s] Level 1:colcon.colcon_core.package_identification:_identify(src) by extension 'ignore_ament_install'
[0.568s] Level 1:colcon.colcon_core.package_identification:_identify(src) by extensions ['colcon_pkg']
[0.569s] Level 1:colcon.colcon_core.package_identification:_identify(src) by extension 'colcon_pkg'
[0.570s] Level 1:colcon.colcon_core.package_identification:_identify(src) by extensions ['colcon_meta']
[0.571s] Level 1:colcon.colcon_core.package_identification:_identify(src) by extension 'colcon_meta'
[0.573s] Level 1:colcon.colcon_core.package_identification:_identify(src) by extensions ['ros']
[0.573s] Level 1:colcon.colcon_core.package_identification:_identify(src) by extension 'ros'
[0.577s] Level 1:colcon.colcon_core.package_identification:_identify(src) by extensions ['cmake', 'python']
[0.577s] Level 1:colcon.colcon_core.package_identification:_identify(src) by extension 'cmake'
[0.579s] Level 1:colcon.colcon_core.package_identification:_identify(src) by extension 'python'
[0.581s] Level 1:colcon.colcon_core.package_identification:_identify(src) by extensions ['python_setup_py']
[0.582s] Level 1:colcon.colcon_core.package_identification:_identify(src) by extension 'python_setup_py'
[0.588s] Level 1:colcon.colcon_core.package_identification:_identify(src/files) by extensions ['ignore', 'ignore_ament_install']
[0.589s] Level 1:colcon.colcon_core.package_identification:_identify(src/files) by extension 'ignore'
[0.590s] Level 1:colcon.colcon_core.package_identification:_identify(src/files) by extension 'ignore_ament_install'
[0.593s] Level 1:colcon.colcon_core.package_identification:_identify(src/files) by extensions ['colcon_pkg']
[0.593s] Level 1:colcon.colcon_core.package_identification:_identify(src/files) by extension 'colcon_pkg'
[0.596s] Level 1:colcon.colcon_core.package_identification:_identify(src/files) by extensions ['colcon_meta']
[0.597s] Level 1:colcon.colcon_core.package_identification:_identify(src/files) by extension 'colcon_meta'
[0.600s] Level 1:colcon.colcon_core.package_identification:_identify(src/files) by extensions ['ros']
[0.600s] Level 1:colcon.colcon_core.package_identification:_identify(src/files) by extension 'ros'
[0.605s] Level 1:colcon.colcon_core.package_identification:_identify(src/files) by extensions ['cmake', 'python']
[0.606s] Level 1:colcon.colcon_core.package_identification:_identify(src/files) by extension 'cmake'
[0.607s] Level 1:colcon.colcon_core.package_identification:_identify(src/files) by extension 'python'
[0.609s] Level 1:colcon.colcon_core.package_identification:_identify(src/files) by extensions ['python_setup_py']
[0.610s] Level 1:colcon.colcon_core.package_identification:_identify(src/files) by extension 'python_setup_py'
[0.616s] Level 1:colcon.colcon_core.package_identification:_identify(src/human_controller) by extensions ['ignore', 'ignore_ament_install']
[0.617s] Level 1:colcon.colcon_core.package_identification:_identify(src/human_controller) by extension 'ignore'
[0.618s] Level 1:colcon.colcon_core.package_identification:_identify(src/human_controller) by extension 'ignore_ament_install'
[0.621s] Level 1:colcon.colcon_core.package_identification:_identify(src/human_controller) by extensions ['colcon_pkg']
[0.622s] Level 1:colcon.colcon_core.package_identification:_identify(src/human_controller) by extension 'colcon_pkg'
[0.623s] Level 1:colcon.colcon_core.package_identification:_identify(src/human_controller) by extensions ['colcon_meta']
[0.624s] Level 1:colcon.colcon_core.package_identification:_identify(src/human_controller) by extension 'colcon_meta'
[0.628s] Level 1:colcon.colcon_core.package_identification:_identify(src/human_controller) by extensions ['ros']
[0.629s] Level 1:colcon.colcon_core.package_identification:_identify(src/human_controller) by extension 'ros'
[0.646s] DEBUG:colcon.colcon_core.package_identification:Package 'src/human_controller' with type 'ros.ament_cmake' and name 'human_controller'
[0.651s] Level 1:colcon.colcon_core.package_identification:_identify(src/human_urdf) by extensions ['ignore', 'ignore_ament_install']
[0.651s] Level 1:colcon.colcon_core.package_identification:_identify(src/human_urdf) by extension 'ignore'
[0.653s] Level 1:colcon.colcon_core.package_identification:_identify(src/human_urdf) by extension 'ignore_ament_install'
[0.656s] Level 1:colcon.colcon_core.package_identification:_identify(src/human_urdf) by extensions ['colcon_pkg']
[0.657s] Level 1:colcon.colcon_core.package_identification:_identify(src/human_urdf) by extension 'colcon_pkg'
[0.659s] Level 1:colcon.colcon_core.package_identification:_identify(src/human_urdf) by extensions ['colcon_meta']
[0.659s] Level 1:colcon.colcon_core.package_identification:_identify(src/human_urdf) by extension 'colcon_meta'
[0.662s] Level 1:colcon.colcon_core.package_identification:_identify(src/human_urdf) by extensions ['ros']
[0.663s] Level 1:colcon.colcon_core.package_identification:_identify(src/human_urdf) by extension 'ros'
[0.677s] DEBUG:colcon.colcon_core.package_identification:Package 'src/human_urdf' with type 'ros.ament_cmake' and name 'human_urdf'
[0.677s] Level 1:colcon.colcon_core.package_discovery:discover_packages(recursive) using defaults
[0.678s] Level 1:colcon.colcon_core.package_discovery:discover_packages(ignore) discover
[0.678s] Level 1:colcon.colcon_core.package_discovery:discover_packages(ignore) using defaults
[0.679s] Level 1:colcon.colcon_core.package_discovery:discover_packages(path) discover
[0.680s] Level 1:colcon.colcon_core.package_discovery:discover_packages(path) using defaults
[0.715s] Level 1:colcon.colcon_core.package_discovery:discover_packages(prefix_path) check parameters
[0.717s] Level 1:colcon.colcon_core.package_discovery:discover_packages(prefix_path) discover
[0.767s] DEBUG:colcon.colcon_installed_package_information.package_discovery:Found 2 installed packages in /mnt/c/Users/Administrator/Documents/Mechanical/Humaniod/install
[0.770s] DEBUG:colcon.colcon_installed_package_information.package_discovery:Found 489 installed packages in /opt/ros/humble
[0.773s] Level 1:colcon.colcon_core.package_discovery:discover_packages(prefix_path) using defaults
[0.909s] Level 5:colcon.colcon_core.verb:set package 'human_controller' build argument 'cmake_args' from command line to 'None'
[0.909s] Level 5:colcon.colcon_core.verb:set package 'human_controller' build argument 'cmake_target' from command line to 'None'
[0.910s] Level 5:colcon.colcon_core.verb:set package 'human_controller' build argument 'cmake_target_skip_unavailable' from command line to 'False'
[0.910s] Level 5:colcon.colcon_core.verb:set package 'human_controller' build argument 'cmake_clean_cache' from command line to 'False'
[0.911s] Level 5:colcon.colcon_core.verb:set package 'human_controller' build argument 'cmake_clean_first' from command line to 'False'
[0.911s] Level 5:colcon.colcon_core.verb:set package 'human_controller' build argument 'cmake_force_configure' from command line to 'False'
[0.912s] Level 5:colcon.colcon_core.verb:set package 'human_controller' build argument 'ament_cmake_args' from command line to 'None'
[0.912s] Level 5:colcon.colcon_core.verb:set package 'human_controller' build argument 'catkin_cmake_args' from command line to 'None'
[0.913s] Level 5:colcon.colcon_core.verb:set package 'human_controller' build argument 'catkin_skip_building_tests' from command line to 'False'
[0.914s] DEBUG:colcon.colcon_core.verb:Building package 'human_controller' with the following arguments: {'ament_cmake_args': None, 'build_base': '/mnt/c/Users/Administrator/Documents/Mechanical/Humaniod/build/human_controller', 'catkin_cmake_args': None, 'catkin_skip_building_tests': False, 'cmake_args': None, 'cmake_clean_cache': False, 'cmake_clean_first': False, 'cmake_force_configure': False, 'cmake_target': None, 'cmake_target_skip_unavailable': False, 'install_base': '/mnt/c/Users/Administrator/Documents/Mechanical/Humaniod/install/human_controller', 'merge_install': False, 'path': '/mnt/c/Users/Administrator/Documents/Mechanical/Humaniod/src/human_controller', 'symlink_install': True, 'test_result_base': None}
[0.915s] Level 5:colcon.colcon_core.verb:set package 'human_urdf' build argument 'cmake_args' from command line to 'None'
[0.915s] Level 5:colcon.colcon_core.verb:set package 'human_urdf' build argument 'cmake_target' from command line to 'None'
[0.916s] Level 5:colcon.colcon_core.verb:set package 'human_urdf' build argument 'cmake_target_skip_unavailable' from command line to 'False'
[0.917s] Level 5:colcon.colcon_core.verb:set package 'human_urdf' build argument 'cmake_clean_cache' from command line to 'False'
[0.917s] Level 5:colcon.colcon_core.verb:set package 'human_urdf' build argument 'cmake_clean_first' from command line to 'False'
[0.918s] Level 5:colcon.colcon_core.verb:set package 'human_urdf' build argument 'cmake_force_configure' from command line to 'False'
[0.918s] Level 5:colcon.colcon_core.verb:set package 'human_urdf' build argument 'ament_cmake_args' from command line to 'None'
[0.919s] Level 5:colcon.colcon_core.verb:set package 'human_urdf' build argument 'catkin_cmake_args' from command line to 'None'
[0.919s] Level 5:colcon.colcon_core.verb:set package 'human_urdf' build argument 'catkin_skip_building_tests' from command line to 'False'
[0.920s] DEBUG:colcon.colcon_core.verb:Building package 'human_urdf' with the following arguments: {'ament_cmake_args': None, 'build_base': '/mnt/c/Users/Administrator/Documents/Mechanical/Humaniod/build/human_urdf', 'catkin_cmake_args': None, 'catkin_skip_building_tests': False, 'cmake_args': None, 'cmake_clean_cache': False, 'cmake_clean_first': False, 'cmake_force_configure': False, 'cmake_target': None, 'cmake_target_skip_unavailable': False, 'install_base': '/mnt/c/Users/Administrator/Documents/Mechanical/Humaniod/install/human_urdf', 'merge_install': False, 'path': '/mnt/c/Users/Administrator/Documents/Mechanical/Humaniod/src/human_urdf', 'symlink_install': True, 'test_result_base': None}
[0.920s] INFO:colcon.colcon_core.executor:Executing jobs using 'parallel' executor
[0.923s] DEBUG:colcon.colcon_parallel_executor.executor.parallel:run_until_complete
[0.924s] INFO:colcon.colcon_ros.task.ament_cmake.build:Building ROS package in '/mnt/c/Users/Administrator/Documents/Mechanical/Humaniod/src/human_controller' with build type 'ament_cmake'
[0.925s] INFO:colcon.colcon_cmake.task.cmake.build:Building CMake package in '/mnt/c/Users/Administrator/Documents/Mechanical/Humaniod/src/human_controller'
[0.930s] INFO:colcon.colcon_core.plugin_system:Skipping extension 'colcon_core.shell.bat': Not used on non-Windows systems
[0.931s] INFO:colcon.colcon_core.shell:Skip shell extension 'powershell' for command environment: Not usable outside of PowerShell
[0.931s] DEBUG:colcon.colcon_core.shell:Skip shell extension 'dsv' for command environment
[1.015s] INFO:colcon.colcon_ros.task.ament_cmake.build:Building ROS package in '/mnt/c/Users/Administrator/Documents/Mechanical/Humaniod/src/human_urdf' with build type 'ament_cmake'
[1.016s] INFO:colcon.colcon_cmake.task.cmake.build:Building CMake package in '/mnt/c/Users/Administrator/Documents/Mechanical/Humaniod/src/human_urdf'
[1.018s] INFO:colcon.colcon_core.shell:Skip shell extension 'powershell' for command environment: Not usable outside of PowerShell
[1.018s] DEBUG:colcon.colcon_core.shell:Skip shell extension 'dsv' for command environment
[1.191s] DEBUG:colcon.colcon_core.event_handler.log_command:Invoking command in '/mnt/c/Users/Administrator/Documents/Mechanical/Humaniod/build/human_controller': CMAKE_PREFIX_PATH=${CMAKE_PREFIX_PATH}:/opt/ros/humble /usr/bin/cmake --build /mnt/c/Users/Administrator/Documents/Mechanical/Humaniod/build/human_controller -- -j8 -l8
[1.245s] DEBUG:colcon.colcon_core.event_handler.log_command:Invoking command in '/mnt/c/Users/Administrator/Documents/Mechanical/Humaniod/build/human_urdf': CMAKE_PREFIX_PATH=${CMAKE_PREFIX_PATH}:/opt/ros/humble /usr/bin/cmake --build /mnt/c/Users/Administrator/Documents/Mechanical/Humaniod/build/human_urdf -- -j8 -l8
[1.611s] DEBUG:colcon.colcon_core.event_handler.log_command:Invoked command in '/mnt/c/Users/Administrator/Documents/Mechanical/Humaniod/build/human_controller' returned '0': CMAKE_PREFIX_PATH=${CMAKE_PREFIX_PATH}:/opt/ros/humble /usr/bin/cmake --build /mnt/c/Users/Administrator/Documents/Mechanical/Humaniod/build/human_controller -- -j8 -l8
[1.678s] DEBUG:colcon.colcon_core.event_handler.log_command:Invoking command in '/mnt/c/Users/Administrator/Documents/Mechanical/Humaniod/build/human_controller': CMAKE_PREFIX_PATH=${CMAKE_PREFIX_PATH}:/opt/ros/humble /usr/bin/cmake --install /mnt/c/Users/Administrator/Documents/Mechanical/Humaniod/build/human_controller
[1.684s] DEBUG:colcon.colcon_core.event_handler.log_command:Invoked command in '/mnt/c/Users/Administrator/Documents/Mechanical/Humaniod/build/human_urdf' returned '0': CMAKE_PREFIX_PATH=${CMAKE_PREFIX_PATH}:/opt/ros/humble /usr/bin/cmake --build /mnt/c/Users/Administrator/Documents/Mechanical/Humaniod/build/human_urdf -- -j8 -l8
[1.726s] DEBUG:colcon.colcon_core.event_handler.log_command:Invoking command in '/mnt/c/Users/Administrator/Documents/Mechanical/Humaniod/build/human_urdf': CMAKE_PREFIX_PATH=${CMAKE_PREFIX_PATH}:/opt/ros/humble /usr/bin/cmake --install /mnt/c/Users/Administrator/Documents/Mechanical/Humaniod/build/human_urdf
[2.620s] Level 1:colcon.colcon_core.environment:create_environment_scripts_only(human_controller)
[2.624s] DEBUG:colcon.colcon_core.event_handler.log_command:Invoked command in '/mnt/c/Users/Administrator/Documents/Mechanical/Humaniod/build/human_controller' returned '0': CMAKE_PREFIX_PATH=${CMAKE_PREFIX_PATH}:/opt/ros/humble /usr/bin/cmake --install /mnt/c/Users/Administrator/Documents/Mechanical/Humaniod/build/human_controller
[2.629s] Level 1:colcon.colcon_core.environment:checking '/mnt/c/Users/Administrator/Documents/Mechanical/Humaniod/install/human_controller' for CMake module files
[2.746s] Level 1:colcon.colcon_core.environment:checking '/mnt/c/Users/Administrator/Documents/Mechanical/Humaniod/install/human_controller' for CMake config files
[2.848s] Level 1:colcon.colcon_core.shell:create_environment_hook('human_controller', 'cmake_prefix_path')
[2.849s] INFO:colcon.colcon_core.shell:Creating environment hook '/mnt/c/Users/Administrator/Documents/Mechanical/Humaniod/install/human_controller/share/human_controller/hook/cmake_prefix_path.ps1'
[2.866s] INFO:colcon.colcon_core.shell:Creating environment descriptor '/mnt/c/Users/Administrator/Documents/Mechanical/Humaniod/install/human_controller/share/human_controller/hook/cmake_prefix_path.dsv'
[2.882s] INFO:colcon.colcon_core.shell:Creating environment hook '/mnt/c/Users/Administrator/Documents/Mechanical/Humaniod/install/human_controller/share/human_controller/hook/cmake_prefix_path.sh'
[2.902s] Level 1:colcon.colcon_core.environment:checking '/mnt/c/Users/Administrator/Documents/Mechanical/Humaniod/install/human_controller/bin'
[2.904s] Level 1:colcon.colcon_core.environment:checking '/mnt/c/Users/Administrator/Documents/Mechanical/Humaniod/install/human_controller/lib/pkgconfig/human_controller.pc'
[2.907s] Level 1:colcon.colcon_core.environment:checking '/mnt/c/Users/Administrator/Documents/Mechanical/Humaniod/install/human_controller/lib/python3.10/site-packages'
[2.910s] Level 1:colcon.colcon_core.environment:checking '/mnt/c/Users/Administrator/Documents/Mechanical/Humaniod/install/human_controller/bin'
[2.912s] INFO:colcon.colcon_core.shell:Creating package script '/mnt/c/Users/Administrator/Documents/Mechanical/Humaniod/install/human_controller/share/human_controller/package.ps1'
[2.929s] INFO:colcon.colcon_core.shell:Creating package descriptor '/mnt/c/Users/Administrator/Documents/Mechanical/Humaniod/install/human_controller/share/human_controller/package.dsv'
[2.945s] INFO:colcon.colcon_core.shell:Creating package script '/mnt/c/Users/Administrator/Documents/Mechanical/Humaniod/install/human_controller/share/human_controller/package.sh'
[2.959s] INFO:colcon.colcon_core.shell:Creating package script '/mnt/c/Users/Administrator/Documents/Mechanical/Humaniod/install/human_controller/share/human_controller/package.bash'
[2.974s] INFO:colcon.colcon_core.shell:Creating package script '/mnt/c/Users/Administrator/Documents/Mechanical/Humaniod/install/human_controller/share/human_controller/package.zsh'
[2.992s] Level 1:colcon.colcon_core.environment:create_file_with_runtime_dependencies(/mnt/c/Users/Administrator/Documents/Mechanical/Humaniod/install/human_controller/share/colcon-core/packages/human_controller)
[3.021s] Level 1:colcon.colcon_core.environment:create_environment_scripts_only(human_controller)
[3.023s] Level 1:colcon.colcon_core.environment:checking '/mnt/c/Users/Administrator/Documents/Mechanical/Humaniod/install/human_controller' for CMake module files
[3.150s] Level 1:colcon.colcon_core.environment:checking '/mnt/c/Users/Administrator/Documents/Mechanical/Humaniod/install/human_controller' for CMake config files
[3.285s] Level 1:colcon.colcon_core.shell:create_environment_hook('human_controller', 'cmake_prefix_path')
[3.286s] INFO:colcon.colcon_core.shell:Creating environment hook '/mnt/c/Users/Administrator/Documents/Mechanical/Humaniod/install/human_controller/share/human_controller/hook/cmake_prefix_path.ps1'
[3.308s] INFO:colcon.colcon_core.shell:Creating environment descriptor '/mnt/c/Users/Administrator/Documents/Mechanical/Humaniod/install/human_controller/share/human_controller/hook/cmake_prefix_path.dsv'
[3.328s] INFO:colcon.colcon_core.shell:Creating environment hook '/mnt/c/Users/Administrator/Documents/Mechanical/Humaniod/install/human_controller/share/human_controller/hook/cmake_prefix_path.sh'
[3.354s] Level 1:colcon.colcon_core.environment:checking '/mnt/c/Users/Administrator/Documents/Mechanical/Humaniod/install/human_controller/bin'
[3.357s] Level 1:colcon.colcon_core.environment:checking '/mnt/c/Users/Administrator/Documents/Mechanical/Humaniod/install/human_controller/lib/pkgconfig/human_controller.pc'
[3.360s] Level 1:colcon.colcon_core.environment:checking '/mnt/c/Users/Administrator/Documents/Mechanical/Humaniod/install/human_controller/lib/python3.10/site-packages'
[3.363s] Level 1:colcon.colcon_core.environment:checking '/mnt/c/Users/Administrator/Documents/Mechanical/Humaniod/install/human_controller/bin'
[3.365s] INFO:colcon.colcon_core.shell:Creating package script '/mnt/c/Users/Administrator/Documents/Mechanical/Humaniod/install/human_controller/share/human_controller/package.ps1'
[3.379s] INFO:colcon.colcon_core.shell:Creating package descriptor '/mnt/c/Users/Administrator/Documents/Mechanical/Humaniod/install/human_controller/share/human_controller/package.dsv'
[3.397s] INFO:colcon.colcon_core.shell:Creating package script '/mnt/c/Users/Administrator/Documents/Mechanical/Humaniod/install/human_controller/share/human_controller/package.sh'
[3.414s] INFO:colcon.colcon_core.shell:Creating package script '/mnt/c/Users/Administrator/Documents/Mechanical/Humaniod/install/human_controller/share/human_controller/package.bash'
[3.431s] INFO:colcon.colcon_core.shell:Creating package script '/mnt/c/Users/Administrator/Documents/Mechanical/Humaniod/install/human_controller/share/human_controller/package.zsh'
[3.451s] Level 1:colcon.colcon_core.environment:create_file_with_runtime_dependencies(/mnt/c/Users/Administrator/Documents/Mechanical/Humaniod/install/human_controller/share/colcon-core/packages/human_controller)
[3.859s] Level 1:colcon.colcon_core.environment:create_environment_scripts_only(human_urdf)
[3.860s] Level 1:colcon.colcon_core.environment:checking '/mnt/c/Users/Administrator/Documents/Mechanical/Humaniod/install/human_urdf' for CMake module files
[3.864s] DEBUG:colcon.colcon_core.event_handler.log_command:Invoked command in '/mnt/c/Users/Administrator/Documents/Mechanical/Humaniod/build/human_urdf' returned '0': CMAKE_PREFIX_PATH=${CMAKE_PREFIX_PATH}:/opt/ros/humble /usr/bin/cmake --install /mnt/c/Users/Administrator/Documents/Mechanical/Humaniod/build/human_urdf
[3.994s] Level 1:colcon.colcon_core.environment:checking '/mnt/c/Users/Administrator/Documents/Mechanical/Humaniod/install/human_urdf' for CMake config files
[4.115s] Level 1:colcon.colcon_core.shell:create_environment_hook('human_urdf', 'cmake_prefix_path')
[4.117s] INFO:colcon.colcon_core.shell:Creating environment hook '/mnt/c/Users/Administrator/Documents/Mechanical/Humaniod/install/human_urdf/share/human_urdf/hook/cmake_prefix_path.ps1'
[4.133s] INFO:colcon.colcon_core.shell:Creating environment descriptor '/mnt/c/Users/Administrator/Documents/Mechanical/Humaniod/install/human_urdf/share/human_urdf/hook/cmake_prefix_path.dsv'
[4.220s] INFO:colcon.colcon_core.shell:Creating environment hook '/mnt/c/Users/Administrator/Documents/Mechanical/Humaniod/install/human_urdf/share/human_urdf/hook/cmake_prefix_path.sh'
[4.255s] Level 1:colcon.colcon_core.environment:checking '/mnt/c/Users/Administrator/Documents/Mechanical/Humaniod/install/human_urdf/lib'
[4.259s] Level 1:colcon.colcon_core.environment:checking '/mnt/c/Users/Administrator/Documents/Mechanical/Humaniod/install/human_urdf/bin'
[4.261s] Level 1:colcon.colcon_core.environment:checking '/mnt/c/Users/Administrator/Documents/Mechanical/Humaniod/install/human_urdf/lib/pkgconfig/human_urdf.pc'
[4.267s] Level 1:colcon.colcon_core.environment:checking '/mnt/c/Users/Administrator/Documents/Mechanical/Humaniod/install/human_urdf/lib/python3.10/site-packages'
[4.270s] Level 1:colcon.colcon_core.environment:checking '/mnt/c/Users/Administrator/Documents/Mechanical/Humaniod/install/human_urdf/bin'
[4.272s] INFO:colcon.colcon_core.shell:Creating package script '/mnt/c/Users/Administrator/Documents/Mechanical/Humaniod/install/human_urdf/share/human_urdf/package.ps1'
[4.286s] INFO:colcon.colcon_core.shell:Creating package descriptor '/mnt/c/Users/Administrator/Documents/Mechanical/Humaniod/install/human_urdf/share/human_urdf/package.dsv'
[4.303s] INFO:colcon.colcon_core.shell:Creating package script '/mnt/c/Users/Administrator/Documents/Mechanical/Humaniod/install/human_urdf/share/human_urdf/package.sh'
[4.317s] INFO:colcon.colcon_core.shell:Creating package script '/mnt/c/Users/Administrator/Documents/Mechanical/Humaniod/install/human_urdf/share/human_urdf/package.bash'
[4.334s] INFO:colcon.colcon_core.shell:Creating package script '/mnt/c/Users/Administrator/Documents/Mechanical/Humaniod/install/human_urdf/share/human_urdf/package.zsh'
[4.352s] Level 1:colcon.colcon_core.environment:create_file_with_runtime_dependencies(/mnt/c/Users/Administrator/Documents/Mechanical/Humaniod/install/human_urdf/share/colcon-core/packages/human_urdf)
[4.381s] Level 1:colcon.colcon_core.environment:create_environment_scripts_only(human_urdf)
[4.382s] Level 1:colcon.colcon_core.environment:checking '/mnt/c/Users/Administrator/Documents/Mechanical/Humaniod/install/human_urdf' for CMake module files
[4.517s] Level 1:colcon.colcon_core.environment:checking '/mnt/c/Users/Administrator/Documents/Mechanical/Humaniod/install/human_urdf' for CMake config files
[4.638s] Level 1:colcon.colcon_core.shell:create_environment_hook('human_urdf', 'cmake_prefix_path')
[4.639s] INFO:colcon.colcon_core.shell:Creating environment hook '/mnt/c/Users/Administrator/Documents/Mechanical/Humaniod/install/human_urdf/share/human_urdf/hook/cmake_prefix_path.ps1'
[4.659s] INFO:colcon.colcon_core.shell:Creating environment descriptor '/mnt/c/Users/Administrator/Documents/Mechanical/Humaniod/install/human_urdf/share/human_urdf/hook/cmake_prefix_path.dsv'
[4.680s] INFO:colcon.colcon_core.shell:Creating environment hook '/mnt/c/Users/Administrator/Documents/Mechanical/Humaniod/install/human_urdf/share/human_urdf/hook/cmake_prefix_path.sh'
[4.705s] Level 1:colcon.colcon_core.environment:checking '/mnt/c/Users/Administrator/Documents/Mechanical/Humaniod/install/human_urdf/lib'
[4.711s] Level 1:colcon.colcon_core.environment:checking '/mnt/c/Users/Administrator/Documents/Mechanical/Humaniod/install/human_urdf/bin'
[4.713s] Level 1:colcon.colcon_core.environment:checking '/mnt/c/Users/Administrator/Documents/Mechanical/Humaniod/install/human_urdf/lib/pkgconfig/human_urdf.pc'
[4.714s] Level 1:colcon.colcon_core.environment:checking '/mnt/c/Users/Administrator/Documents/Mechanical/Humaniod/install/human_urdf/lib/python3.10/site-packages'
[4.718s] Level 1:colcon.colcon_core.environment:checking '/mnt/c/Users/Administrator/Documents/Mechanical/Humaniod/install/human_urdf/bin'
[4.720s] INFO:colcon.colcon_core.shell:Creating package script '/mnt/c/Users/Administrator/Documents/Mechanical/Humaniod/install/human_urdf/share/human_urdf/package.ps1'
[4.734s] INFO:colcon.colcon_core.shell:Creating package descriptor '/mnt/c/Users/Administrator/Documents/Mechanical/Humaniod/install/human_urdf/share/human_urdf/package.dsv'
[4.750s] INFO:colcon.colcon_core.shell:Creating package script '/mnt/c/Users/Administrator/Documents/Mechanical/Humaniod/install/human_urdf/share/human_urdf/package.sh'
[4.764s] INFO:colcon.colcon_core.shell:Creating package script '/mnt/c/Users/Administrator/Documents/Mechanical/Humaniod/install/human_urdf/share/human_urdf/package.bash'
[4.778s] INFO:colcon.colcon_core.shell:Creating package script '/mnt/c/Users/Administrator/Documents/Mechanical/Humaniod/install/human_urdf/share/human_urdf/package.zsh'
[4.793s] Level 1:colcon.colcon_core.environment:create_file_with_runtime_dependencies(/mnt/c/Users/Administrator/Documents/Mechanical/Humaniod/install/human_urdf/share/colcon-core/packages/human_urdf)
[4.805s] DEBUG:colcon.colcon_parallel_executor.executor.parallel:closing loop
[4.807s] DEBUG:colcon.colcon_parallel_executor.executor.parallel:loop closed
[4.808s] DEBUG:colcon.colcon_parallel_executor.executor.parallel:run_until_complete finished with '0'
[4.809s] DEBUG:colcon.colcon_core.event_reactor:joining thread
[4.918s] INFO:colcon.colcon_core.plugin_system:Skipping extension 'colcon_notification.desktop_notification.notify_send': Could not find 'notify-send'
[4.919s] INFO:colcon.colcon_core.plugin_system:Skipping extension 'colcon_notification.desktop_notification.terminal_notifier': Not used on non-Darwin systems
[4.919s] INFO:colcon.colcon_core.plugin_system:Skipping extension 'colcon_notification.desktop_notification.win32': Not used on non-Windows systems
[4.920s] INFO:colcon.colcon_notification.desktop_notification:Sending desktop notification using 'notify2'
[4.922s] DEBUG:colcon.colcon_notification.desktop_notification.notify2:Failed to initialize notify2: org.freedesktop.DBus.Error.ServiceUnknown: The name org.freedesktop.Notifications was not provided by any .service files
[4.924s] DEBUG:colcon.colcon_core.event_reactor:joined thread
[4.925s] INFO:colcon.colcon_core.shell:Creating prefix script '/mnt/c/Users/Administrator/Documents/Mechanical/Humaniod/install/local_setup.ps1'
[4.936s] INFO:colcon.colcon_core.shell:Creating prefix util module '/mnt/c/Users/Administrator/Documents/Mechanical/Humaniod/install/_local_setup_util_ps1.py'
[4.944s] INFO:colcon.colcon_core.shell:Creating prefix chain script '/mnt/c/Users/Administrator/Documents/Mechanical/Humaniod/install/setup.ps1'
[4.979s] INFO:colcon.colcon_core.shell:Creating prefix script '/mnt/c/Users/Administrator/Documents/Mechanical/Humaniod/install/local_setup.sh'
[4.986s] INFO:colcon.colcon_core.shell:Creating prefix util module '/mnt/c/Users/Administrator/Documents/Mechanical/Humaniod/install/_local_setup_util_sh.py'
[4.992s] INFO:colcon.colcon_core.shell:Creating prefix chain script '/mnt/c/Users/Administrator/Documents/Mechanical/Humaniod/install/setup.sh'
[5.019s] INFO:colcon.colcon_core.shell:Creating prefix script '/mnt/c/Users/Administrator/Documents/Mechanical/Humaniod/install/local_setup.bash'
[5.024s] INFO:colcon.colcon_core.shell:Creating prefix chain script '/mnt/c/Users/Administrator/Documents/Mechanical/Humaniod/install/setup.bash'
[5.048s] INFO:colcon.colcon_core.shell:Creating prefix script '/mnt/c/Users/Administrator/Documents/Mechanical/Humaniod/install/local_setup.zsh'
[5.055s] INFO:colcon.colcon_core.shell:Creating prefix chain script '/mnt/c/Users/Administrator/Documents/Mechanical/Humaniod/install/setup.zsh'
