[0.263s] Invoking command in '/mnt/c/Users/Administrator/Documents/Mechanical/Humaniod/build/human_urdf': CMAKE_PREFIX_PATH=/opt/ros/humble /usr/bin/cmake --build /mnt/c/Users/Administrator/Documents/Mechanical/Humaniod/build/human_urdf -- -j8 -l8
[0.608s] Invoked command in '/mnt/c/Users/Administrator/Documents/Mechanical/Humaniod/build/human_urdf' returned '0': CMAKE_PREFIX_PATH=/opt/ros/humble /usr/bin/cmake --build /mnt/c/Users/Administrator/Documents/Mechanical/Humaniod/build/human_urdf -- -j8 -l8
[0.660s] Invoking command in '/mnt/c/Users/Administrator/Documents/Mechanical/Humaniod/build/human_urdf': CMAKE_PREFIX_PATH=/opt/ros/humble /usr/bin/cmake --install /mnt/c/Users/Administrator/Documents/Mechanical/Humaniod/build/human_urdf
[0.693s] -- Install configuration: ""
[0.742s] -- Execute custom install script
[0.784s] -- Up-to-date symlink: /mnt/c/Users/Administrator/Documents/Mechanical/Humaniod/install/human_urdf/lib/human_urdf/walk2.py
[0.816s] -- Up-to-date symlink: /mnt/c/Users/Administrator/Documents/Mechanical/Humaniod/install/human_urdf/lib/human_urdf/walk.py
[0.878s] -- Up-to-date symlink: /mnt/c/Users/Administrator/Documents/Mechanical/Humaniod/install/human_urdf/share/human_urdf/config/joint_names_human_urdf.yaml
[0.938s] -- Up-to-date symlink: /mnt/c/Users/Administrator/Documents/Mechanical/Humaniod/install/human_urdf/share/human_urdf/launch/display.launch
[0.974s] -- Up-to-date symlink: /mnt/c/Users/Administrator/Documents/Mechanical/Humaniod/install/human_urdf/share/human_urdf/launch/display.launch.py
[1.015s] -- Up-to-date symlink: /mnt/c/Users/Administrator/Documents/Mechanical/Humaniod/install/human_urdf/share/human_urdf/launch/gazebo.launch.py
[1.152s] -- Up-to-date symlink: /mnt/c/Users/Administrator/Documents/Mechanical/Humaniod/install/human_urdf/share/human_urdf/meshes/GripL1_link.STL
[1.190s] -- Up-to-date symlink: /mnt/c/Users/Administrator/Documents/Mechanical/Humaniod/install/human_urdf/share/human_urdf/meshes/GripL2_link.STL
[1.222s] -- Up-to-date symlink: /mnt/c/Users/Administrator/Documents/Mechanical/Humaniod/install/human_urdf/share/human_urdf/meshes/GripR1_link.STL
[1.258s] -- Up-to-date symlink: /mnt/c/Users/Administrator/Documents/Mechanical/Humaniod/install/human_urdf/share/human_urdf/meshes/GripR2_link.STL
[1.290s] -- Up-to-date symlink: /mnt/c/Users/Administrator/Documents/Mechanical/Humaniod/install/human_urdf/share/human_urdf/meshes/base_link.STL
[1.327s] -- Up-to-date symlink: /mnt/c/Users/Administrator/Documents/Mechanical/Humaniod/install/human_urdf/share/human_urdf/meshes/elbowL_link.STL
[1.366s] -- Up-to-date symlink: /mnt/c/Users/Administrator/Documents/Mechanical/Humaniod/install/human_urdf/share/human_urdf/meshes/elbowR_link.STL
[1.406s] -- Up-to-date symlink: /mnt/c/Users/Administrator/Documents/Mechanical/Humaniod/install/human_urdf/share/human_urdf/meshes/kneeL_link.STL
[1.435s] -- Up-to-date symlink: /mnt/c/Users/Administrator/Documents/Mechanical/Humaniod/install/human_urdf/share/human_urdf/meshes/kneeR_link.STL
[1.467s] -- Up-to-date symlink: /mnt/c/Users/Administrator/Documents/Mechanical/Humaniod/install/human_urdf/share/human_urdf/meshes/neck_link.STL
[1.496s] -- Up-to-date symlink: /mnt/c/Users/Administrator/Documents/Mechanical/Humaniod/install/human_urdf/share/human_urdf/meshes/shoulderL_link.STL
[1.530s] -- Up-to-date symlink: /mnt/c/Users/Administrator/Documents/Mechanical/Humaniod/install/human_urdf/share/human_urdf/meshes/shoulderR_link.STL
[1.572s] -- Up-to-date symlink: /mnt/c/Users/Administrator/Documents/Mechanical/Humaniod/install/human_urdf/share/human_urdf/meshes/waistL_link.STL
[1.590s] -- Up-to-date symlink: /mnt/c/Users/Administrator/Documents/Mechanical/Humaniod/install/human_urdf/share/human_urdf/meshes/waistR_link.STL
[1.653s] -- Up-to-date symlink: /mnt/c/Users/Administrator/Documents/Mechanical/Humaniod/install/human_urdf/share/human_urdf/urdf/human_gazebo.xacro
[1.681s] -- Up-to-date symlink: /mnt/c/Users/Administrator/Documents/Mechanical/Humaniod/install/human_urdf/share/human_urdf/urdf/human_ros2_control.xacro
[1.711s] -- Up-to-date symlink: /mnt/c/Users/Administrator/Documents/Mechanical/Humaniod/install/human_urdf/share/human_urdf/urdf/human_urdf.csv
[1.751s] -- Up-to-date symlink: /mnt/c/Users/Administrator/Documents/Mechanical/Humaniod/install/human_urdf/share/human_urdf/urdf/human_urdf.urdf.xacro
[1.807s] -- Up-to-date symlink: /mnt/c/Users/Administrator/Documents/Mechanical/Humaniod/install/human_urdf/share/human_urdf/worlds/empty.sdf
[1.873s] -- Up-to-date symlink: /mnt/c/Users/Administrator/Documents/Mechanical/Humaniod/install/human_urdf/share/ament_index/resource_index/package_run_dependencies/human_urdf
[1.921s] -- Up-to-date symlink: /mnt/c/Users/Administrator/Documents/Mechanical/Humaniod/install/human_urdf/share/ament_index/resource_index/parent_prefix_path/human_urdf
[1.940s] -- Up-to-date symlink: /mnt/c/Users/Administrator/Documents/Mechanical/Humaniod/install/human_urdf/share/human_urdf/environment/ament_prefix_path.sh
[1.969s] -- Up-to-date symlink: /mnt/c/Users/Administrator/Documents/Mechanical/Humaniod/install/human_urdf/share/human_urdf/environment/ament_prefix_path.dsv
[1.988s] -- Up-to-date symlink: /mnt/c/Users/Administrator/Documents/Mechanical/Humaniod/install/human_urdf/share/human_urdf/environment/path.sh
[2.011s] -- Up-to-date symlink: /mnt/c/Users/Administrator/Documents/Mechanical/Humaniod/install/human_urdf/share/human_urdf/environment/path.dsv
[2.030s] -- Up-to-date symlink: /mnt/c/Users/Administrator/Documents/Mechanical/Humaniod/install/human_urdf/share/human_urdf/local_setup.bash
[2.051s] -- Up-to-date symlink: /mnt/c/Users/Administrator/Documents/Mechanical/Humaniod/install/human_urdf/share/human_urdf/local_setup.sh
[2.067s] -- Up-to-date symlink: /mnt/c/Users/Administrator/Documents/Mechanical/Humaniod/install/human_urdf/share/human_urdf/local_setup.zsh
[2.086s] -- Up-to-date symlink: /mnt/c/Users/Administrator/Documents/Mechanical/Humaniod/install/human_urdf/share/human_urdf/local_setup.dsv
[2.098s] -- Symlinking: /mnt/c/Users/Administrator/Documents/Mechanical/Humaniod/install/human_urdf/share/human_urdf/package.dsv
[2.202s] -- Up-to-date symlink: /mnt/c/Users/Administrator/Documents/Mechanical/Humaniod/install/human_urdf/share/ament_index/resource_index/packages/human_urdf
[2.247s] -- Up-to-date symlink: /mnt/c/Users/Administrator/Documents/Mechanical/Humaniod/install/human_urdf/share/human_urdf/cmake/human_urdfConfig.cmake
[2.278s] -- Up-to-date symlink: /mnt/c/Users/Administrator/Documents/Mechanical/Humaniod/install/human_urdf/share/human_urdf/cmake/human_urdfConfig-version.cmake
[2.306s] -- Up-to-date symlink: /mnt/c/Users/Administrator/Documents/Mechanical/Humaniod/install/human_urdf/share/human_urdf/package.xml
[2.314s] Invoked command in '/mnt/c/Users/Administrator/Documents/Mechanical/Humaniod/build/human_urdf' returned '0': CMAKE_PREFIX_PATH=/opt/ros/humble /usr/bin/cmake --install /mnt/c/Users/Administrator/Documents/Mechanical/Humaniod/build/human_urdf
