[0.465s] DEBUG:colcon:Command line arguments: ['/usr/bin/colcon', 'build']
[0.466s] DEBUG:colcon:Parsed command line arguments: Namespace(log_base=None, log_level=None, verb_name='build', build_base='build', install_base='install', merge_install=False, symlink_install=False, test_result_base=None, continue_on_error=False, executor='parallel', parallel_workers=8, event_handlers=None, ignore_user_meta=False, metas=['./colcon.meta'], base_paths=['.'], packages_ignore=None, packages_ignore_regex=None, paths=None, packages_up_to=None, packages_up_to_regex=None, packages_above=None, packages_above_and_dependencies=None, packages_above_depth=None, packages_select_by_dep=None, packages_skip_by_dep=None, packages_skip_up_to=None, packages_select_build_failed=False, packages_skip_build_finished=False, packages_select_test_failures=False, packages_skip_test_passed=False, packages_select=None, packages_skip=None, packages_select_regex=None, packages_skip_regex=None, packages_start=None, packages_end=None, allow_overriding=[], cmake_args=None, cmake_target=None, cmake_target_skip_unavailable=False, cmake_clean_cache=False, cmake_clean_first=False, cmake_force_configure=False, ament_cmake_args=None, catkin_cmake_args=None, catkin_skip_building_tests=False, mixin_files=None, mixin=None, verb_parser=<colcon_mixin.mixin.mixin_argument.MixinArgumentDecorator object at 0x70730f856aa0>, verb_extension=<colcon_core.verb.build.BuildVerb object at 0x70730f8564d0>, main=<bound method BuildVerb.main of <colcon_core.verb.build.BuildVerb object at 0x70730f8564d0>>, mixin_verb=('build',))
[0.957s] Level 1:colcon.colcon_core.package_discovery:discover_packages(colcon_meta) check parameters
[0.958s] Level 1:colcon.colcon_core.package_discovery:discover_packages(recursive) check parameters
[0.959s] Level 1:colcon.colcon_core.package_discovery:discover_packages(ignore) check parameters
[0.960s] Level 1:colcon.colcon_core.package_discovery:discover_packages(path) check parameters
[0.961s] Level 1:colcon.colcon_core.package_discovery:discover_packages(colcon_meta) discover
[0.961s] Level 1:colcon.colcon_core.package_discovery:discover_packages(recursive) discover
[0.962s] INFO:colcon.colcon_core.package_discovery:Crawling recursively for packages in '/mnt/c/Users/Administrator/Documents/Mechanical/Humaniod'
[0.964s] Level 1:colcon.colcon_core.package_identification:_identify(.) by extensions ['ignore', 'ignore_ament_install']
[0.966s] Level 1:colcon.colcon_core.package_identification:_identify(.) by extension 'ignore'
[0.968s] Level 1:colcon.colcon_core.package_identification:_identify(.) by extension 'ignore_ament_install'
[0.970s] Level 1:colcon.colcon_core.package_identification:_identify(.) by extensions ['colcon_pkg']
[0.971s] Level 1:colcon.colcon_core.package_identification:_identify(.) by extension 'colcon_pkg'
[0.972s] Level 1:colcon.colcon_core.package_identification:_identify(.) by extensions ['colcon_meta']
[0.972s] Level 1:colcon.colcon_core.package_identification:_identify(.) by extension 'colcon_meta'
[0.973s] Level 1:colcon.colcon_core.package_identification:_identify(.) by extensions ['ros']
[0.973s] Level 1:colcon.colcon_core.package_identification:_identify(.) by extension 'ros'
[1.000s] Level 1:colcon.colcon_core.package_identification:_identify(.) by extensions ['cmake', 'python']
[1.001s] Level 1:colcon.colcon_core.package_identification:_identify(.) by extension 'cmake'
[1.003s] Level 1:colcon.colcon_core.package_identification:_identify(.) by extension 'python'
[1.004s] Level 1:colcon.colcon_core.package_identification:_identify(.) by extensions ['python_setup_py']
[1.004s] Level 1:colcon.colcon_core.package_identification:_identify(.) by extension 'python_setup_py'
[1.008s] Level 1:colcon.colcon_core.package_identification:_identify(build) by extensions ['ignore', 'ignore_ament_install']
[1.008s] Level 1:colcon.colcon_core.package_identification:_identify(build) by extension 'ignore'
[1.010s] Level 1:colcon.colcon_core.package_identification:_identify(build) ignored
[1.014s] Level 1:colcon.colcon_core.package_identification:_identify(install) by extensions ['ignore', 'ignore_ament_install']
[1.015s] Level 1:colcon.colcon_core.package_identification:_identify(install) by extension 'ignore'
[1.017s] Level 1:colcon.colcon_core.package_identification:_identify(install) ignored
[1.024s] Level 1:colcon.colcon_core.package_identification:_identify(log) by extensions ['ignore', 'ignore_ament_install']
[1.025s] Level 1:colcon.colcon_core.package_identification:_identify(log) by extension 'ignore'
[1.027s] Level 1:colcon.colcon_core.package_identification:_identify(log) ignored
[1.033s] Level 1:colcon.colcon_core.package_identification:_identify(src) by extensions ['ignore', 'ignore_ament_install']
[1.034s] Level 1:colcon.colcon_core.package_identification:_identify(src) by extension 'ignore'
[1.036s] Level 1:colcon.colcon_core.package_identification:_identify(src) by extension 'ignore_ament_install'
[1.039s] Level 1:colcon.colcon_core.package_identification:_identify(src) by extensions ['colcon_pkg']
[1.039s] Level 1:colcon.colcon_core.package_identification:_identify(src) by extension 'colcon_pkg'
[1.041s] Level 1:colcon.colcon_core.package_identification:_identify(src) by extensions ['colcon_meta']
[1.042s] Level 1:colcon.colcon_core.package_identification:_identify(src) by extension 'colcon_meta'
[1.043s] Level 1:colcon.colcon_core.package_identification:_identify(src) by extensions ['ros']
[1.044s] Level 1:colcon.colcon_core.package_identification:_identify(src) by extension 'ros'
[1.051s] Level 1:colcon.colcon_core.package_identification:_identify(src) by extensions ['cmake', 'python']
[1.052s] Level 1:colcon.colcon_core.package_identification:_identify(src) by extension 'cmake'
[1.054s] Level 1:colcon.colcon_core.package_identification:_identify(src) by extension 'python'
[1.055s] Level 1:colcon.colcon_core.package_identification:_identify(src) by extensions ['python_setup_py']
[1.056s] Level 1:colcon.colcon_core.package_identification:_identify(src) by extension 'python_setup_py'
[1.064s] Level 1:colcon.colcon_core.package_identification:_identify(src/files) by extensions ['ignore', 'ignore_ament_install']
[1.065s] Level 1:colcon.colcon_core.package_identification:_identify(src/files) by extension 'ignore'
[1.068s] Level 1:colcon.colcon_core.package_identification:_identify(src/files) by extension 'ignore_ament_install'
[1.076s] Level 1:colcon.colcon_core.package_identification:_identify(src/files) by extensions ['colcon_pkg']
[1.077s] Level 1:colcon.colcon_core.package_identification:_identify(src/files) by extension 'colcon_pkg'
[1.082s] Level 1:colcon.colcon_core.package_identification:_identify(src/files) by extensions ['colcon_meta']
[1.083s] Level 1:colcon.colcon_core.package_identification:_identify(src/files) by extension 'colcon_meta'
[1.087s] Level 1:colcon.colcon_core.package_identification:_identify(src/files) by extensions ['ros']
[1.088s] Level 1:colcon.colcon_core.package_identification:_identify(src/files) by extension 'ros'
[1.099s] Level 1:colcon.colcon_core.package_identification:_identify(src/files) by extensions ['cmake', 'python']
[1.099s] Level 1:colcon.colcon_core.package_identification:_identify(src/files) by extension 'cmake'
[1.101s] Level 1:colcon.colcon_core.package_identification:_identify(src/files) by extension 'python'
[1.104s] Level 1:colcon.colcon_core.package_identification:_identify(src/files) by extensions ['python_setup_py']
[1.104s] Level 1:colcon.colcon_core.package_identification:_identify(src/files) by extension 'python_setup_py'
[1.112s] Level 1:colcon.colcon_core.package_identification:_identify(src/human_controller) by extensions ['ignore', 'ignore_ament_install']
[1.113s] Level 1:colcon.colcon_core.package_identification:_identify(src/human_controller) by extension 'ignore'
[1.114s] Level 1:colcon.colcon_core.package_identification:_identify(src/human_controller) by extension 'ignore_ament_install'
[1.116s] Level 1:colcon.colcon_core.package_identification:_identify(src/human_controller) by extensions ['colcon_pkg']
[1.117s] Level 1:colcon.colcon_core.package_identification:_identify(src/human_controller) by extension 'colcon_pkg'
[1.118s] Level 1:colcon.colcon_core.package_identification:_identify(src/human_controller) by extensions ['colcon_meta']
[1.120s] Level 1:colcon.colcon_core.package_identification:_identify(src/human_controller) by extension 'colcon_meta'
[1.124s] Level 1:colcon.colcon_core.package_identification:_identify(src/human_controller) by extensions ['ros']
[1.125s] Level 1:colcon.colcon_core.package_identification:_identify(src/human_controller) by extension 'ros'
[1.146s] DEBUG:colcon.colcon_core.package_identification:Package 'src/human_controller' with type 'ros.ament_cmake' and name 'human_controller'
[1.149s] Level 1:colcon.colcon_core.package_identification:_identify(src/human_urdf) by extensions ['ignore', 'ignore_ament_install']
[1.150s] Level 1:colcon.colcon_core.package_identification:_identify(src/human_urdf) by extension 'ignore'
[1.152s] Level 1:colcon.colcon_core.package_identification:_identify(src/human_urdf) by extension 'ignore_ament_install'
[1.161s] Level 1:colcon.colcon_core.package_identification:_identify(src/human_urdf) by extensions ['colcon_pkg']
[1.162s] Level 1:colcon.colcon_core.package_identification:_identify(src/human_urdf) by extension 'colcon_pkg'
[1.164s] Level 1:colcon.colcon_core.package_identification:_identify(src/human_urdf) by extensions ['colcon_meta']
[1.164s] Level 1:colcon.colcon_core.package_identification:_identify(src/human_urdf) by extension 'colcon_meta'
[1.166s] Level 1:colcon.colcon_core.package_identification:_identify(src/human_urdf) by extensions ['ros']
[1.167s] Level 1:colcon.colcon_core.package_identification:_identify(src/human_urdf) by extension 'ros'
[1.181s] DEBUG:colcon.colcon_core.package_identification:Package 'src/human_urdf' with type 'ros.ament_cmake' and name 'human_urdf'
[1.182s] Level 1:colcon.colcon_core.package_discovery:discover_packages(recursive) using defaults
[1.182s] Level 1:colcon.colcon_core.package_discovery:discover_packages(ignore) discover
[1.183s] Level 1:colcon.colcon_core.package_discovery:discover_packages(ignore) using defaults
[1.183s] Level 1:colcon.colcon_core.package_discovery:discover_packages(path) discover
[1.183s] Level 1:colcon.colcon_core.package_discovery:discover_packages(path) using defaults
[1.251s] Level 1:colcon.colcon_core.package_discovery:discover_packages(prefix_path) check parameters
[1.252s] Level 1:colcon.colcon_core.package_discovery:discover_packages(prefix_path) discover
[1.321s] DEBUG:colcon.colcon_installed_package_information.package_discovery:Found 2 installed packages in /mnt/c/Users/Administrator/Documents/Mechanical/Humaniod/install
[1.327s] DEBUG:colcon.colcon_installed_package_information.package_discovery:Found 494 installed packages in /opt/ros/humble
[1.332s] Level 1:colcon.colcon_core.package_discovery:discover_packages(prefix_path) using defaults
[1.506s] Level 5:colcon.colcon_core.verb:set package 'human_controller' build argument 'cmake_args' from command line to 'None'
[1.507s] Level 5:colcon.colcon_core.verb:set package 'human_controller' build argument 'cmake_target' from command line to 'None'
[1.508s] Level 5:colcon.colcon_core.verb:set package 'human_controller' build argument 'cmake_target_skip_unavailable' from command line to 'False'
[1.508s] Level 5:colcon.colcon_core.verb:set package 'human_controller' build argument 'cmake_clean_cache' from command line to 'False'
[1.509s] Level 5:colcon.colcon_core.verb:set package 'human_controller' build argument 'cmake_clean_first' from command line to 'False'
[1.510s] Level 5:colcon.colcon_core.verb:set package 'human_controller' build argument 'cmake_force_configure' from command line to 'False'
[1.510s] Level 5:colcon.colcon_core.verb:set package 'human_controller' build argument 'ament_cmake_args' from command line to 'None'
[1.511s] Level 5:colcon.colcon_core.verb:set package 'human_controller' build argument 'catkin_cmake_args' from command line to 'None'
[1.512s] Level 5:colcon.colcon_core.verb:set package 'human_controller' build argument 'catkin_skip_building_tests' from command line to 'False'
[1.513s] DEBUG:colcon.colcon_core.verb:Building package 'human_controller' with the following arguments: {'ament_cmake_args': None, 'build_base': '/mnt/c/Users/Administrator/Documents/Mechanical/Humaniod/build/human_controller', 'catkin_cmake_args': None, 'catkin_skip_building_tests': False, 'cmake_args': None, 'cmake_clean_cache': False, 'cmake_clean_first': False, 'cmake_force_configure': False, 'cmake_target': None, 'cmake_target_skip_unavailable': False, 'install_base': '/mnt/c/Users/Administrator/Documents/Mechanical/Humaniod/install/human_controller', 'merge_install': False, 'path': '/mnt/c/Users/Administrator/Documents/Mechanical/Humaniod/src/human_controller', 'symlink_install': False, 'test_result_base': None}
[1.515s] Level 5:colcon.colcon_core.verb:set package 'human_urdf' build argument 'cmake_args' from command line to 'None'
[1.515s] Level 5:colcon.colcon_core.verb:set package 'human_urdf' build argument 'cmake_target' from command line to 'None'
[1.516s] Level 5:colcon.colcon_core.verb:set package 'human_urdf' build argument 'cmake_target_skip_unavailable' from command line to 'False'
[1.517s] Level 5:colcon.colcon_core.verb:set package 'human_urdf' build argument 'cmake_clean_cache' from command line to 'False'
[1.518s] Level 5:colcon.colcon_core.verb:set package 'human_urdf' build argument 'cmake_clean_first' from command line to 'False'
[1.519s] Level 5:colcon.colcon_core.verb:set package 'human_urdf' build argument 'cmake_force_configure' from command line to 'False'
[1.520s] Level 5:colcon.colcon_core.verb:set package 'human_urdf' build argument 'ament_cmake_args' from command line to 'None'
[1.521s] Level 5:colcon.colcon_core.verb:set package 'human_urdf' build argument 'catkin_cmake_args' from command line to 'None'
[1.521s] Level 5:colcon.colcon_core.verb:set package 'human_urdf' build argument 'catkin_skip_building_tests' from command line to 'False'
[1.522s] DEBUG:colcon.colcon_core.verb:Building package 'human_urdf' with the following arguments: {'ament_cmake_args': None, 'build_base': '/mnt/c/Users/Administrator/Documents/Mechanical/Humaniod/build/human_urdf', 'catkin_cmake_args': None, 'catkin_skip_building_tests': False, 'cmake_args': None, 'cmake_clean_cache': False, 'cmake_clean_first': False, 'cmake_force_configure': False, 'cmake_target': None, 'cmake_target_skip_unavailable': False, 'install_base': '/mnt/c/Users/Administrator/Documents/Mechanical/Humaniod/install/human_urdf', 'merge_install': False, 'path': '/mnt/c/Users/Administrator/Documents/Mechanical/Humaniod/src/human_urdf', 'symlink_install': False, 'test_result_base': None}
[1.523s] INFO:colcon.colcon_core.executor:Executing jobs using 'parallel' executor
[1.525s] DEBUG:colcon.colcon_parallel_executor.executor.parallel:run_until_complete
[1.526s] INFO:colcon.colcon_ros.task.ament_cmake.build:Building ROS package in '/mnt/c/Users/Administrator/Documents/Mechanical/Humaniod/src/human_controller' with build type 'ament_cmake'
[1.527s] INFO:colcon.colcon_cmake.task.cmake.build:Building CMake package in '/mnt/c/Users/Administrator/Documents/Mechanical/Humaniod/src/human_controller'
[1.534s] INFO:colcon.colcon_core.plugin_system:Skipping extension 'colcon_core.shell.bat': Not used on non-Windows systems
[1.535s] INFO:colcon.colcon_core.shell:Skip shell extension 'powershell' for command environment: Not usable outside of PowerShell
[1.536s] DEBUG:colcon.colcon_core.shell:Skip shell extension 'dsv' for command environment
[1.615s] INFO:colcon.colcon_ros.task.ament_cmake.build:Building ROS package in '/mnt/c/Users/Administrator/Documents/Mechanical/Humaniod/src/human_urdf' with build type 'ament_cmake'
[1.616s] INFO:colcon.colcon_cmake.task.cmake.build:Building CMake package in '/mnt/c/Users/Administrator/Documents/Mechanical/Humaniod/src/human_urdf'
[1.617s] INFO:colcon.colcon_core.shell:Skip shell extension 'powershell' for command environment: Not usable outside of PowerShell
[1.619s] DEBUG:colcon.colcon_core.shell:Skip shell extension 'dsv' for command environment
[1.775s] DEBUG:colcon.colcon_core.event_handler.log_command:Invoking command in '/mnt/c/Users/Administrator/Documents/Mechanical/Humaniod/build/human_controller': CMAKE_PREFIX_PATH=${CMAKE_PREFIX_PATH}:/opt/ros/humble /usr/bin/cmake --build /mnt/c/Users/Administrator/Documents/Mechanical/Humaniod/build/human_controller -- -j8 -l8
[1.819s] DEBUG:colcon.colcon_core.event_handler.log_command:Invoking command in '/mnt/c/Users/Administrator/Documents/Mechanical/Humaniod/build/human_urdf': CMAKE_PREFIX_PATH=${CMAKE_PREFIX_PATH}:/opt/ros/humble /usr/bin/cmake --build /mnt/c/Users/Administrator/Documents/Mechanical/Humaniod/build/human_urdf -- -j8 -l8
[1.947s] DEBUG:colcon.colcon_core.event_handler.log_command:Invoked command in '/mnt/c/Users/Administrator/Documents/Mechanical/Humaniod/build/human_controller' returned '0': CMAKE_PREFIX_PATH=${CMAKE_PREFIX_PATH}:/opt/ros/humble /usr/bin/cmake --build /mnt/c/Users/Administrator/Documents/Mechanical/Humaniod/build/human_controller -- -j8 -l8
[2.011s] DEBUG:colcon.colcon_core.event_handler.log_command:Invoking command in '/mnt/c/Users/Administrator/Documents/Mechanical/Humaniod/build/human_controller': CMAKE_PREFIX_PATH=${CMAKE_PREFIX_PATH}:/opt/ros/humble /usr/bin/cmake --install /mnt/c/Users/Administrator/Documents/Mechanical/Humaniod/build/human_controller
[2.016s] DEBUG:colcon.colcon_core.event_handler.log_command:Invoked command in '/mnt/c/Users/Administrator/Documents/Mechanical/Humaniod/build/human_urdf' returned '0': CMAKE_PREFIX_PATH=${CMAKE_PREFIX_PATH}:/opt/ros/humble /usr/bin/cmake --build /mnt/c/Users/Administrator/Documents/Mechanical/Humaniod/build/human_urdf -- -j8 -l8
[2.056s] DEBUG:colcon.colcon_core.event_handler.log_command:Invoking command in '/mnt/c/Users/Administrator/Documents/Mechanical/Humaniod/build/human_urdf': CMAKE_PREFIX_PATH=${CMAKE_PREFIX_PATH}:/opt/ros/humble /usr/bin/cmake --install /mnt/c/Users/Administrator/Documents/Mechanical/Humaniod/build/human_urdf
[2.748s] Level 1:colcon.colcon_core.environment:create_environment_scripts_only(human_controller)
[2.756s] DEBUG:colcon.colcon_core.event_handler.log_command:Invoked command in '/mnt/c/Users/Administrator/Documents/Mechanical/Humaniod/build/human_controller' returned '0': CMAKE_PREFIX_PATH=${CMAKE_PREFIX_PATH}:/opt/ros/humble /usr/bin/cmake --install /mnt/c/Users/Administrator/Documents/Mechanical/Humaniod/build/human_controller
[2.762s] Level 1:colcon.colcon_core.environment:checking '/mnt/c/Users/Administrator/Documents/Mechanical/Humaniod/install/human_controller' for CMake module files
[2.855s] Level 1:colcon.colcon_core.environment:checking '/mnt/c/Users/Administrator/Documents/Mechanical/Humaniod/install/human_controller' for CMake config files
[2.918s] Level 1:colcon.colcon_core.shell:create_environment_hook('human_controller', 'cmake_prefix_path')
[2.919s] INFO:colcon.colcon_core.shell:Creating environment hook '/mnt/c/Users/Administrator/Documents/Mechanical/Humaniod/install/human_controller/share/human_controller/hook/cmake_prefix_path.ps1'
[2.935s] INFO:colcon.colcon_core.shell:Creating environment descriptor '/mnt/c/Users/Administrator/Documents/Mechanical/Humaniod/install/human_controller/share/human_controller/hook/cmake_prefix_path.dsv'
[2.954s] INFO:colcon.colcon_core.shell:Creating environment hook '/mnt/c/Users/Administrator/Documents/Mechanical/Humaniod/install/human_controller/share/human_controller/hook/cmake_prefix_path.sh'
[2.978s] Level 1:colcon.colcon_core.environment:checking '/mnt/c/Users/Administrator/Documents/Mechanical/Humaniod/install/human_controller/bin'
[2.979s] Level 1:colcon.colcon_core.environment:checking '/mnt/c/Users/Administrator/Documents/Mechanical/Humaniod/install/human_controller/lib/pkgconfig/human_controller.pc'
[2.981s] Level 1:colcon.colcon_core.environment:checking '/mnt/c/Users/Administrator/Documents/Mechanical/Humaniod/install/human_controller/lib/python3.10/site-packages'
[2.984s] Level 1:colcon.colcon_core.environment:checking '/mnt/c/Users/Administrator/Documents/Mechanical/Humaniod/install/human_controller/bin'
[2.987s] INFO:colcon.colcon_core.shell:Creating package script '/mnt/c/Users/Administrator/Documents/Mechanical/Humaniod/install/human_controller/share/human_controller/package.ps1'
[3.001s] INFO:colcon.colcon_core.shell:Creating package descriptor '/mnt/c/Users/Administrator/Documents/Mechanical/Humaniod/install/human_controller/share/human_controller/package.dsv'
[3.014s] INFO:colcon.colcon_core.shell:Creating package script '/mnt/c/Users/Administrator/Documents/Mechanical/Humaniod/install/human_controller/share/human_controller/package.sh'
[3.029s] INFO:colcon.colcon_core.shell:Creating package script '/mnt/c/Users/Administrator/Documents/Mechanical/Humaniod/install/human_controller/share/human_controller/package.bash'
[3.041s] INFO:colcon.colcon_core.shell:Creating package script '/mnt/c/Users/Administrator/Documents/Mechanical/Humaniod/install/human_controller/share/human_controller/package.zsh'
[3.057s] Level 1:colcon.colcon_core.environment:create_file_with_runtime_dependencies(/mnt/c/Users/Administrator/Documents/Mechanical/Humaniod/install/human_controller/share/colcon-core/packages/human_controller)
[3.093s] Level 1:colcon.colcon_core.environment:create_environment_scripts_only(human_controller)
[3.094s] Level 1:colcon.colcon_core.environment:checking '/mnt/c/Users/Administrator/Documents/Mechanical/Humaniod/install/human_controller' for CMake module files
[3.185s] Level 1:colcon.colcon_core.environment:checking '/mnt/c/Users/Administrator/Documents/Mechanical/Humaniod/install/human_controller' for CMake config files
[3.246s] Level 1:colcon.colcon_core.shell:create_environment_hook('human_controller', 'cmake_prefix_path')
[3.247s] INFO:colcon.colcon_core.shell:Creating environment hook '/mnt/c/Users/Administrator/Documents/Mechanical/Humaniod/install/human_controller/share/human_controller/hook/cmake_prefix_path.ps1'
[3.270s] INFO:colcon.colcon_core.shell:Creating environment descriptor '/mnt/c/Users/Administrator/Documents/Mechanical/Humaniod/install/human_controller/share/human_controller/hook/cmake_prefix_path.dsv'
[3.285s] INFO:colcon.colcon_core.shell:Creating environment hook '/mnt/c/Users/Administrator/Documents/Mechanical/Humaniod/install/human_controller/share/human_controller/hook/cmake_prefix_path.sh'
[3.308s] Level 1:colcon.colcon_core.environment:checking '/mnt/c/Users/Administrator/Documents/Mechanical/Humaniod/install/human_controller/bin'
[3.310s] Level 1:colcon.colcon_core.environment:checking '/mnt/c/Users/Administrator/Documents/Mechanical/Humaniod/install/human_controller/lib/pkgconfig/human_controller.pc'
[3.312s] Level 1:colcon.colcon_core.environment:checking '/mnt/c/Users/Administrator/Documents/Mechanical/Humaniod/install/human_controller/lib/python3.10/site-packages'
[3.314s] Level 1:colcon.colcon_core.environment:checking '/mnt/c/Users/Administrator/Documents/Mechanical/Humaniod/install/human_controller/bin'
[3.316s] INFO:colcon.colcon_core.shell:Creating package script '/mnt/c/Users/Administrator/Documents/Mechanical/Humaniod/install/human_controller/share/human_controller/package.ps1'
[3.330s] INFO:colcon.colcon_core.shell:Creating package descriptor '/mnt/c/Users/Administrator/Documents/Mechanical/Humaniod/install/human_controller/share/human_controller/package.dsv'
[3.344s] INFO:colcon.colcon_core.shell:Creating package script '/mnt/c/Users/Administrator/Documents/Mechanical/Humaniod/install/human_controller/share/human_controller/package.sh'
[3.358s] INFO:colcon.colcon_core.shell:Creating package script '/mnt/c/Users/Administrator/Documents/Mechanical/Humaniod/install/human_controller/share/human_controller/package.bash'
[3.376s] INFO:colcon.colcon_core.shell:Creating package script '/mnt/c/Users/Administrator/Documents/Mechanical/Humaniod/install/human_controller/share/human_controller/package.zsh'
[3.393s] Level 1:colcon.colcon_core.environment:create_file_with_runtime_dependencies(/mnt/c/Users/Administrator/Documents/Mechanical/Humaniod/install/human_controller/share/colcon-core/packages/human_controller)
[3.407s] Level 1:colcon.colcon_core.environment:create_environment_scripts_only(human_urdf)
[3.408s] Level 1:colcon.colcon_core.environment:checking '/mnt/c/Users/Administrator/Documents/Mechanical/Humaniod/install/human_urdf' for CMake module files
[3.421s] DEBUG:colcon.colcon_core.event_handler.log_command:Invoked command in '/mnt/c/Users/Administrator/Documents/Mechanical/Humaniod/build/human_urdf' returned '0': CMAKE_PREFIX_PATH=${CMAKE_PREFIX_PATH}:/opt/ros/humble /usr/bin/cmake --install /mnt/c/Users/Administrator/Documents/Mechanical/Humaniod/build/human_urdf
[3.557s] Level 1:colcon.colcon_core.environment:checking '/mnt/c/Users/Administrator/Documents/Mechanical/Humaniod/install/human_urdf' for CMake config files
[3.655s] Level 1:colcon.colcon_core.shell:create_environment_hook('human_urdf', 'cmake_prefix_path')
[3.656s] INFO:colcon.colcon_core.shell:Creating environment hook '/mnt/c/Users/Administrator/Documents/Mechanical/Humaniod/install/human_urdf/share/human_urdf/hook/cmake_prefix_path.ps1'
[3.672s] INFO:colcon.colcon_core.shell:Creating environment descriptor '/mnt/c/Users/Administrator/Documents/Mechanical/Humaniod/install/human_urdf/share/human_urdf/hook/cmake_prefix_path.dsv'
[3.687s] INFO:colcon.colcon_core.shell:Creating environment hook '/mnt/c/Users/Administrator/Documents/Mechanical/Humaniod/install/human_urdf/share/human_urdf/hook/cmake_prefix_path.sh'
[3.710s] Level 1:colcon.colcon_core.environment:checking '/mnt/c/Users/Administrator/Documents/Mechanical/Humaniod/install/human_urdf/bin'
[3.712s] Level 1:colcon.colcon_core.environment:checking '/mnt/c/Users/Administrator/Documents/Mechanical/Humaniod/install/human_urdf/lib/pkgconfig/human_urdf.pc'
[3.713s] Level 1:colcon.colcon_core.environment:checking '/mnt/c/Users/Administrator/Documents/Mechanical/Humaniod/install/human_urdf/lib/python3.10/site-packages'
[3.715s] Level 1:colcon.colcon_core.environment:checking '/mnt/c/Users/Administrator/Documents/Mechanical/Humaniod/install/human_urdf/bin'
[3.718s] INFO:colcon.colcon_core.shell:Creating package script '/mnt/c/Users/Administrator/Documents/Mechanical/Humaniod/install/human_urdf/share/human_urdf/package.ps1'
[3.732s] INFO:colcon.colcon_core.shell:Creating package descriptor '/mnt/c/Users/Administrator/Documents/Mechanical/Humaniod/install/human_urdf/share/human_urdf/package.dsv'
[3.747s] INFO:colcon.colcon_core.shell:Creating package script '/mnt/c/Users/Administrator/Documents/Mechanical/Humaniod/install/human_urdf/share/human_urdf/package.sh'
[3.761s] INFO:colcon.colcon_core.shell:Creating package script '/mnt/c/Users/Administrator/Documents/Mechanical/Humaniod/install/human_urdf/share/human_urdf/package.bash'
[3.776s] INFO:colcon.colcon_core.shell:Creating package script '/mnt/c/Users/Administrator/Documents/Mechanical/Humaniod/install/human_urdf/share/human_urdf/package.zsh'
[3.789s] Level 1:colcon.colcon_core.environment:create_file_with_runtime_dependencies(/mnt/c/Users/Administrator/Documents/Mechanical/Humaniod/install/human_urdf/share/colcon-core/packages/human_urdf)
[3.814s] Level 1:colcon.colcon_core.environment:create_environment_scripts_only(human_urdf)
[3.815s] Level 1:colcon.colcon_core.environment:checking '/mnt/c/Users/Administrator/Documents/Mechanical/Humaniod/install/human_urdf' for CMake module files
[3.914s] Level 1:colcon.colcon_core.environment:checking '/mnt/c/Users/Administrator/Documents/Mechanical/Humaniod/install/human_urdf' for CMake config files
[3.989s] Level 1:colcon.colcon_core.shell:create_environment_hook('human_urdf', 'cmake_prefix_path')
[3.990s] INFO:colcon.colcon_core.shell:Creating environment hook '/mnt/c/Users/Administrator/Documents/Mechanical/Humaniod/install/human_urdf/share/human_urdf/hook/cmake_prefix_path.ps1'
[4.010s] INFO:colcon.colcon_core.shell:Creating environment descriptor '/mnt/c/Users/Administrator/Documents/Mechanical/Humaniod/install/human_urdf/share/human_urdf/hook/cmake_prefix_path.dsv'
[4.032s] INFO:colcon.colcon_core.shell:Creating environment hook '/mnt/c/Users/Administrator/Documents/Mechanical/Humaniod/install/human_urdf/share/human_urdf/hook/cmake_prefix_path.sh'
[4.054s] Level 1:colcon.colcon_core.environment:checking '/mnt/c/Users/Administrator/Documents/Mechanical/Humaniod/install/human_urdf/bin'
[4.056s] Level 1:colcon.colcon_core.environment:checking '/mnt/c/Users/Administrator/Documents/Mechanical/Humaniod/install/human_urdf/lib/pkgconfig/human_urdf.pc'
[4.058s] Level 1:colcon.colcon_core.environment:checking '/mnt/c/Users/Administrator/Documents/Mechanical/Humaniod/install/human_urdf/lib/python3.10/site-packages'
[4.060s] Level 1:colcon.colcon_core.environment:checking '/mnt/c/Users/Administrator/Documents/Mechanical/Humaniod/install/human_urdf/bin'
[4.062s] INFO:colcon.colcon_core.shell:Creating package script '/mnt/c/Users/Administrator/Documents/Mechanical/Humaniod/install/human_urdf/share/human_urdf/package.ps1'
[4.080s] INFO:colcon.colcon_core.shell:Creating package descriptor '/mnt/c/Users/Administrator/Documents/Mechanical/Humaniod/install/human_urdf/share/human_urdf/package.dsv'
[4.093s] INFO:colcon.colcon_core.shell:Creating package script '/mnt/c/Users/Administrator/Documents/Mechanical/Humaniod/install/human_urdf/share/human_urdf/package.sh'
[4.109s] INFO:colcon.colcon_core.shell:Creating package script '/mnt/c/Users/Administrator/Documents/Mechanical/Humaniod/install/human_urdf/share/human_urdf/package.bash'
[4.123s] INFO:colcon.colcon_core.shell:Creating package script '/mnt/c/Users/Administrator/Documents/Mechanical/Humaniod/install/human_urdf/share/human_urdf/package.zsh'
[4.137s] Level 1:colcon.colcon_core.environment:create_file_with_runtime_dependencies(/mnt/c/Users/Administrator/Documents/Mechanical/Humaniod/install/human_urdf/share/colcon-core/packages/human_urdf)
[4.153s] DEBUG:colcon.colcon_parallel_executor.executor.parallel:closing loop
[4.155s] DEBUG:colcon.colcon_parallel_executor.executor.parallel:loop closed
[4.156s] DEBUG:colcon.colcon_parallel_executor.executor.parallel:run_until_complete finished with '0'
[4.157s] DEBUG:colcon.colcon_core.event_reactor:joining thread
[4.309s] INFO:colcon.colcon_core.plugin_system:Skipping extension 'colcon_notification.desktop_notification.notify_send': Could not find 'notify-send'
[4.310s] INFO:colcon.colcon_core.plugin_system:Skipping extension 'colcon_notification.desktop_notification.terminal_notifier': Not used on non-Darwin systems
[4.311s] INFO:colcon.colcon_core.plugin_system:Skipping extension 'colcon_notification.desktop_notification.win32': Not used on non-Windows systems
[4.312s] INFO:colcon.colcon_notification.desktop_notification:Sending desktop notification using 'notify2'
[4.322s] DEBUG:colcon.colcon_notification.desktop_notification.notify2:Failed to initialize notify2: org.freedesktop.DBus.Error.ServiceUnknown: The name org.freedesktop.Notifications was not provided by any .service files
[4.323s] DEBUG:colcon.colcon_core.event_reactor:joined thread
[4.325s] INFO:colcon.colcon_core.shell:Creating prefix script '/mnt/c/Users/Administrator/Documents/Mechanical/Humaniod/install/local_setup.ps1'
[4.337s] INFO:colcon.colcon_core.shell:Creating prefix util module '/mnt/c/Users/Administrator/Documents/Mechanical/Humaniod/install/_local_setup_util_ps1.py'
[4.346s] INFO:colcon.colcon_core.shell:Creating prefix chain script '/mnt/c/Users/Administrator/Documents/Mechanical/Humaniod/install/setup.ps1'
[4.374s] INFO:colcon.colcon_core.shell:Creating prefix script '/mnt/c/Users/Administrator/Documents/Mechanical/Humaniod/install/local_setup.sh'
[4.382s] INFO:colcon.colcon_core.shell:Creating prefix util module '/mnt/c/Users/Administrator/Documents/Mechanical/Humaniod/install/_local_setup_util_sh.py'
[4.388s] INFO:colcon.colcon_core.shell:Creating prefix chain script '/mnt/c/Users/Administrator/Documents/Mechanical/Humaniod/install/setup.sh'
[4.415s] INFO:colcon.colcon_core.shell:Creating prefix script '/mnt/c/Users/Administrator/Documents/Mechanical/Humaniod/install/local_setup.bash'
[4.422s] INFO:colcon.colcon_core.shell:Creating prefix chain script '/mnt/c/Users/Administrator/Documents/Mechanical/Humaniod/install/setup.bash'
[4.447s] INFO:colcon.colcon_core.shell:Creating prefix script '/mnt/c/Users/Administrator/Documents/Mechanical/Humaniod/install/local_setup.zsh'
[4.454s] INFO:colcon.colcon_core.shell:Creating prefix chain script '/mnt/c/Users/Administrator/Documents/Mechanical/Humaniod/install/setup.zsh'
