[0.254s] Invoking command in '/mnt/c/Users/Administrator/Documents/Mechanical/Humaniod/build/human_controller': CMAKE_PREFIX_PATH=${CMAKE_PREFIX_PATH}:/opt/ros/humble /usr/bin/cmake /mnt/c/Users/Administrator/Documents/Mechanical/Humaniod/src/human_controller -DAMENT_CMAKE_SYMLINK_INSTALL=1 -DCMAKE_INSTALL_PREFIX=/mnt/c/Users/Administrator/Documents/Mechanical/Humaniod/install/human_controller
[0.404s] -- Found ament_cmake: 1.3.14 (/opt/ros/humble/share/ament_cmake/cmake)
[1.140s] -- Override CMake install command with custom implementation using symlinks instead of copying resources
[2.283s] -- Configuring done
[2.744s] -- Generating done
[2.990s] -- Build files have been written to: /mnt/c/Users/Administrator/Documents/Mechanical/Humaniod/build/human_controller
[2.996s] Invoked command in '/mnt/c/Users/Administrator/Documents/Mechanical/Humaniod/build/human_controller' returned '0': CMAKE_PREFIX_PATH=${CMAKE_PREFIX_PATH}:/opt/ros/humble /usr/bin/cmake /mnt/c/Users/Administrator/Documents/Mechanical/Humaniod/src/human_controller -DAMENT_CMAKE_SYMLINK_INSTALL=1 -DCMAKE_INSTALL_PREFIX=/mnt/c/Users/Administrator/Documents/Mechanical/Humaniod/install/human_controller
[3.010s] Invoking command in '/mnt/c/Users/Administrator/Documents/Mechanical/Humaniod/build/human_controller': CMAKE_PREFIX_PATH=${CMAKE_PREFIX_PATH}:/opt/ros/humble /usr/bin/cmake --build /mnt/c/Users/Administrator/Documents/Mechanical/Humaniod/build/human_controller -- -j8 -l8
[3.171s] Invoked command in '/mnt/c/Users/Administrator/Documents/Mechanical/Humaniod/build/human_controller' returned '0': CMAKE_PREFIX_PATH=${CMAKE_PREFIX_PATH}:/opt/ros/humble /usr/bin/cmake --build /mnt/c/Users/Administrator/Documents/Mechanical/Humaniod/build/human_controller -- -j8 -l8
[3.382s] Invoking command in '/mnt/c/Users/Administrator/Documents/Mechanical/Humaniod/build/human_controller': CMAKE_PREFIX_PATH=${CMAKE_PREFIX_PATH}:/opt/ros/humble /usr/bin/cmake --install /mnt/c/Users/Administrator/Documents/Mechanical/Humaniod/build/human_controller
[3.411s] -- Install configuration: ""
[3.425s] -- Execute custom install script
[3.504s] -- Up-to-date symlink: /mnt/c/Users/Administrator/Documents/Mechanical/Humaniod/install/human_controller/share/human_controller/config/human_controllers.yaml
[3.559s] -- Up-to-date symlink: /mnt/c/Users/Administrator/Documents/Mechanical/Humaniod/install/human_controller/share/human_controller/launch/controller.launch.py
[3.617s] -- Up-to-date symlink: /mnt/c/Users/Administrator/Documents/Mechanical/Humaniod/install/human_controller/share/ament_index/resource_index/package_run_dependencies/human_controller
[3.669s] -- Up-to-date symlink: /mnt/c/Users/Administrator/Documents/Mechanical/Humaniod/install/human_controller/share/ament_index/resource_index/parent_prefix_path/human_controller
[3.691s] -- Up-to-date symlink: /mnt/c/Users/Administrator/Documents/Mechanical/Humaniod/install/human_controller/share/human_controller/environment/ament_prefix_path.sh
[3.722s] -- Up-to-date symlink: /mnt/c/Users/Administrator/Documents/Mechanical/Humaniod/install/human_controller/share/human_controller/environment/ament_prefix_path.dsv
[3.746s] -- Up-to-date symlink: /mnt/c/Users/Administrator/Documents/Mechanical/Humaniod/install/human_controller/share/human_controller/environment/path.sh
[3.770s] -- Up-to-date symlink: /mnt/c/Users/Administrator/Documents/Mechanical/Humaniod/install/human_controller/share/human_controller/environment/path.dsv
[3.796s] -- Up-to-date symlink: /mnt/c/Users/Administrator/Documents/Mechanical/Humaniod/install/human_controller/share/human_controller/local_setup.bash
[3.820s] -- Up-to-date symlink: /mnt/c/Users/Administrator/Documents/Mechanical/Humaniod/install/human_controller/share/human_controller/local_setup.sh
[3.846s] -- Up-to-date symlink: /mnt/c/Users/Administrator/Documents/Mechanical/Humaniod/install/human_controller/share/human_controller/local_setup.zsh
[3.874s] -- Up-to-date symlink: /mnt/c/Users/Administrator/Documents/Mechanical/Humaniod/install/human_controller/share/human_controller/local_setup.dsv
[3.886s] -- Symlinking: /mnt/c/Users/Administrator/Documents/Mechanical/Humaniod/install/human_controller/share/human_controller/package.dsv
[3.978s] -- Up-to-date symlink: /mnt/c/Users/Administrator/Documents/Mechanical/Humaniod/install/human_controller/share/ament_index/resource_index/packages/human_controller
[4.008s] -- Up-to-date symlink: /mnt/c/Users/Administrator/Documents/Mechanical/Humaniod/install/human_controller/share/human_controller/cmake/human_controllerConfig.cmake
[4.035s] -- Up-to-date symlink: /mnt/c/Users/Administrator/Documents/Mechanical/Humaniod/install/human_controller/share/human_controller/cmake/human_controllerConfig-version.cmake
[4.060s] -- Up-to-date symlink: /mnt/c/Users/Administrator/Documents/Mechanical/Humaniod/install/human_controller/share/human_controller/package.xml
[4.067s] Invoked command in '/mnt/c/Users/Administrator/Documents/Mechanical/Humaniod/build/human_controller' returned '0': CMAKE_PREFIX_PATH=${CMAKE_PREFIX_PATH}:/opt/ros/humble /usr/bin/cmake --install /mnt/c/Users/Administrator/Documents/Mechanical/Humaniod/build/human_controller
