[0.434s] DEBUG:colcon:Command line arguments: ['/usr/bin/colcon', 'build']
[0.436s] DEBUG:colcon:Parsed command line arguments: Namespace(log_base=None, log_level=None, verb_name='build', build_base='build', install_base='install', merge_install=False, symlink_install=False, test_result_base=None, continue_on_error=False, executor='parallel', parallel_workers=8, event_handlers=None, ignore_user_meta=False, metas=['./colcon.meta'], base_paths=['.'], packages_ignore=None, packages_ignore_regex=None, paths=None, packages_up_to=None, packages_up_to_regex=None, packages_above=None, packages_above_and_dependencies=None, packages_above_depth=None, packages_select_by_dep=None, packages_skip_by_dep=None, packages_skip_up_to=None, packages_select_build_failed=False, packages_skip_build_finished=False, packages_select_test_failures=False, packages_skip_test_passed=False, packages_select=None, packages_skip=None, packages_select_regex=None, packages_skip_regex=None, packages_start=None, packages_end=None, allow_overriding=[], cmake_args=None, cmake_target=None, cmake_target_skip_unavailable=False, cmake_clean_cache=False, cmake_clean_first=False, cmake_force_configure=False, ament_cmake_args=None, catkin_cmake_args=None, catkin_skip_building_tests=False, mixin_files=None, mixin=None, verb_parser=<colcon_mixin.mixin.mixin_argument.MixinArgumentDecorator object at 0x74ccaeb5aaa0>, verb_extension=<colcon_core.verb.build.BuildVerb object at 0x74ccaeb5a4d0>, main=<bound method BuildVerb.main of <colcon_core.verb.build.BuildVerb object at 0x74ccaeb5a4d0>>, mixin_verb=('build',))
[0.956s] Level 1:colcon.colcon_core.package_discovery:discover_packages(colcon_meta) check parameters
[0.960s] Level 1:colcon.colcon_core.package_discovery:discover_packages(recursive) check parameters
[0.961s] Level 1:colcon.colcon_core.package_discovery:discover_packages(ignore) check parameters
[0.962s] Level 1:colcon.colcon_core.package_discovery:discover_packages(path) check parameters
[0.964s] Level 1:colcon.colcon_core.package_discovery:discover_packages(colcon_meta) discover
[0.965s] Level 1:colcon.colcon_core.package_discovery:discover_packages(recursive) discover
[0.965s] INFO:colcon.colcon_core.package_discovery:Crawling recursively for packages in '/mnt/c/Users/Administrator/Documents/Mechanical/Humaniod'
[0.967s] Level 1:colcon.colcon_core.package_identification:_identify(.) by extensions ['ignore', 'ignore_ament_install']
[0.969s] Level 1:colcon.colcon_core.package_identification:_identify(.) by extension 'ignore'
[0.969s] Level 1:colcon.colcon_core.package_identification:_identify(.) by extension 'ignore_ament_install'
[0.971s] Level 1:colcon.colcon_core.package_identification:_identify(.) by extensions ['colcon_pkg']
[0.972s] Level 1:colcon.colcon_core.package_identification:_identify(.) by extension 'colcon_pkg'
[0.974s] Level 1:colcon.colcon_core.package_identification:_identify(.) by extensions ['colcon_meta']
[0.975s] Level 1:colcon.colcon_core.package_identification:_identify(.) by extension 'colcon_meta'
[0.976s] Level 1:colcon.colcon_core.package_identification:_identify(.) by extensions ['ros']
[0.977s] Level 1:colcon.colcon_core.package_identification:_identify(.) by extension 'ros'
[0.998s] Level 1:colcon.colcon_core.package_identification:_identify(.) by extensions ['cmake', 'python']
[0.999s] Level 1:colcon.colcon_core.package_identification:_identify(.) by extension 'cmake'
[1.000s] Level 1:colcon.colcon_core.package_identification:_identify(.) by extension 'python'
[1.001s] Level 1:colcon.colcon_core.package_identification:_identify(.) by extensions ['python_setup_py']
[1.002s] Level 1:colcon.colcon_core.package_identification:_identify(.) by extension 'python_setup_py'
[1.008s] Level 1:colcon.colcon_core.package_identification:_identify(build) by extensions ['ignore', 'ignore_ament_install']
[1.010s] Level 1:colcon.colcon_core.package_identification:_identify(build) by extension 'ignore'
[1.011s] Level 1:colcon.colcon_core.package_identification:_identify(build) ignored
[1.014s] Level 1:colcon.colcon_core.package_identification:_identify(install) by extensions ['ignore', 'ignore_ament_install']
[1.015s] Level 1:colcon.colcon_core.package_identification:_identify(install) by extension 'ignore'
[1.017s] Level 1:colcon.colcon_core.package_identification:_identify(install) ignored
[1.024s] Level 1:colcon.colcon_core.package_identification:_identify(log) by extensions ['ignore', 'ignore_ament_install']
[1.025s] Level 1:colcon.colcon_core.package_identification:_identify(log) by extension 'ignore'
[1.027s] Level 1:colcon.colcon_core.package_identification:_identify(log) ignored
[1.031s] Level 1:colcon.colcon_core.package_identification:_identify(src) by extensions ['ignore', 'ignore_ament_install']
[1.032s] Level 1:colcon.colcon_core.package_identification:_identify(src) by extension 'ignore'
[1.034s] Level 1:colcon.colcon_core.package_identification:_identify(src) by extension 'ignore_ament_install'
[1.037s] Level 1:colcon.colcon_core.package_identification:_identify(src) by extensions ['colcon_pkg']
[1.037s] Level 1:colcon.colcon_core.package_identification:_identify(src) by extension 'colcon_pkg'
[1.039s] Level 1:colcon.colcon_core.package_identification:_identify(src) by extensions ['colcon_meta']
[1.039s] Level 1:colcon.colcon_core.package_identification:_identify(src) by extension 'colcon_meta'
[1.041s] Level 1:colcon.colcon_core.package_identification:_identify(src) by extensions ['ros']
[1.042s] Level 1:colcon.colcon_core.package_identification:_identify(src) by extension 'ros'
[1.046s] Level 1:colcon.colcon_core.package_identification:_identify(src) by extensions ['cmake', 'python']
[1.046s] Level 1:colcon.colcon_core.package_identification:_identify(src) by extension 'cmake'
[1.048s] Level 1:colcon.colcon_core.package_identification:_identify(src) by extension 'python'
[1.049s] Level 1:colcon.colcon_core.package_identification:_identify(src) by extensions ['python_setup_py']
[1.049s] Level 1:colcon.colcon_core.package_identification:_identify(src) by extension 'python_setup_py'
[1.056s] Level 1:colcon.colcon_core.package_identification:_identify(src/files) by extensions ['ignore', 'ignore_ament_install']
[1.057s] Level 1:colcon.colcon_core.package_identification:_identify(src/files) by extension 'ignore'
[1.059s] Level 1:colcon.colcon_core.package_identification:_identify(src/files) by extension 'ignore_ament_install'
[1.062s] Level 1:colcon.colcon_core.package_identification:_identify(src/files) by extensions ['colcon_pkg']
[1.063s] Level 1:colcon.colcon_core.package_identification:_identify(src/files) by extension 'colcon_pkg'
[1.064s] Level 1:colcon.colcon_core.package_identification:_identify(src/files) by extensions ['colcon_meta']
[1.065s] Level 1:colcon.colcon_core.package_identification:_identify(src/files) by extension 'colcon_meta'
[1.067s] Level 1:colcon.colcon_core.package_identification:_identify(src/files) by extensions ['ros']
[1.068s] Level 1:colcon.colcon_core.package_identification:_identify(src/files) by extension 'ros'
[1.073s] Level 1:colcon.colcon_core.package_identification:_identify(src/files) by extensions ['cmake', 'python']
[1.074s] Level 1:colcon.colcon_core.package_identification:_identify(src/files) by extension 'cmake'
[1.075s] Level 1:colcon.colcon_core.package_identification:_identify(src/files) by extension 'python'
[1.078s] Level 1:colcon.colcon_core.package_identification:_identify(src/files) by extensions ['python_setup_py']
[1.079s] Level 1:colcon.colcon_core.package_identification:_identify(src/files) by extension 'python_setup_py'
[1.084s] Level 1:colcon.colcon_core.package_identification:_identify(src/human_controller) by extensions ['ignore', 'ignore_ament_install']
[1.085s] Level 1:colcon.colcon_core.package_identification:_identify(src/human_controller) by extension 'ignore'
[1.087s] Level 1:colcon.colcon_core.package_identification:_identify(src/human_controller) by extension 'ignore_ament_install'
[1.089s] Level 1:colcon.colcon_core.package_identification:_identify(src/human_controller) by extensions ['colcon_pkg']
[1.090s] Level 1:colcon.colcon_core.package_identification:_identify(src/human_controller) by extension 'colcon_pkg'
[1.092s] Level 1:colcon.colcon_core.package_identification:_identify(src/human_controller) by extensions ['colcon_meta']
[1.093s] Level 1:colcon.colcon_core.package_identification:_identify(src/human_controller) by extension 'colcon_meta'
[1.094s] Level 1:colcon.colcon_core.package_identification:_identify(src/human_controller) by extensions ['ros']
[1.095s] Level 1:colcon.colcon_core.package_identification:_identify(src/human_controller) by extension 'ros'
[1.111s] DEBUG:colcon.colcon_core.package_identification:Package 'src/human_controller' with type 'ros.ament_cmake' and name 'human_controller'
[1.116s] Level 1:colcon.colcon_core.package_identification:_identify(src/human_urdf) by extensions ['ignore', 'ignore_ament_install']
[1.117s] Level 1:colcon.colcon_core.package_identification:_identify(src/human_urdf) by extension 'ignore'
[1.119s] Level 1:colcon.colcon_core.package_identification:_identify(src/human_urdf) by extension 'ignore_ament_install'
[1.121s] Level 1:colcon.colcon_core.package_identification:_identify(src/human_urdf) by extensions ['colcon_pkg']
[1.122s] Level 1:colcon.colcon_core.package_identification:_identify(src/human_urdf) by extension 'colcon_pkg'
[1.124s] Level 1:colcon.colcon_core.package_identification:_identify(src/human_urdf) by extensions ['colcon_meta']
[1.125s] Level 1:colcon.colcon_core.package_identification:_identify(src/human_urdf) by extension 'colcon_meta'
[1.127s] Level 1:colcon.colcon_core.package_identification:_identify(src/human_urdf) by extensions ['ros']
[1.127s] Level 1:colcon.colcon_core.package_identification:_identify(src/human_urdf) by extension 'ros'
[1.138s] DEBUG:colcon.colcon_core.package_identification:Package 'src/human_urdf' with type 'ros.ament_cmake' and name 'human_urdf'
[1.138s] Level 1:colcon.colcon_core.package_discovery:discover_packages(recursive) using defaults
[1.139s] Level 1:colcon.colcon_core.package_discovery:discover_packages(ignore) discover
[1.140s] Level 1:colcon.colcon_core.package_discovery:discover_packages(ignore) using defaults
[1.141s] Level 1:colcon.colcon_core.package_discovery:discover_packages(path) discover
[1.141s] Level 1:colcon.colcon_core.package_discovery:discover_packages(path) using defaults
[1.192s] Level 1:colcon.colcon_core.package_discovery:discover_packages(prefix_path) check parameters
[1.193s] Level 1:colcon.colcon_core.package_discovery:discover_packages(prefix_path) discover
[1.245s] DEBUG:colcon.colcon_installed_package_information.package_discovery:Found 2 installed packages in /mnt/c/Users/Administrator/Documents/Mechanical/Humaniod/install
[1.248s] DEBUG:colcon.colcon_installed_package_information.package_discovery:Found 494 installed packages in /opt/ros/humble
[1.252s] Level 1:colcon.colcon_core.package_discovery:discover_packages(prefix_path) using defaults
[1.365s] Level 5:colcon.colcon_core.verb:set package 'human_controller' build argument 'cmake_args' from command line to 'None'
[1.366s] Level 5:colcon.colcon_core.verb:set package 'human_controller' build argument 'cmake_target' from command line to 'None'
[1.367s] Level 5:colcon.colcon_core.verb:set package 'human_controller' build argument 'cmake_target_skip_unavailable' from command line to 'False'
[1.367s] Level 5:colcon.colcon_core.verb:set package 'human_controller' build argument 'cmake_clean_cache' from command line to 'False'
[1.368s] Level 5:colcon.colcon_core.verb:set package 'human_controller' build argument 'cmake_clean_first' from command line to 'False'
[1.368s] Level 5:colcon.colcon_core.verb:set package 'human_controller' build argument 'cmake_force_configure' from command line to 'False'
[1.369s] Level 5:colcon.colcon_core.verb:set package 'human_controller' build argument 'ament_cmake_args' from command line to 'None'
[1.369s] Level 5:colcon.colcon_core.verb:set package 'human_controller' build argument 'catkin_cmake_args' from command line to 'None'
[1.370s] Level 5:colcon.colcon_core.verb:set package 'human_controller' build argument 'catkin_skip_building_tests' from command line to 'False'
[1.370s] DEBUG:colcon.colcon_core.verb:Building package 'human_controller' with the following arguments: {'ament_cmake_args': None, 'build_base': '/mnt/c/Users/Administrator/Documents/Mechanical/Humaniod/build/human_controller', 'catkin_cmake_args': None, 'catkin_skip_building_tests': False, 'cmake_args': None, 'cmake_clean_cache': False, 'cmake_clean_first': False, 'cmake_force_configure': False, 'cmake_target': None, 'cmake_target_skip_unavailable': False, 'install_base': '/mnt/c/Users/Administrator/Documents/Mechanical/Humaniod/install/human_controller', 'merge_install': False, 'path': '/mnt/c/Users/Administrator/Documents/Mechanical/Humaniod/src/human_controller', 'symlink_install': False, 'test_result_base': None}
[1.371s] Level 5:colcon.colcon_core.verb:set package 'human_urdf' build argument 'cmake_args' from command line to 'None'
[1.372s] Level 5:colcon.colcon_core.verb:set package 'human_urdf' build argument 'cmake_target' from command line to 'None'
[1.373s] Level 5:colcon.colcon_core.verb:set package 'human_urdf' build argument 'cmake_target_skip_unavailable' from command line to 'False'
[1.374s] Level 5:colcon.colcon_core.verb:set package 'human_urdf' build argument 'cmake_clean_cache' from command line to 'False'
[1.375s] Level 5:colcon.colcon_core.verb:set package 'human_urdf' build argument 'cmake_clean_first' from command line to 'False'
[1.376s] Level 5:colcon.colcon_core.verb:set package 'human_urdf' build argument 'cmake_force_configure' from command line to 'False'
[1.377s] Level 5:colcon.colcon_core.verb:set package 'human_urdf' build argument 'ament_cmake_args' from command line to 'None'
[1.377s] Level 5:colcon.colcon_core.verb:set package 'human_urdf' build argument 'catkin_cmake_args' from command line to 'None'
[1.378s] Level 5:colcon.colcon_core.verb:set package 'human_urdf' build argument 'catkin_skip_building_tests' from command line to 'False'
[1.378s] DEBUG:colcon.colcon_core.verb:Building package 'human_urdf' with the following arguments: {'ament_cmake_args': None, 'build_base': '/mnt/c/Users/Administrator/Documents/Mechanical/Humaniod/build/human_urdf', 'catkin_cmake_args': None, 'catkin_skip_building_tests': False, 'cmake_args': None, 'cmake_clean_cache': False, 'cmake_clean_first': False, 'cmake_force_configure': False, 'cmake_target': None, 'cmake_target_skip_unavailable': False, 'install_base': '/mnt/c/Users/Administrator/Documents/Mechanical/Humaniod/install/human_urdf', 'merge_install': False, 'path': '/mnt/c/Users/Administrator/Documents/Mechanical/Humaniod/src/human_urdf', 'symlink_install': False, 'test_result_base': None}
[1.379s] INFO:colcon.colcon_core.executor:Executing jobs using 'parallel' executor
[1.382s] DEBUG:colcon.colcon_parallel_executor.executor.parallel:run_until_complete
[1.384s] INFO:colcon.colcon_ros.task.ament_cmake.build:Building ROS package in '/mnt/c/Users/Administrator/Documents/Mechanical/Humaniod/src/human_controller' with build type 'ament_cmake'
[1.385s] INFO:colcon.colcon_cmake.task.cmake.build:Building CMake package in '/mnt/c/Users/Administrator/Documents/Mechanical/Humaniod/src/human_controller'
[1.391s] INFO:colcon.colcon_core.plugin_system:Skipping extension 'colcon_core.shell.bat': Not used on non-Windows systems
[1.392s] INFO:colcon.colcon_core.shell:Skip shell extension 'powershell' for command environment: Not usable outside of PowerShell
[1.393s] DEBUG:colcon.colcon_core.shell:Skip shell extension 'dsv' for command environment
[1.499s] INFO:colcon.colcon_ros.task.ament_cmake.build:Building ROS package in '/mnt/c/Users/Administrator/Documents/Mechanical/Humaniod/src/human_urdf' with build type 'ament_cmake'
[1.500s] INFO:colcon.colcon_cmake.task.cmake.build:Building CMake package in '/mnt/c/Users/Administrator/Documents/Mechanical/Humaniod/src/human_urdf'
[1.501s] INFO:colcon.colcon_core.shell:Skip shell extension 'powershell' for command environment: Not usable outside of PowerShell
[1.502s] DEBUG:colcon.colcon_core.shell:Skip shell extension 'dsv' for command environment
[1.686s] DEBUG:colcon.colcon_core.event_handler.log_command:Invoking command in '/mnt/c/Users/Administrator/Documents/Mechanical/Humaniod/build/human_controller': CMAKE_PREFIX_PATH=${CMAKE_PREFIX_PATH}:/opt/ros/humble /usr/bin/cmake --build /mnt/c/Users/Administrator/Documents/Mechanical/Humaniod/build/human_controller -- -j8 -l8
[1.738s] DEBUG:colcon.colcon_core.event_handler.log_command:Invoking command in '/mnt/c/Users/Administrator/Documents/Mechanical/Humaniod/build/human_urdf': CMAKE_PREFIX_PATH=${CMAKE_PREFIX_PATH}:/opt/ros/humble /usr/bin/cmake --build /mnt/c/Users/Administrator/Documents/Mechanical/Humaniod/build/human_urdf -- -j8 -l8
[1.893s] DEBUG:colcon.colcon_core.event_handler.log_command:Invoked command in '/mnt/c/Users/Administrator/Documents/Mechanical/Humaniod/build/human_controller' returned '0': CMAKE_PREFIX_PATH=${CMAKE_PREFIX_PATH}:/opt/ros/humble /usr/bin/cmake --build /mnt/c/Users/Administrator/Documents/Mechanical/Humaniod/build/human_controller -- -j8 -l8
[1.934s] DEBUG:colcon.colcon_core.event_handler.log_command:Invoking command in '/mnt/c/Users/Administrator/Documents/Mechanical/Humaniod/build/human_controller': CMAKE_PREFIX_PATH=${CMAKE_PREFIX_PATH}:/opt/ros/humble /usr/bin/cmake --install /mnt/c/Users/Administrator/Documents/Mechanical/Humaniod/build/human_controller
[1.940s] DEBUG:colcon.colcon_core.event_handler.log_command:Invoked command in '/mnt/c/Users/Administrator/Documents/Mechanical/Humaniod/build/human_urdf' returned '0': CMAKE_PREFIX_PATH=${CMAKE_PREFIX_PATH}:/opt/ros/humble /usr/bin/cmake --build /mnt/c/Users/Administrator/Documents/Mechanical/Humaniod/build/human_urdf -- -j8 -l8
[1.962s] DEBUG:colcon.colcon_core.event_handler.log_command:Invoking command in '/mnt/c/Users/Administrator/Documents/Mechanical/Humaniod/build/human_urdf': CMAKE_PREFIX_PATH=${CMAKE_PREFIX_PATH}:/opt/ros/humble /usr/bin/cmake --install /mnt/c/Users/Administrator/Documents/Mechanical/Humaniod/build/human_urdf
[2.500s] Level 1:colcon.colcon_core.environment:create_environment_scripts_only(human_controller)
[2.502s] DEBUG:colcon.colcon_core.event_handler.log_command:Invoked command in '/mnt/c/Users/Administrator/Documents/Mechanical/Humaniod/build/human_controller' returned '0': CMAKE_PREFIX_PATH=${CMAKE_PREFIX_PATH}:/opt/ros/humble /usr/bin/cmake --install /mnt/c/Users/Administrator/Documents/Mechanical/Humaniod/build/human_controller
[2.507s] Level 1:colcon.colcon_core.environment:checking '/mnt/c/Users/Administrator/Documents/Mechanical/Humaniod/install/human_controller' for CMake module files
[2.608s] Level 1:colcon.colcon_core.environment:checking '/mnt/c/Users/Administrator/Documents/Mechanical/Humaniod/install/human_controller' for CMake config files
[2.685s] Level 1:colcon.colcon_core.shell:create_environment_hook('human_controller', 'cmake_prefix_path')
[2.686s] INFO:colcon.colcon_core.shell:Creating environment hook '/mnt/c/Users/Administrator/Documents/Mechanical/Humaniod/install/human_controller/share/human_controller/hook/cmake_prefix_path.ps1'
[2.704s] INFO:colcon.colcon_core.shell:Creating environment descriptor '/mnt/c/Users/Administrator/Documents/Mechanical/Humaniod/install/human_controller/share/human_controller/hook/cmake_prefix_path.dsv'
[2.719s] INFO:colcon.colcon_core.shell:Creating environment hook '/mnt/c/Users/Administrator/Documents/Mechanical/Humaniod/install/human_controller/share/human_controller/hook/cmake_prefix_path.sh'
[2.740s] Level 1:colcon.colcon_core.environment:checking '/mnt/c/Users/Administrator/Documents/Mechanical/Humaniod/install/human_controller/bin'
[2.741s] Level 1:colcon.colcon_core.environment:checking '/mnt/c/Users/Administrator/Documents/Mechanical/Humaniod/install/human_controller/lib/pkgconfig/human_controller.pc'
[2.743s] Level 1:colcon.colcon_core.environment:checking '/mnt/c/Users/Administrator/Documents/Mechanical/Humaniod/install/human_controller/lib/python3.10/site-packages'
[2.745s] Level 1:colcon.colcon_core.environment:checking '/mnt/c/Users/Administrator/Documents/Mechanical/Humaniod/install/human_controller/bin'
[2.747s] INFO:colcon.colcon_core.shell:Creating package script '/mnt/c/Users/Administrator/Documents/Mechanical/Humaniod/install/human_controller/share/human_controller/package.ps1'
[2.761s] INFO:colcon.colcon_core.shell:Creating package descriptor '/mnt/c/Users/Administrator/Documents/Mechanical/Humaniod/install/human_controller/share/human_controller/package.dsv'
[2.773s] INFO:colcon.colcon_core.shell:Creating package script '/mnt/c/Users/Administrator/Documents/Mechanical/Humaniod/install/human_controller/share/human_controller/package.sh'
[2.787s] INFO:colcon.colcon_core.shell:Creating package script '/mnt/c/Users/Administrator/Documents/Mechanical/Humaniod/install/human_controller/share/human_controller/package.bash'
[2.800s] INFO:colcon.colcon_core.shell:Creating package script '/mnt/c/Users/Administrator/Documents/Mechanical/Humaniod/install/human_controller/share/human_controller/package.zsh'
[2.815s] Level 1:colcon.colcon_core.environment:create_file_with_runtime_dependencies(/mnt/c/Users/Administrator/Documents/Mechanical/Humaniod/install/human_controller/share/colcon-core/packages/human_controller)
[2.847s] Level 1:colcon.colcon_core.environment:create_environment_scripts_only(human_controller)
[2.849s] Level 1:colcon.colcon_core.environment:checking '/mnt/c/Users/Administrator/Documents/Mechanical/Humaniod/install/human_controller' for CMake module files
[2.934s] Level 1:colcon.colcon_core.environment:checking '/mnt/c/Users/Administrator/Documents/Mechanical/Humaniod/install/human_controller' for CMake config files
[2.995s] Level 1:colcon.colcon_core.shell:create_environment_hook('human_controller', 'cmake_prefix_path')
[2.996s] INFO:colcon.colcon_core.shell:Creating environment hook '/mnt/c/Users/Administrator/Documents/Mechanical/Humaniod/install/human_controller/share/human_controller/hook/cmake_prefix_path.ps1'
[3.012s] INFO:colcon.colcon_core.shell:Creating environment descriptor '/mnt/c/Users/Administrator/Documents/Mechanical/Humaniod/install/human_controller/share/human_controller/hook/cmake_prefix_path.dsv'
[3.029s] INFO:colcon.colcon_core.shell:Creating environment hook '/mnt/c/Users/Administrator/Documents/Mechanical/Humaniod/install/human_controller/share/human_controller/hook/cmake_prefix_path.sh'
[3.049s] Level 1:colcon.colcon_core.environment:checking '/mnt/c/Users/Administrator/Documents/Mechanical/Humaniod/install/human_controller/bin'
[3.050s] Level 1:colcon.colcon_core.environment:checking '/mnt/c/Users/Administrator/Documents/Mechanical/Humaniod/install/human_controller/lib/pkgconfig/human_controller.pc'
[3.052s] Level 1:colcon.colcon_core.environment:checking '/mnt/c/Users/Administrator/Documents/Mechanical/Humaniod/install/human_controller/lib/python3.10/site-packages'
[3.054s] Level 1:colcon.colcon_core.environment:checking '/mnt/c/Users/Administrator/Documents/Mechanical/Humaniod/install/human_controller/bin'
[3.057s] INFO:colcon.colcon_core.shell:Creating package script '/mnt/c/Users/Administrator/Documents/Mechanical/Humaniod/install/human_controller/share/human_controller/package.ps1'
[3.070s] INFO:colcon.colcon_core.shell:Creating package descriptor '/mnt/c/Users/Administrator/Documents/Mechanical/Humaniod/install/human_controller/share/human_controller/package.dsv'
[3.084s] INFO:colcon.colcon_core.shell:Creating package script '/mnt/c/Users/Administrator/Documents/Mechanical/Humaniod/install/human_controller/share/human_controller/package.sh'
[3.096s] INFO:colcon.colcon_core.shell:Creating package script '/mnt/c/Users/Administrator/Documents/Mechanical/Humaniod/install/human_controller/share/human_controller/package.bash'
[3.113s] INFO:colcon.colcon_core.shell:Creating package script '/mnt/c/Users/Administrator/Documents/Mechanical/Humaniod/install/human_controller/share/human_controller/package.zsh'
[3.131s] Level 1:colcon.colcon_core.environment:create_file_with_runtime_dependencies(/mnt/c/Users/Administrator/Documents/Mechanical/Humaniod/install/human_controller/share/colcon-core/packages/human_controller)
[3.146s] Level 1:colcon.colcon_core.environment:create_environment_scripts_only(human_urdf)
[3.147s] Level 1:colcon.colcon_core.environment:checking '/mnt/c/Users/Administrator/Documents/Mechanical/Humaniod/install/human_urdf' for CMake module files
[3.167s] DEBUG:colcon.colcon_core.event_handler.log_command:Invoked command in '/mnt/c/Users/Administrator/Documents/Mechanical/Humaniod/build/human_urdf' returned '0': CMAKE_PREFIX_PATH=${CMAKE_PREFIX_PATH}:/opt/ros/humble /usr/bin/cmake --install /mnt/c/Users/Administrator/Documents/Mechanical/Humaniod/build/human_urdf
[3.267s] Level 1:colcon.colcon_core.environment:checking '/mnt/c/Users/Administrator/Documents/Mechanical/Humaniod/install/human_urdf' for CMake config files
[3.333s] Level 1:colcon.colcon_core.shell:create_environment_hook('human_urdf', 'cmake_prefix_path')
[3.334s] INFO:colcon.colcon_core.shell:Creating environment hook '/mnt/c/Users/Administrator/Documents/Mechanical/Humaniod/install/human_urdf/share/human_urdf/hook/cmake_prefix_path.ps1'
[3.350s] INFO:colcon.colcon_core.shell:Creating environment descriptor '/mnt/c/Users/Administrator/Documents/Mechanical/Humaniod/install/human_urdf/share/human_urdf/hook/cmake_prefix_path.dsv'
[3.365s] INFO:colcon.colcon_core.shell:Creating environment hook '/mnt/c/Users/Administrator/Documents/Mechanical/Humaniod/install/human_urdf/share/human_urdf/hook/cmake_prefix_path.sh'
[3.384s] Level 1:colcon.colcon_core.environment:checking '/mnt/c/Users/Administrator/Documents/Mechanical/Humaniod/install/human_urdf/bin'
[3.386s] Level 1:colcon.colcon_core.environment:checking '/mnt/c/Users/Administrator/Documents/Mechanical/Humaniod/install/human_urdf/lib/pkgconfig/human_urdf.pc'
[3.389s] Level 1:colcon.colcon_core.environment:checking '/mnt/c/Users/Administrator/Documents/Mechanical/Humaniod/install/human_urdf/lib/python3.10/site-packages'
[3.391s] Level 1:colcon.colcon_core.environment:checking '/mnt/c/Users/Administrator/Documents/Mechanical/Humaniod/install/human_urdf/bin'
[3.393s] INFO:colcon.colcon_core.shell:Creating package script '/mnt/c/Users/Administrator/Documents/Mechanical/Humaniod/install/human_urdf/share/human_urdf/package.ps1'
[3.405s] INFO:colcon.colcon_core.shell:Creating package descriptor '/mnt/c/Users/Administrator/Documents/Mechanical/Humaniod/install/human_urdf/share/human_urdf/package.dsv'
[3.426s] INFO:colcon.colcon_core.shell:Creating package script '/mnt/c/Users/Administrator/Documents/Mechanical/Humaniod/install/human_urdf/share/human_urdf/package.sh'
[3.443s] INFO:colcon.colcon_core.shell:Creating package script '/mnt/c/Users/Administrator/Documents/Mechanical/Humaniod/install/human_urdf/share/human_urdf/package.bash'
[3.459s] INFO:colcon.colcon_core.shell:Creating package script '/mnt/c/Users/Administrator/Documents/Mechanical/Humaniod/install/human_urdf/share/human_urdf/package.zsh'
[3.477s] Level 1:colcon.colcon_core.environment:create_file_with_runtime_dependencies(/mnt/c/Users/Administrator/Documents/Mechanical/Humaniod/install/human_urdf/share/colcon-core/packages/human_urdf)
[3.515s] Level 1:colcon.colcon_core.environment:create_environment_scripts_only(human_urdf)
[3.516s] Level 1:colcon.colcon_core.environment:checking '/mnt/c/Users/Administrator/Documents/Mechanical/Humaniod/install/human_urdf' for CMake module files
[3.654s] Level 1:colcon.colcon_core.environment:checking '/mnt/c/Users/Administrator/Documents/Mechanical/Humaniod/install/human_urdf' for CMake config files
[3.713s] Level 1:colcon.colcon_core.shell:create_environment_hook('human_urdf', 'cmake_prefix_path')
[3.714s] INFO:colcon.colcon_core.shell:Creating environment hook '/mnt/c/Users/Administrator/Documents/Mechanical/Humaniod/install/human_urdf/share/human_urdf/hook/cmake_prefix_path.ps1'
[3.728s] INFO:colcon.colcon_core.shell:Creating environment descriptor '/mnt/c/Users/Administrator/Documents/Mechanical/Humaniod/install/human_urdf/share/human_urdf/hook/cmake_prefix_path.dsv'
[3.746s] INFO:colcon.colcon_core.shell:Creating environment hook '/mnt/c/Users/Administrator/Documents/Mechanical/Humaniod/install/human_urdf/share/human_urdf/hook/cmake_prefix_path.sh'
[3.766s] Level 1:colcon.colcon_core.environment:checking '/mnt/c/Users/Administrator/Documents/Mechanical/Humaniod/install/human_urdf/bin'
[3.767s] Level 1:colcon.colcon_core.environment:checking '/mnt/c/Users/Administrator/Documents/Mechanical/Humaniod/install/human_urdf/lib/pkgconfig/human_urdf.pc'
[3.769s] Level 1:colcon.colcon_core.environment:checking '/mnt/c/Users/Administrator/Documents/Mechanical/Humaniod/install/human_urdf/lib/python3.10/site-packages'
[3.773s] Level 1:colcon.colcon_core.environment:checking '/mnt/c/Users/Administrator/Documents/Mechanical/Humaniod/install/human_urdf/bin'
[3.776s] INFO:colcon.colcon_core.shell:Creating package script '/mnt/c/Users/Administrator/Documents/Mechanical/Humaniod/install/human_urdf/share/human_urdf/package.ps1'
[3.791s] INFO:colcon.colcon_core.shell:Creating package descriptor '/mnt/c/Users/Administrator/Documents/Mechanical/Humaniod/install/human_urdf/share/human_urdf/package.dsv'
[3.805s] INFO:colcon.colcon_core.shell:Creating package script '/mnt/c/Users/Administrator/Documents/Mechanical/Humaniod/install/human_urdf/share/human_urdf/package.sh'
[3.818s] INFO:colcon.colcon_core.shell:Creating package script '/mnt/c/Users/Administrator/Documents/Mechanical/Humaniod/install/human_urdf/share/human_urdf/package.bash'
[3.837s] INFO:colcon.colcon_core.shell:Creating package script '/mnt/c/Users/Administrator/Documents/Mechanical/Humaniod/install/human_urdf/share/human_urdf/package.zsh'
[3.852s] Level 1:colcon.colcon_core.environment:create_file_with_runtime_dependencies(/mnt/c/Users/Administrator/Documents/Mechanical/Humaniod/install/human_urdf/share/colcon-core/packages/human_urdf)
[3.863s] DEBUG:colcon.colcon_parallel_executor.executor.parallel:closing loop
[3.864s] DEBUG:colcon.colcon_parallel_executor.executor.parallel:loop closed
[3.865s] DEBUG:colcon.colcon_parallel_executor.executor.parallel:run_until_complete finished with '0'
[3.866s] DEBUG:colcon.colcon_core.event_reactor:joining thread
[3.989s] INFO:colcon.colcon_core.plugin_system:Skipping extension 'colcon_notification.desktop_notification.notify_send': Could not find 'notify-send'
[3.990s] INFO:colcon.colcon_core.plugin_system:Skipping extension 'colcon_notification.desktop_notification.terminal_notifier': Not used on non-Darwin systems
[3.991s] INFO:colcon.colcon_core.plugin_system:Skipping extension 'colcon_notification.desktop_notification.win32': Not used on non-Windows systems
[3.991s] INFO:colcon.colcon_notification.desktop_notification:Sending desktop notification using 'notify2'
[3.995s] DEBUG:colcon.colcon_notification.desktop_notification.notify2:Failed to initialize notify2: org.freedesktop.DBus.Error.ServiceUnknown: The name org.freedesktop.Notifications was not provided by any .service files
[3.995s] DEBUG:colcon.colcon_core.event_reactor:joined thread
[3.997s] INFO:colcon.colcon_core.shell:Creating prefix script '/mnt/c/Users/Administrator/Documents/Mechanical/Humaniod/install/local_setup.ps1'
[4.005s] INFO:colcon.colcon_core.shell:Creating prefix util module '/mnt/c/Users/Administrator/Documents/Mechanical/Humaniod/install/_local_setup_util_ps1.py'
[4.015s] INFO:colcon.colcon_core.shell:Creating prefix chain script '/mnt/c/Users/Administrator/Documents/Mechanical/Humaniod/install/setup.ps1'
[4.065s] INFO:colcon.colcon_core.shell:Creating prefix script '/mnt/c/Users/Administrator/Documents/Mechanical/Humaniod/install/local_setup.sh'
[4.077s] INFO:colcon.colcon_core.shell:Creating prefix util module '/mnt/c/Users/Administrator/Documents/Mechanical/Humaniod/install/_local_setup_util_sh.py'
[4.088s] INFO:colcon.colcon_core.shell:Creating prefix chain script '/mnt/c/Users/Administrator/Documents/Mechanical/Humaniod/install/setup.sh'
[4.127s] INFO:colcon.colcon_core.shell:Creating prefix script '/mnt/c/Users/Administrator/Documents/Mechanical/Humaniod/install/local_setup.bash'
[4.135s] INFO:colcon.colcon_core.shell:Creating prefix chain script '/mnt/c/Users/Administrator/Documents/Mechanical/Humaniod/install/setup.bash'
[4.158s] INFO:colcon.colcon_core.shell:Creating prefix script '/mnt/c/Users/Administrator/Documents/Mechanical/Humaniod/install/local_setup.zsh'
[4.163s] INFO:colcon.colcon_core.shell:Creating prefix chain script '/mnt/c/Users/Administrator/Documents/Mechanical/Humaniod/install/setup.zsh'
