[0.202s] Invoking command in '/mnt/c/Users/Administrator/Documents/Mechanical/Humaniod/build/human_urdf': CMAKE_PREFIX_PATH=${CMAKE_PREFIX_PATH}:/opt/ros/humble /usr/bin/cmake --build /mnt/c/Users/Administrator/Documents/Mechanical/Humaniod/build/human_urdf -- -j8 -l8
[0.400s] Invoked command in '/mnt/c/Users/Administrator/Documents/Mechanical/Humaniod/build/human_urdf' returned '0': CMAKE_PREFIX_PATH=${CMAKE_PREFIX_PATH}:/opt/ros/humble /usr/bin/cmake --build /mnt/c/Users/Administrator/Documents/Mechanical/Humaniod/build/human_urdf -- -j8 -l8
[0.438s] Invoking command in '/mnt/c/Users/Administrator/Documents/Mechanical/Humaniod/build/human_urdf': CMAKE_PREFIX_PATH=${CMAKE_PREFIX_PATH}:/opt/ros/humble /usr/bin/cmake --install /mnt/c/Users/Administrator/Documents/Mechanical/Humaniod/build/human_urdf
[0.460s] -- Install configuration: ""
[0.474s] -- Up-to-date: /mnt/c/Users/Administrator/Documents/Mechanical/Humaniod/install/human_urdf/share/human_urdf/config
[0.510s] -- Up-to-date: /mnt/c/Users/Administrator/Documents/Mechanical/Humaniod/install/human_urdf/share/human_urdf/config/joint_names_human_urdf.yaml
[0.528s] -- Up-to-date: /mnt/c/Users/Administrator/Documents/Mechanical/Humaniod/install/human_urdf/share/human_urdf/launch
[0.696s] -- Up-to-date: /mnt/c/Users/Administrator/Documents/Mechanical/Humaniod/install/human_urdf/share/human_urdf/launch/display.launch
[0.721s] -- Up-to-date: /mnt/c/Users/Administrator/Documents/Mechanical/Humaniod/install/human_urdf/share/human_urdf/launch/display.launch.py
[0.751s] -- Installing: /mnt/c/Users/Administrator/Documents/Mechanical/Humaniod/install/human_urdf/share/human_urdf/launch/gazebo.launch.py
[0.825s] -- Up-to-date: /mnt/c/Users/Administrator/Documents/Mechanical/Humaniod/install/human_urdf/share/human_urdf/meshes
[0.860s] -- Up-to-date: /mnt/c/Users/Administrator/Documents/Mechanical/Humaniod/install/human_urdf/share/human_urdf/meshes/base_link.STL
[0.893s] -- Up-to-date: /mnt/c/Users/Administrator/Documents/Mechanical/Humaniod/install/human_urdf/share/human_urdf/meshes/elbowL_link.STL
[0.923s] -- Up-to-date: /mnt/c/Users/Administrator/Documents/Mechanical/Humaniod/install/human_urdf/share/human_urdf/meshes/elbowR_link.STL
[0.958s] -- Up-to-date: /mnt/c/Users/Administrator/Documents/Mechanical/Humaniod/install/human_urdf/share/human_urdf/meshes/kneeL_link.STL
[0.986s] -- Up-to-date: /mnt/c/Users/Administrator/Documents/Mechanical/Humaniod/install/human_urdf/share/human_urdf/meshes/kneeR_link.STL
[1.008s] -- Up-to-date: /mnt/c/Users/Administrator/Documents/Mechanical/Humaniod/install/human_urdf/share/human_urdf/meshes/neck_link.STL
[1.029s] -- Up-to-date: /mnt/c/Users/Administrator/Documents/Mechanical/Humaniod/install/human_urdf/share/human_urdf/meshes/shoulderL_link.STL
[1.064s] -- Up-to-date: /mnt/c/Users/Administrator/Documents/Mechanical/Humaniod/install/human_urdf/share/human_urdf/meshes/shoulderR_link.STL
[1.088s] -- Up-to-date: /mnt/c/Users/Administrator/Documents/Mechanical/Humaniod/install/human_urdf/share/human_urdf/meshes/waistL_link.STL
[1.111s] -- Up-to-date: /mnt/c/Users/Administrator/Documents/Mechanical/Humaniod/install/human_urdf/share/human_urdf/meshes/waistR_link.STL
[1.131s] -- Up-to-date: /mnt/c/Users/Administrator/Documents/Mechanical/Humaniod/install/human_urdf/share/human_urdf/urdf
[1.165s] -- Up-to-date: /mnt/c/Users/Administrator/Documents/Mechanical/Humaniod/install/human_urdf/share/human_urdf/urdf/human_gazebo.xacro
[1.194s] -- Up-to-date: /mnt/c/Users/Administrator/Documents/Mechanical/Humaniod/install/human_urdf/share/human_urdf/urdf/human_ros2_control.xacro
[1.216s] -- Up-to-date: /mnt/c/Users/Administrator/Documents/Mechanical/Humaniod/install/human_urdf/share/human_urdf/urdf/human_urdf.csv
[1.240s] -- Up-to-date: /mnt/c/Users/Administrator/Documents/Mechanical/Humaniod/install/human_urdf/share/human_urdf/urdf/human_urdf.urdf.xacro
[1.260s] -- Up-to-date: /mnt/c/Users/Administrator/Documents/Mechanical/Humaniod/install/human_urdf/share/human_urdf/worlds
[1.289s] -- Up-to-date: /mnt/c/Users/Administrator/Documents/Mechanical/Humaniod/install/human_urdf/share/human_urdf/worlds/empty.sdf
[1.322s] -- Up-to-date: /mnt/c/Users/Administrator/Documents/Mechanical/Humaniod/install/human_urdf/share/ament_index/resource_index/package_run_dependencies/human_urdf
[1.366s] -- Up-to-date: /mnt/c/Users/Administrator/Documents/Mechanical/Humaniod/install/human_urdf/share/ament_index/resource_index/parent_prefix_path/human_urdf
[1.389s] -- Up-to-date: /mnt/c/Users/Administrator/Documents/Mechanical/Humaniod/install/human_urdf/share/human_urdf/environment/ament_prefix_path.sh
[1.409s] -- Up-to-date: /mnt/c/Users/Administrator/Documents/Mechanical/Humaniod/install/human_urdf/share/human_urdf/environment/ament_prefix_path.dsv
[1.424s] -- Up-to-date: /mnt/c/Users/Administrator/Documents/Mechanical/Humaniod/install/human_urdf/share/human_urdf/environment/path.sh
[1.453s] -- Up-to-date: /mnt/c/Users/Administrator/Documents/Mechanical/Humaniod/install/human_urdf/share/human_urdf/environment/path.dsv
[1.480s] -- Up-to-date: /mnt/c/Users/Administrator/Documents/Mechanical/Humaniod/install/human_urdf/share/human_urdf/local_setup.bash
[1.503s] -- Up-to-date: /mnt/c/Users/Administrator/Documents/Mechanical/Humaniod/install/human_urdf/share/human_urdf/local_setup.sh
[1.522s] -- Up-to-date: /mnt/c/Users/Administrator/Documents/Mechanical/Humaniod/install/human_urdf/share/human_urdf/local_setup.zsh
[1.542s] -- Up-to-date: /mnt/c/Users/Administrator/Documents/Mechanical/Humaniod/install/human_urdf/share/human_urdf/local_setup.dsv
[1.562s] -- Installing: /mnt/c/Users/Administrator/Documents/Mechanical/Humaniod/install/human_urdf/share/human_urdf/package.dsv
[1.641s] -- Up-to-date: /mnt/c/Users/Administrator/Documents/Mechanical/Humaniod/install/human_urdf/share/ament_index/resource_index/packages/human_urdf
[1.665s] -- Up-to-date: /mnt/c/Users/Administrator/Documents/Mechanical/Humaniod/install/human_urdf/share/human_urdf/cmake/human_urdfConfig.cmake
[1.689s] -- Up-to-date: /mnt/c/Users/Administrator/Documents/Mechanical/Humaniod/install/human_urdf/share/human_urdf/cmake/human_urdfConfig-version.cmake
[1.712s] -- Up-to-date: /mnt/c/Users/Administrator/Documents/Mechanical/Humaniod/install/human_urdf/share/human_urdf/package.xml
[1.804s] Invoked command in '/mnt/c/Users/Administrator/Documents/Mechanical/Humaniod/build/human_urdf' returned '0': CMAKE_PREFIX_PATH=${CMAKE_PREFIX_PATH}:/opt/ros/humble /usr/bin/cmake --install /mnt/c/Users/Administrator/Documents/Mechanical/Humaniod/build/human_urdf
