[0.291s] Invoking command in '/mnt/c/Users/Administrator/Documents/Mechanical/Humaniod/build/human_controller': CMAKE_PREFIX_PATH=${CMAKE_PREFIX_PATH}:/opt/ros/humble /usr/bin/cmake --build /mnt/c/Users/Administrator/Documents/Mechanical/Humaniod/build/human_controller -- -j8 -l8
[0.485s] Invoked command in '/mnt/c/Users/Administrator/Documents/Mechanical/Humaniod/build/human_controller' returned '0': CMAKE_PREFIX_PATH=${CMAKE_PREFIX_PATH}:/opt/ros/humble /usr/bin/cmake --build /mnt/c/Users/Administrator/Documents/Mechanical/Humaniod/build/human_controller -- -j8 -l8
[0.579s] Invoking command in '/mnt/c/Users/Administrator/Documents/Mechanical/Humaniod/build/human_controller': CMAKE_PREFIX_PATH=${CMAKE_PREFIX_PATH}:/opt/ros/humble /usr/bin/cmake --install /mnt/c/Users/Administrator/Documents/Mechanical/Humaniod/build/human_controller
[0.636s] -- Install configuration: ""
[0.669s] -- Execute custom install script
[0.742s] -- Up-to-date symlink: /mnt/c/Users/Administrator/Documents/Mechanical/Humaniod/install/human_controller/share/human_controller/config/human_controllers.yaml
[0.788s] -- Up-to-date symlink: /mnt/c/Users/Administrator/Documents/Mechanical/Humaniod/install/human_controller/share/human_controller/launch/controller.launch.py
[0.862s] -- Up-to-date symlink: /mnt/c/Users/Administrator/Documents/Mechanical/Humaniod/install/human_controller/share/ament_index/resource_index/package_run_dependencies/human_controller
[0.934s] -- Up-to-date symlink: /mnt/c/Users/Administrator/Documents/Mechanical/Humaniod/install/human_controller/share/ament_index/resource_index/parent_prefix_path/human_controller
[0.958s] -- Up-to-date symlink: /mnt/c/Users/Administrator/Documents/Mechanical/Humaniod/install/human_controller/share/human_controller/environment/ament_prefix_path.sh
[0.986s] -- Up-to-date symlink: /mnt/c/Users/Administrator/Documents/Mechanical/Humaniod/install/human_controller/share/human_controller/environment/ament_prefix_path.dsv
[1.009s] -- Up-to-date symlink: /mnt/c/Users/Administrator/Documents/Mechanical/Humaniod/install/human_controller/share/human_controller/environment/path.sh
[1.036s] -- Up-to-date symlink: /mnt/c/Users/Administrator/Documents/Mechanical/Humaniod/install/human_controller/share/human_controller/environment/path.dsv
[1.060s] -- Up-to-date symlink: /mnt/c/Users/Administrator/Documents/Mechanical/Humaniod/install/human_controller/share/human_controller/local_setup.bash
[1.085s] -- Up-to-date symlink: /mnt/c/Users/Administrator/Documents/Mechanical/Humaniod/install/human_controller/share/human_controller/local_setup.sh
[1.115s] -- Up-to-date symlink: /mnt/c/Users/Administrator/Documents/Mechanical/Humaniod/install/human_controller/share/human_controller/local_setup.zsh
[1.143s] -- Up-to-date symlink: /mnt/c/Users/Administrator/Documents/Mechanical/Humaniod/install/human_controller/share/human_controller/local_setup.dsv
[1.156s] -- Symlinking: /mnt/c/Users/Administrator/Documents/Mechanical/Humaniod/install/human_controller/share/human_controller/package.dsv
[1.269s] -- Up-to-date symlink: /mnt/c/Users/Administrator/Documents/Mechanical/Humaniod/install/human_controller/share/ament_index/resource_index/packages/human_controller
[1.297s] -- Up-to-date symlink: /mnt/c/Users/Administrator/Documents/Mechanical/Humaniod/install/human_controller/share/human_controller/cmake/human_controllerConfig.cmake
[1.324s] -- Up-to-date symlink: /mnt/c/Users/Administrator/Documents/Mechanical/Humaniod/install/human_controller/share/human_controller/cmake/human_controllerConfig-version.cmake
[1.346s] -- Up-to-date symlink: /mnt/c/Users/Administrator/Documents/Mechanical/Humaniod/install/human_controller/share/human_controller/package.xml
[1.353s] Invoked command in '/mnt/c/Users/Administrator/Documents/Mechanical/Humaniod/build/human_controller' returned '0': CMAKE_PREFIX_PATH=${CMAKE_PREFIX_PATH}:/opt/ros/humble /usr/bin/cmake --install /mnt/c/Users/Administrator/Documents/Mechanical/Humaniod/build/human_controller
