[0.283s] Invoking command in '/mnt/c/Users/Administrator/Documents/Mechanical/Humaniod/build/human_urdf': CMAKE_PREFIX_PATH=${CMAKE_PREFIX_PATH}:/opt/ros/humble /usr/bin/cmake --build /mnt/c/Users/Administrator/Documents/Mechanical/Humaniod/build/human_urdf -- -j8 -l8
[0.694s] Invoked command in '/mnt/c/Users/Administrator/Documents/Mechanical/Humaniod/build/human_urdf' returned '0': CMAKE_PREFIX_PATH=${CMAKE_PREFIX_PATH}:/opt/ros/humble /usr/bin/cmake --build /mnt/c/Users/Administrator/Documents/Mechanical/Humaniod/build/human_urdf -- -j8 -l8
[0.771s] Invoking command in '/mnt/c/Users/Administrator/Documents/Mechanical/Humaniod/build/human_urdf': CMAKE_PREFIX_PATH=${CMAKE_PREFIX_PATH}:/opt/ros/humble /usr/bin/cmake --install /mnt/c/Users/Administrator/Documents/Mechanical/Humaniod/build/human_urdf
[0.795s] -- Install configuration: ""
[0.815s] -- Up-to-date: /mnt/c/Users/Administrator/Documents/Mechanical/Humaniod/install/human_urdf/share/human_urdf/config
[0.917s] -- Up-to-date: /mnt/c/Users/Administrator/Documents/Mechanical/Humaniod/install/human_urdf/share/human_urdf/config/joint_names_human_urdf.yaml
[0.950s] -- Up-to-date: /mnt/c/Users/Administrator/Documents/Mechanical/Humaniod/install/human_urdf/share/human_urdf/launch
[1.000s] -- Up-to-date: /mnt/c/Users/Administrator/Documents/Mechanical/Humaniod/install/human_urdf/share/human_urdf/launch/display.launch
[1.032s] -- Up-to-date: /mnt/c/Users/Administrator/Documents/Mechanical/Humaniod/install/human_urdf/share/human_urdf/launch/display.launch.py
[1.073s] -- Installing: /mnt/c/Users/Administrator/Documents/Mechanical/Humaniod/install/human_urdf/share/human_urdf/launch/gazebo.launch.py
[1.189s] -- Up-to-date: /mnt/c/Users/Administrator/Documents/Mechanical/Humaniod/install/human_urdf/share/human_urdf/meshes
[1.217s] -- Up-to-date: /mnt/c/Users/Administrator/Documents/Mechanical/Humaniod/install/human_urdf/share/human_urdf/meshes/base_link.STL
[1.262s] -- Up-to-date: /mnt/c/Users/Administrator/Documents/Mechanical/Humaniod/install/human_urdf/share/human_urdf/meshes/elbowL_link.STL
[1.300s] -- Up-to-date: /mnt/c/Users/Administrator/Documents/Mechanical/Humaniod/install/human_urdf/share/human_urdf/meshes/elbowR_link.STL
[1.323s] -- Up-to-date: /mnt/c/Users/Administrator/Documents/Mechanical/Humaniod/install/human_urdf/share/human_urdf/meshes/kneeL_link.STL
[1.352s] -- Up-to-date: /mnt/c/Users/Administrator/Documents/Mechanical/Humaniod/install/human_urdf/share/human_urdf/meshes/kneeR_link.STL
[1.380s] -- Up-to-date: /mnt/c/Users/Administrator/Documents/Mechanical/Humaniod/install/human_urdf/share/human_urdf/meshes/neck_link.STL
[1.404s] -- Up-to-date: /mnt/c/Users/Administrator/Documents/Mechanical/Humaniod/install/human_urdf/share/human_urdf/meshes/shoulderL_link.STL
[1.425s] -- Up-to-date: /mnt/c/Users/Administrator/Documents/Mechanical/Humaniod/install/human_urdf/share/human_urdf/meshes/shoulderR_link.STL
[1.453s] -- Up-to-date: /mnt/c/Users/Administrator/Documents/Mechanical/Humaniod/install/human_urdf/share/human_urdf/meshes/waistL_link.STL
[1.474s] -- Up-to-date: /mnt/c/Users/Administrator/Documents/Mechanical/Humaniod/install/human_urdf/share/human_urdf/meshes/waistR_link.STL
[1.493s] -- Up-to-date: /mnt/c/Users/Administrator/Documents/Mechanical/Humaniod/install/human_urdf/share/human_urdf/urdf
[1.521s] -- Up-to-date: /mnt/c/Users/Administrator/Documents/Mechanical/Humaniod/install/human_urdf/share/human_urdf/urdf/human_gazebo.xacro
[1.545s] -- Up-to-date: /mnt/c/Users/Administrator/Documents/Mechanical/Humaniod/install/human_urdf/share/human_urdf/urdf/human_ros2_control.xacro
[1.568s] -- Up-to-date: /mnt/c/Users/Administrator/Documents/Mechanical/Humaniod/install/human_urdf/share/human_urdf/urdf/human_urdf.csv
[1.592s] -- Up-to-date: /mnt/c/Users/Administrator/Documents/Mechanical/Humaniod/install/human_urdf/share/human_urdf/urdf/human_urdf.urdf.xacro
[1.607s] -- Up-to-date: /mnt/c/Users/Administrator/Documents/Mechanical/Humaniod/install/human_urdf/share/human_urdf/worlds
[1.634s] -- Up-to-date: /mnt/c/Users/Administrator/Documents/Mechanical/Humaniod/install/human_urdf/share/human_urdf/worlds/empty.sdf
[1.670s] -- Up-to-date: /mnt/c/Users/Administrator/Documents/Mechanical/Humaniod/install/human_urdf/share/ament_index/resource_index/package_run_dependencies/human_urdf
[1.703s] -- Up-to-date: /mnt/c/Users/Administrator/Documents/Mechanical/Humaniod/install/human_urdf/share/ament_index/resource_index/parent_prefix_path/human_urdf
[1.721s] -- Up-to-date: /mnt/c/Users/Administrator/Documents/Mechanical/Humaniod/install/human_urdf/share/human_urdf/environment/ament_prefix_path.sh
[1.748s] -- Up-to-date: /mnt/c/Users/Administrator/Documents/Mechanical/Humaniod/install/human_urdf/share/human_urdf/environment/ament_prefix_path.dsv
[1.767s] -- Up-to-date: /mnt/c/Users/Administrator/Documents/Mechanical/Humaniod/install/human_urdf/share/human_urdf/environment/path.sh
[1.786s] -- Up-to-date: /mnt/c/Users/Administrator/Documents/Mechanical/Humaniod/install/human_urdf/share/human_urdf/environment/path.dsv
[1.805s] -- Up-to-date: /mnt/c/Users/Administrator/Documents/Mechanical/Humaniod/install/human_urdf/share/human_urdf/local_setup.bash
[1.822s] -- Up-to-date: /mnt/c/Users/Administrator/Documents/Mechanical/Humaniod/install/human_urdf/share/human_urdf/local_setup.sh
[1.840s] -- Up-to-date: /mnt/c/Users/Administrator/Documents/Mechanical/Humaniod/install/human_urdf/share/human_urdf/local_setup.zsh
[1.859s] -- Up-to-date: /mnt/c/Users/Administrator/Documents/Mechanical/Humaniod/install/human_urdf/share/human_urdf/local_setup.dsv
[1.876s] -- Installing: /mnt/c/Users/Administrator/Documents/Mechanical/Humaniod/install/human_urdf/share/human_urdf/package.dsv
[1.951s] -- Up-to-date: /mnt/c/Users/Administrator/Documents/Mechanical/Humaniod/install/human_urdf/share/ament_index/resource_index/packages/human_urdf
[1.977s] -- Up-to-date: /mnt/c/Users/Administrator/Documents/Mechanical/Humaniod/install/human_urdf/share/human_urdf/cmake/human_urdfConfig.cmake
[1.994s] -- Up-to-date: /mnt/c/Users/Administrator/Documents/Mechanical/Humaniod/install/human_urdf/share/human_urdf/cmake/human_urdfConfig-version.cmake
[2.018s] -- Up-to-date: /mnt/c/Users/Administrator/Documents/Mechanical/Humaniod/install/human_urdf/share/human_urdf/package.xml
[2.099s] Invoked command in '/mnt/c/Users/Administrator/Documents/Mechanical/Humaniod/build/human_urdf' returned '0': CMAKE_PREFIX_PATH=${CMAKE_PREFIX_PATH}:/opt/ros/humble /usr/bin/cmake --install /mnt/c/Users/Administrator/Documents/Mechanical/Humaniod/build/human_urdf
