[0.536s] DEBUG:colcon:Command line arguments: ['/usr/bin/colcon', 'build']
[0.537s] DEBUG:colcon:Parsed command line arguments: Namespace(log_base=None, log_level=None, verb_name='build', build_base='build', install_base='install', merge_install=False, symlink_install=False, test_result_base=None, continue_on_error=False, executor='parallel', parallel_workers=8, event_handlers=None, ignore_user_meta=False, metas=['./colcon.meta'], base_paths=['.'], packages_ignore=None, packages_ignore_regex=None, paths=None, packages_up_to=None, packages_up_to_regex=None, packages_above=None, packages_above_and_dependencies=None, packages_above_depth=None, packages_select_by_dep=None, packages_skip_by_dep=None, packages_skip_up_to=None, packages_select_build_failed=False, packages_skip_build_finished=False, packages_select_test_failures=False, packages_skip_test_passed=False, packages_select=None, packages_skip=None, packages_select_regex=None, packages_skip_regex=None, packages_start=None, packages_end=None, allow_overriding=[], cmake_args=None, cmake_target=None, cmake_target_skip_unavailable=False, cmake_clean_cache=False, cmake_clean_first=False, cmake_force_configure=False, ament_cmake_args=None, catkin_cmake_args=None, catkin_skip_building_tests=False, mixin_files=None, mixin=None, verb_parser=<colcon_mixin.mixin.mixin_argument.MixinArgumentDecorator object at 0x71e8f7462aa0>, verb_extension=<colcon_core.verb.build.BuildVerb object at 0x71e8f74624d0>, main=<bound method BuildVerb.main of <colcon_core.verb.build.BuildVerb object at 0x71e8f74624d0>>, mixin_verb=('build',))
[1.112s] Level 1:colcon.colcon_core.package_discovery:discover_packages(colcon_meta) check parameters
[1.117s] Level 1:colcon.colcon_core.package_discovery:discover_packages(recursive) check parameters
[1.120s] Level 1:colcon.colcon_core.package_discovery:discover_packages(ignore) check parameters
[1.121s] Level 1:colcon.colcon_core.package_discovery:discover_packages(path) check parameters
[1.122s] Level 1:colcon.colcon_core.package_discovery:discover_packages(colcon_meta) discover
[1.123s] Level 1:colcon.colcon_core.package_discovery:discover_packages(recursive) discover
[1.124s] INFO:colcon.colcon_core.package_discovery:Crawling recursively for packages in '/mnt/c/Users/Administrator/Documents/Mechanical/Humaniod'
[1.127s] Level 1:colcon.colcon_core.package_identification:_identify(.) by extensions ['ignore', 'ignore_ament_install']
[1.129s] Level 1:colcon.colcon_core.package_identification:_identify(.) by extension 'ignore'
[1.132s] Level 1:colcon.colcon_core.package_identification:_identify(.) by extension 'ignore_ament_install'
[1.134s] Level 1:colcon.colcon_core.package_identification:_identify(.) by extensions ['colcon_pkg']
[1.138s] Level 1:colcon.colcon_core.package_identification:_identify(.) by extension 'colcon_pkg'
[1.141s] Level 1:colcon.colcon_core.package_identification:_identify(.) by extensions ['colcon_meta']
[1.142s] Level 1:colcon.colcon_core.package_identification:_identify(.) by extension 'colcon_meta'
[1.143s] Level 1:colcon.colcon_core.package_identification:_identify(.) by extensions ['ros']
[1.144s] Level 1:colcon.colcon_core.package_identification:_identify(.) by extension 'ros'
[1.189s] Level 1:colcon.colcon_core.package_identification:_identify(.) by extensions ['cmake', 'python']
[1.195s] Level 1:colcon.colcon_core.package_identification:_identify(.) by extension 'cmake'
[1.210s] Level 1:colcon.colcon_core.package_identification:_identify(.) by extension 'python'
[1.211s] Level 1:colcon.colcon_core.package_identification:_identify(.) by extensions ['python_setup_py']
[1.212s] Level 1:colcon.colcon_core.package_identification:_identify(.) by extension 'python_setup_py'
[1.240s] Level 1:colcon.colcon_core.package_identification:_identify(build) by extensions ['ignore', 'ignore_ament_install']
[1.243s] Level 1:colcon.colcon_core.package_identification:_identify(build) by extension 'ignore'
[1.245s] Level 1:colcon.colcon_core.package_identification:_identify(build) ignored
[1.253s] Level 1:colcon.colcon_core.package_identification:_identify(install) by extensions ['ignore', 'ignore_ament_install']
[1.256s] Level 1:colcon.colcon_core.package_identification:_identify(install) by extension 'ignore'
[1.260s] Level 1:colcon.colcon_core.package_identification:_identify(install) ignored
[1.284s] Level 1:colcon.colcon_core.package_identification:_identify(log) by extensions ['ignore', 'ignore_ament_install']
[1.289s] Level 1:colcon.colcon_core.package_identification:_identify(log) by extension 'ignore'
[1.293s] Level 1:colcon.colcon_core.package_identification:_identify(log) ignored
[1.302s] Level 1:colcon.colcon_core.package_identification:_identify(src) by extensions ['ignore', 'ignore_ament_install']
[1.304s] Level 1:colcon.colcon_core.package_identification:_identify(src) by extension 'ignore'
[1.308s] Level 1:colcon.colcon_core.package_identification:_identify(src) by extension 'ignore_ament_install'
[1.320s] Level 1:colcon.colcon_core.package_identification:_identify(src) by extensions ['colcon_pkg']
[1.323s] Level 1:colcon.colcon_core.package_identification:_identify(src) by extension 'colcon_pkg'
[1.327s] Level 1:colcon.colcon_core.package_identification:_identify(src) by extensions ['colcon_meta']
[1.329s] Level 1:colcon.colcon_core.package_identification:_identify(src) by extension 'colcon_meta'
[1.337s] Level 1:colcon.colcon_core.package_identification:_identify(src) by extensions ['ros']
[1.339s] Level 1:colcon.colcon_core.package_identification:_identify(src) by extension 'ros'
[1.348s] Level 1:colcon.colcon_core.package_identification:_identify(src) by extensions ['cmake', 'python']
[1.351s] Level 1:colcon.colcon_core.package_identification:_identify(src) by extension 'cmake'
[1.354s] Level 1:colcon.colcon_core.package_identification:_identify(src) by extension 'python'
[1.359s] Level 1:colcon.colcon_core.package_identification:_identify(src) by extensions ['python_setup_py']
[1.360s] Level 1:colcon.colcon_core.package_identification:_identify(src) by extension 'python_setup_py'
[1.372s] Level 1:colcon.colcon_core.package_identification:_identify(src/files) by extensions ['ignore', 'ignore_ament_install']
[1.373s] Level 1:colcon.colcon_core.package_identification:_identify(src/files) by extension 'ignore'
[1.376s] Level 1:colcon.colcon_core.package_identification:_identify(src/files) by extension 'ignore_ament_install'
[1.380s] Level 1:colcon.colcon_core.package_identification:_identify(src/files) by extensions ['colcon_pkg']
[1.382s] Level 1:colcon.colcon_core.package_identification:_identify(src/files) by extension 'colcon_pkg'
[1.386s] Level 1:colcon.colcon_core.package_identification:_identify(src/files) by extensions ['colcon_meta']
[1.388s] Level 1:colcon.colcon_core.package_identification:_identify(src/files) by extension 'colcon_meta'
[1.392s] Level 1:colcon.colcon_core.package_identification:_identify(src/files) by extensions ['ros']
[1.393s] Level 1:colcon.colcon_core.package_identification:_identify(src/files) by extension 'ros'
[1.406s] Level 1:colcon.colcon_core.package_identification:_identify(src/files) by extensions ['cmake', 'python']
[1.407s] Level 1:colcon.colcon_core.package_identification:_identify(src/files) by extension 'cmake'
[1.409s] Level 1:colcon.colcon_core.package_identification:_identify(src/files) by extension 'python'
[1.412s] Level 1:colcon.colcon_core.package_identification:_identify(src/files) by extensions ['python_setup_py']
[1.413s] Level 1:colcon.colcon_core.package_identification:_identify(src/files) by extension 'python_setup_py'
[1.427s] Level 1:colcon.colcon_core.package_identification:_identify(src/human_controller) by extensions ['ignore', 'ignore_ament_install']
[1.428s] Level 1:colcon.colcon_core.package_identification:_identify(src/human_controller) by extension 'ignore'
[1.494s] Level 1:colcon.colcon_core.package_identification:_identify(src/human_controller) by extension 'ignore_ament_install'
[1.511s] Level 1:colcon.colcon_core.package_identification:_identify(src/human_controller) by extensions ['colcon_pkg']
[1.515s] Level 1:colcon.colcon_core.package_identification:_identify(src/human_controller) by extension 'colcon_pkg'
[1.519s] Level 1:colcon.colcon_core.package_identification:_identify(src/human_controller) by extensions ['colcon_meta']
[1.521s] Level 1:colcon.colcon_core.package_identification:_identify(src/human_controller) by extension 'colcon_meta'
[1.524s] Level 1:colcon.colcon_core.package_identification:_identify(src/human_controller) by extensions ['ros']
[1.525s] Level 1:colcon.colcon_core.package_identification:_identify(src/human_controller) by extension 'ros'
[1.555s] DEBUG:colcon.colcon_core.package_identification:Package 'src/human_controller' with type 'ros.ament_cmake' and name 'human_controller'
[1.560s] Level 1:colcon.colcon_core.package_identification:_identify(src/human_urdf) by extensions ['ignore', 'ignore_ament_install']
[1.561s] Level 1:colcon.colcon_core.package_identification:_identify(src/human_urdf) by extension 'ignore'
[1.563s] Level 1:colcon.colcon_core.package_identification:_identify(src/human_urdf) by extension 'ignore_ament_install'
[1.567s] Level 1:colcon.colcon_core.package_identification:_identify(src/human_urdf) by extensions ['colcon_pkg']
[1.567s] Level 1:colcon.colcon_core.package_identification:_identify(src/human_urdf) by extension 'colcon_pkg'
[1.569s] Level 1:colcon.colcon_core.package_identification:_identify(src/human_urdf) by extensions ['colcon_meta']
[1.570s] Level 1:colcon.colcon_core.package_identification:_identify(src/human_urdf) by extension 'colcon_meta'
[1.572s] Level 1:colcon.colcon_core.package_identification:_identify(src/human_urdf) by extensions ['ros']
[1.573s] Level 1:colcon.colcon_core.package_identification:_identify(src/human_urdf) by extension 'ros'
[1.588s] DEBUG:colcon.colcon_core.package_identification:Package 'src/human_urdf' with type 'ros.ament_cmake' and name 'human_urdf'
[1.589s] Level 1:colcon.colcon_core.package_discovery:discover_packages(recursive) using defaults
[1.590s] Level 1:colcon.colcon_core.package_discovery:discover_packages(ignore) discover
[1.590s] Level 1:colcon.colcon_core.package_discovery:discover_packages(ignore) using defaults
[1.591s] Level 1:colcon.colcon_core.package_discovery:discover_packages(path) discover
[1.592s] Level 1:colcon.colcon_core.package_discovery:discover_packages(path) using defaults
[1.679s] Level 1:colcon.colcon_core.package_discovery:discover_packages(prefix_path) check parameters
[1.680s] Level 1:colcon.colcon_core.package_discovery:discover_packages(prefix_path) discover
[1.743s] DEBUG:colcon.colcon_installed_package_information.package_discovery:Found 2 installed packages in /mnt/c/Users/Administrator/Documents/Mechanical/Humaniod/install
[1.749s] DEBUG:colcon.colcon_installed_package_information.package_discovery:Found 494 installed packages in /opt/ros/humble
[1.759s] Level 1:colcon.colcon_core.package_discovery:discover_packages(prefix_path) using defaults
[1.880s] Level 5:colcon.colcon_core.verb:set package 'human_controller' build argument 'cmake_args' from command line to 'None'
[1.881s] Level 5:colcon.colcon_core.verb:set package 'human_controller' build argument 'cmake_target' from command line to 'None'
[1.882s] Level 5:colcon.colcon_core.verb:set package 'human_controller' build argument 'cmake_target_skip_unavailable' from command line to 'False'
[1.883s] Level 5:colcon.colcon_core.verb:set package 'human_controller' build argument 'cmake_clean_cache' from command line to 'False'
[1.883s] Level 5:colcon.colcon_core.verb:set package 'human_controller' build argument 'cmake_clean_first' from command line to 'False'
[1.884s] Level 5:colcon.colcon_core.verb:set package 'human_controller' build argument 'cmake_force_configure' from command line to 'False'
[1.885s] Level 5:colcon.colcon_core.verb:set package 'human_controller' build argument 'ament_cmake_args' from command line to 'None'
[1.885s] Level 5:colcon.colcon_core.verb:set package 'human_controller' build argument 'catkin_cmake_args' from command line to 'None'
[1.886s] Level 5:colcon.colcon_core.verb:set package 'human_controller' build argument 'catkin_skip_building_tests' from command line to 'False'
[1.887s] DEBUG:colcon.colcon_core.verb:Building package 'human_controller' with the following arguments: {'ament_cmake_args': None, 'build_base': '/mnt/c/Users/Administrator/Documents/Mechanical/Humaniod/build/human_controller', 'catkin_cmake_args': None, 'catkin_skip_building_tests': False, 'cmake_args': None, 'cmake_clean_cache': False, 'cmake_clean_first': False, 'cmake_force_configure': False, 'cmake_target': None, 'cmake_target_skip_unavailable': False, 'install_base': '/mnt/c/Users/Administrator/Documents/Mechanical/Humaniod/install/human_controller', 'merge_install': False, 'path': '/mnt/c/Users/Administrator/Documents/Mechanical/Humaniod/src/human_controller', 'symlink_install': False, 'test_result_base': None}
[1.888s] Level 5:colcon.colcon_core.verb:set package 'human_urdf' build argument 'cmake_args' from command line to 'None'
[1.889s] Level 5:colcon.colcon_core.verb:set package 'human_urdf' build argument 'cmake_target' from command line to 'None'
[1.889s] Level 5:colcon.colcon_core.verb:set package 'human_urdf' build argument 'cmake_target_skip_unavailable' from command line to 'False'
[1.890s] Level 5:colcon.colcon_core.verb:set package 'human_urdf' build argument 'cmake_clean_cache' from command line to 'False'
[1.891s] Level 5:colcon.colcon_core.verb:set package 'human_urdf' build argument 'cmake_clean_first' from command line to 'False'
[1.891s] Level 5:colcon.colcon_core.verb:set package 'human_urdf' build argument 'cmake_force_configure' from command line to 'False'
[1.892s] Level 5:colcon.colcon_core.verb:set package 'human_urdf' build argument 'ament_cmake_args' from command line to 'None'
[1.892s] Level 5:colcon.colcon_core.verb:set package 'human_urdf' build argument 'catkin_cmake_args' from command line to 'None'
[1.893s] Level 5:colcon.colcon_core.verb:set package 'human_urdf' build argument 'catkin_skip_building_tests' from command line to 'False'
[1.895s] DEBUG:colcon.colcon_core.verb:Building package 'human_urdf' with the following arguments: {'ament_cmake_args': None, 'build_base': '/mnt/c/Users/Administrator/Documents/Mechanical/Humaniod/build/human_urdf', 'catkin_cmake_args': None, 'catkin_skip_building_tests': False, 'cmake_args': None, 'cmake_clean_cache': False, 'cmake_clean_first': False, 'cmake_force_configure': False, 'cmake_target': None, 'cmake_target_skip_unavailable': False, 'install_base': '/mnt/c/Users/Administrator/Documents/Mechanical/Humaniod/install/human_urdf', 'merge_install': False, 'path': '/mnt/c/Users/Administrator/Documents/Mechanical/Humaniod/src/human_urdf', 'symlink_install': False, 'test_result_base': None}
[1.896s] INFO:colcon.colcon_core.executor:Executing jobs using 'parallel' executor
[1.898s] DEBUG:colcon.colcon_parallel_executor.executor.parallel:run_until_complete
[1.900s] INFO:colcon.colcon_ros.task.ament_cmake.build:Building ROS package in '/mnt/c/Users/Administrator/Documents/Mechanical/Humaniod/src/human_controller' with build type 'ament_cmake'
[1.901s] INFO:colcon.colcon_cmake.task.cmake.build:Building CMake package in '/mnt/c/Users/Administrator/Documents/Mechanical/Humaniod/src/human_controller'
[1.906s] INFO:colcon.colcon_core.plugin_system:Skipping extension 'colcon_core.shell.bat': Not used on non-Windows systems
[1.907s] INFO:colcon.colcon_core.shell:Skip shell extension 'powershell' for command environment: Not usable outside of PowerShell
[1.907s] DEBUG:colcon.colcon_core.shell:Skip shell extension 'dsv' for command environment
[1.990s] INFO:colcon.colcon_ros.task.ament_cmake.build:Building ROS package in '/mnt/c/Users/Administrator/Documents/Mechanical/Humaniod/src/human_urdf' with build type 'ament_cmake'
[1.991s] INFO:colcon.colcon_cmake.task.cmake.build:Building CMake package in '/mnt/c/Users/Administrator/Documents/Mechanical/Humaniod/src/human_urdf'
[1.992s] INFO:colcon.colcon_core.shell:Skip shell extension 'powershell' for command environment: Not usable outside of PowerShell
[1.993s] DEBUG:colcon.colcon_core.shell:Skip shell extension 'dsv' for command environment
[2.125s] DEBUG:colcon.colcon_core.event_handler.log_command:Invoking command in '/mnt/c/Users/Administrator/Documents/Mechanical/Humaniod/build/human_controller': CMAKE_PREFIX_PATH=${CMAKE_PREFIX_PATH}:/opt/ros/humble /usr/bin/cmake --build /mnt/c/Users/Administrator/Documents/Mechanical/Humaniod/build/human_controller -- -j8 -l8
[2.168s] DEBUG:colcon.colcon_core.event_handler.log_command:Invoking command in '/mnt/c/Users/Administrator/Documents/Mechanical/Humaniod/build/human_urdf': CMAKE_PREFIX_PATH=${CMAKE_PREFIX_PATH}:/opt/ros/humble /usr/bin/cmake --build /mnt/c/Users/Administrator/Documents/Mechanical/Humaniod/build/human_urdf -- -j8 -l8
[2.294s] DEBUG:colcon.colcon_core.event_handler.log_command:Invoked command in '/mnt/c/Users/Administrator/Documents/Mechanical/Humaniod/build/human_controller' returned '0': CMAKE_PREFIX_PATH=${CMAKE_PREFIX_PATH}:/opt/ros/humble /usr/bin/cmake --build /mnt/c/Users/Administrator/Documents/Mechanical/Humaniod/build/human_controller -- -j8 -l8
[2.340s] DEBUG:colcon.colcon_core.event_handler.log_command:Invoking command in '/mnt/c/Users/Administrator/Documents/Mechanical/Humaniod/build/human_controller': CMAKE_PREFIX_PATH=${CMAKE_PREFIX_PATH}:/opt/ros/humble /usr/bin/cmake --install /mnt/c/Users/Administrator/Documents/Mechanical/Humaniod/build/human_controller
[2.345s] DEBUG:colcon.colcon_core.event_handler.log_command:Invoked command in '/mnt/c/Users/Administrator/Documents/Mechanical/Humaniod/build/human_urdf' returned '0': CMAKE_PREFIX_PATH=${CMAKE_PREFIX_PATH}:/opt/ros/humble /usr/bin/cmake --build /mnt/c/Users/Administrator/Documents/Mechanical/Humaniod/build/human_urdf -- -j8 -l8
[2.371s] DEBUG:colcon.colcon_core.event_handler.log_command:Invoking command in '/mnt/c/Users/Administrator/Documents/Mechanical/Humaniod/build/human_urdf': CMAKE_PREFIX_PATH=${CMAKE_PREFIX_PATH}:/opt/ros/humble /usr/bin/cmake --install /mnt/c/Users/Administrator/Documents/Mechanical/Humaniod/build/human_urdf
[3.063s] Level 1:colcon.colcon_core.environment:create_environment_scripts_only(human_controller)
[3.071s] DEBUG:colcon.colcon_core.event_handler.log_command:Invoked command in '/mnt/c/Users/Administrator/Documents/Mechanical/Humaniod/build/human_controller' returned '0': CMAKE_PREFIX_PATH=${CMAKE_PREFIX_PATH}:/opt/ros/humble /usr/bin/cmake --install /mnt/c/Users/Administrator/Documents/Mechanical/Humaniod/build/human_controller
[3.074s] Level 1:colcon.colcon_core.environment:checking '/mnt/c/Users/Administrator/Documents/Mechanical/Humaniod/install/human_controller' for CMake module files
[3.164s] Level 1:colcon.colcon_core.environment:checking '/mnt/c/Users/Administrator/Documents/Mechanical/Humaniod/install/human_controller' for CMake config files
[3.241s] Level 1:colcon.colcon_core.shell:create_environment_hook('human_controller', 'cmake_prefix_path')
[3.243s] INFO:colcon.colcon_core.shell:Creating environment hook '/mnt/c/Users/Administrator/Documents/Mechanical/Humaniod/install/human_controller/share/human_controller/hook/cmake_prefix_path.ps1'
[3.260s] INFO:colcon.colcon_core.shell:Creating environment descriptor '/mnt/c/Users/Administrator/Documents/Mechanical/Humaniod/install/human_controller/share/human_controller/hook/cmake_prefix_path.dsv'
[3.278s] INFO:colcon.colcon_core.shell:Creating environment hook '/mnt/c/Users/Administrator/Documents/Mechanical/Humaniod/install/human_controller/share/human_controller/hook/cmake_prefix_path.sh'
[3.308s] Level 1:colcon.colcon_core.environment:checking '/mnt/c/Users/Administrator/Documents/Mechanical/Humaniod/install/human_controller/bin'
[3.310s] Level 1:colcon.colcon_core.environment:checking '/mnt/c/Users/Administrator/Documents/Mechanical/Humaniod/install/human_controller/lib/pkgconfig/human_controller.pc'
[3.312s] Level 1:colcon.colcon_core.environment:checking '/mnt/c/Users/Administrator/Documents/Mechanical/Humaniod/install/human_controller/lib/python3.10/site-packages'
[3.315s] Level 1:colcon.colcon_core.environment:checking '/mnt/c/Users/Administrator/Documents/Mechanical/Humaniod/install/human_controller/bin'
[3.316s] INFO:colcon.colcon_core.shell:Creating package script '/mnt/c/Users/Administrator/Documents/Mechanical/Humaniod/install/human_controller/share/human_controller/package.ps1'
[3.336s] INFO:colcon.colcon_core.shell:Creating package descriptor '/mnt/c/Users/Administrator/Documents/Mechanical/Humaniod/install/human_controller/share/human_controller/package.dsv'
[3.351s] INFO:colcon.colcon_core.shell:Creating package script '/mnt/c/Users/Administrator/Documents/Mechanical/Humaniod/install/human_controller/share/human_controller/package.sh'
[3.364s] INFO:colcon.colcon_core.shell:Creating package script '/mnt/c/Users/Administrator/Documents/Mechanical/Humaniod/install/human_controller/share/human_controller/package.bash'
[3.381s] INFO:colcon.colcon_core.shell:Creating package script '/mnt/c/Users/Administrator/Documents/Mechanical/Humaniod/install/human_controller/share/human_controller/package.zsh'
[3.392s] Level 1:colcon.colcon_core.environment:create_file_with_runtime_dependencies(/mnt/c/Users/Administrator/Documents/Mechanical/Humaniod/install/human_controller/share/colcon-core/packages/human_controller)
[3.420s] Level 1:colcon.colcon_core.environment:create_environment_scripts_only(human_controller)
[3.421s] Level 1:colcon.colcon_core.environment:checking '/mnt/c/Users/Administrator/Documents/Mechanical/Humaniod/install/human_controller' for CMake module files
[3.530s] Level 1:colcon.colcon_core.environment:checking '/mnt/c/Users/Administrator/Documents/Mechanical/Humaniod/install/human_controller' for CMake config files
[3.592s] Level 1:colcon.colcon_core.shell:create_environment_hook('human_controller', 'cmake_prefix_path')
[3.593s] INFO:colcon.colcon_core.shell:Creating environment hook '/mnt/c/Users/Administrator/Documents/Mechanical/Humaniod/install/human_controller/share/human_controller/hook/cmake_prefix_path.ps1'
[3.609s] INFO:colcon.colcon_core.shell:Creating environment descriptor '/mnt/c/Users/Administrator/Documents/Mechanical/Humaniod/install/human_controller/share/human_controller/hook/cmake_prefix_path.dsv'
[3.626s] INFO:colcon.colcon_core.shell:Creating environment hook '/mnt/c/Users/Administrator/Documents/Mechanical/Humaniod/install/human_controller/share/human_controller/hook/cmake_prefix_path.sh'
[3.649s] Level 1:colcon.colcon_core.environment:checking '/mnt/c/Users/Administrator/Documents/Mechanical/Humaniod/install/human_controller/bin'
[3.651s] Level 1:colcon.colcon_core.environment:checking '/mnt/c/Users/Administrator/Documents/Mechanical/Humaniod/install/human_controller/lib/pkgconfig/human_controller.pc'
[3.652s] Level 1:colcon.colcon_core.environment:checking '/mnt/c/Users/Administrator/Documents/Mechanical/Humaniod/install/human_controller/lib/python3.10/site-packages'
[3.654s] Level 1:colcon.colcon_core.environment:checking '/mnt/c/Users/Administrator/Documents/Mechanical/Humaniod/install/human_controller/bin'
[3.656s] INFO:colcon.colcon_core.shell:Creating package script '/mnt/c/Users/Administrator/Documents/Mechanical/Humaniod/install/human_controller/share/human_controller/package.ps1'
[3.671s] INFO:colcon.colcon_core.shell:Creating package descriptor '/mnt/c/Users/Administrator/Documents/Mechanical/Humaniod/install/human_controller/share/human_controller/package.dsv'
[3.684s] INFO:colcon.colcon_core.shell:Creating package script '/mnt/c/Users/Administrator/Documents/Mechanical/Humaniod/install/human_controller/share/human_controller/package.sh'
[3.696s] INFO:colcon.colcon_core.shell:Creating package script '/mnt/c/Users/Administrator/Documents/Mechanical/Humaniod/install/human_controller/share/human_controller/package.bash'
[3.707s] INFO:colcon.colcon_core.shell:Creating package script '/mnt/c/Users/Administrator/Documents/Mechanical/Humaniod/install/human_controller/share/human_controller/package.zsh'
[3.723s] Level 1:colcon.colcon_core.environment:create_file_with_runtime_dependencies(/mnt/c/Users/Administrator/Documents/Mechanical/Humaniod/install/human_controller/share/colcon-core/packages/human_controller)
[3.733s] Level 1:colcon.colcon_core.environment:create_environment_scripts_only(human_urdf)
[3.735s] Level 1:colcon.colcon_core.environment:checking '/mnt/c/Users/Administrator/Documents/Mechanical/Humaniod/install/human_urdf' for CMake module files
[3.752s] DEBUG:colcon.colcon_core.event_handler.log_command:Invoked command in '/mnt/c/Users/Administrator/Documents/Mechanical/Humaniod/build/human_urdf' returned '0': CMAKE_PREFIX_PATH=${CMAKE_PREFIX_PATH}:/opt/ros/humble /usr/bin/cmake --install /mnt/c/Users/Administrator/Documents/Mechanical/Humaniod/build/human_urdf
[3.854s] Level 1:colcon.colcon_core.environment:checking '/mnt/c/Users/Administrator/Documents/Mechanical/Humaniod/install/human_urdf' for CMake config files
[3.926s] Level 1:colcon.colcon_core.shell:create_environment_hook('human_urdf', 'cmake_prefix_path')
[3.927s] INFO:colcon.colcon_core.shell:Creating environment hook '/mnt/c/Users/Administrator/Documents/Mechanical/Humaniod/install/human_urdf/share/human_urdf/hook/cmake_prefix_path.ps1'
[3.944s] INFO:colcon.colcon_core.shell:Creating environment descriptor '/mnt/c/Users/Administrator/Documents/Mechanical/Humaniod/install/human_urdf/share/human_urdf/hook/cmake_prefix_path.dsv'
[3.962s] INFO:colcon.colcon_core.shell:Creating environment hook '/mnt/c/Users/Administrator/Documents/Mechanical/Humaniod/install/human_urdf/share/human_urdf/hook/cmake_prefix_path.sh'
[3.985s] Level 1:colcon.colcon_core.environment:checking '/mnt/c/Users/Administrator/Documents/Mechanical/Humaniod/install/human_urdf/bin'
[3.987s] Level 1:colcon.colcon_core.environment:checking '/mnt/c/Users/Administrator/Documents/Mechanical/Humaniod/install/human_urdf/lib/pkgconfig/human_urdf.pc'
[3.989s] Level 1:colcon.colcon_core.environment:checking '/mnt/c/Users/Administrator/Documents/Mechanical/Humaniod/install/human_urdf/lib/python3.10/site-packages'
[3.991s] Level 1:colcon.colcon_core.environment:checking '/mnt/c/Users/Administrator/Documents/Mechanical/Humaniod/install/human_urdf/bin'
[3.993s] INFO:colcon.colcon_core.shell:Creating package script '/mnt/c/Users/Administrator/Documents/Mechanical/Humaniod/install/human_urdf/share/human_urdf/package.ps1'
[4.008s] INFO:colcon.colcon_core.shell:Creating package descriptor '/mnt/c/Users/Administrator/Documents/Mechanical/Humaniod/install/human_urdf/share/human_urdf/package.dsv'
[4.024s] INFO:colcon.colcon_core.shell:Creating package script '/mnt/c/Users/Administrator/Documents/Mechanical/Humaniod/install/human_urdf/share/human_urdf/package.sh'
[4.037s] INFO:colcon.colcon_core.shell:Creating package script '/mnt/c/Users/Administrator/Documents/Mechanical/Humaniod/install/human_urdf/share/human_urdf/package.bash'
[4.053s] INFO:colcon.colcon_core.shell:Creating package script '/mnt/c/Users/Administrator/Documents/Mechanical/Humaniod/install/human_urdf/share/human_urdf/package.zsh'
[4.071s] Level 1:colcon.colcon_core.environment:create_file_with_runtime_dependencies(/mnt/c/Users/Administrator/Documents/Mechanical/Humaniod/install/human_urdf/share/colcon-core/packages/human_urdf)
[4.104s] Level 1:colcon.colcon_core.environment:create_environment_scripts_only(human_urdf)
[4.104s] Level 1:colcon.colcon_core.environment:checking '/mnt/c/Users/Administrator/Documents/Mechanical/Humaniod/install/human_urdf' for CMake module files
[4.220s] Level 1:colcon.colcon_core.environment:checking '/mnt/c/Users/Administrator/Documents/Mechanical/Humaniod/install/human_urdf' for CMake config files
[4.307s] Level 1:colcon.colcon_core.shell:create_environment_hook('human_urdf', 'cmake_prefix_path')
[4.308s] INFO:colcon.colcon_core.shell:Creating environment hook '/mnt/c/Users/Administrator/Documents/Mechanical/Humaniod/install/human_urdf/share/human_urdf/hook/cmake_prefix_path.ps1'
[4.331s] INFO:colcon.colcon_core.shell:Creating environment descriptor '/mnt/c/Users/Administrator/Documents/Mechanical/Humaniod/install/human_urdf/share/human_urdf/hook/cmake_prefix_path.dsv'
[4.363s] INFO:colcon.colcon_core.shell:Creating environment hook '/mnt/c/Users/Administrator/Documents/Mechanical/Humaniod/install/human_urdf/share/human_urdf/hook/cmake_prefix_path.sh'
[4.390s] Level 1:colcon.colcon_core.environment:checking '/mnt/c/Users/Administrator/Documents/Mechanical/Humaniod/install/human_urdf/bin'
[4.392s] Level 1:colcon.colcon_core.environment:checking '/mnt/c/Users/Administrator/Documents/Mechanical/Humaniod/install/human_urdf/lib/pkgconfig/human_urdf.pc'
[4.395s] Level 1:colcon.colcon_core.environment:checking '/mnt/c/Users/Administrator/Documents/Mechanical/Humaniod/install/human_urdf/lib/python3.10/site-packages'
[4.398s] Level 1:colcon.colcon_core.environment:checking '/mnt/c/Users/Administrator/Documents/Mechanical/Humaniod/install/human_urdf/bin'
[4.400s] INFO:colcon.colcon_core.shell:Creating package script '/mnt/c/Users/Administrator/Documents/Mechanical/Humaniod/install/human_urdf/share/human_urdf/package.ps1'
[4.411s] INFO:colcon.colcon_core.shell:Creating package descriptor '/mnt/c/Users/Administrator/Documents/Mechanical/Humaniod/install/human_urdf/share/human_urdf/package.dsv'
[4.426s] INFO:colcon.colcon_core.shell:Creating package script '/mnt/c/Users/Administrator/Documents/Mechanical/Humaniod/install/human_urdf/share/human_urdf/package.sh'
[4.441s] INFO:colcon.colcon_core.shell:Creating package script '/mnt/c/Users/Administrator/Documents/Mechanical/Humaniod/install/human_urdf/share/human_urdf/package.bash'
[4.461s] INFO:colcon.colcon_core.shell:Creating package script '/mnt/c/Users/Administrator/Documents/Mechanical/Humaniod/install/human_urdf/share/human_urdf/package.zsh'
[4.474s] Level 1:colcon.colcon_core.environment:create_file_with_runtime_dependencies(/mnt/c/Users/Administrator/Documents/Mechanical/Humaniod/install/human_urdf/share/colcon-core/packages/human_urdf)
[4.490s] DEBUG:colcon.colcon_parallel_executor.executor.parallel:closing loop
[4.491s] DEBUG:colcon.colcon_parallel_executor.executor.parallel:loop closed
[4.491s] DEBUG:colcon.colcon_parallel_executor.executor.parallel:run_until_complete finished with '0'
[4.492s] DEBUG:colcon.colcon_core.event_reactor:joining thread
[4.606s] INFO:colcon.colcon_core.plugin_system:Skipping extension 'colcon_notification.desktop_notification.notify_send': Could not find 'notify-send'
[4.607s] INFO:colcon.colcon_core.plugin_system:Skipping extension 'colcon_notification.desktop_notification.terminal_notifier': Not used on non-Darwin systems
[4.607s] INFO:colcon.colcon_core.plugin_system:Skipping extension 'colcon_notification.desktop_notification.win32': Not used on non-Windows systems
[4.608s] INFO:colcon.colcon_notification.desktop_notification:Sending desktop notification using 'notify2'
[4.610s] DEBUG:colcon.colcon_notification.desktop_notification.notify2:Failed to initialize notify2: org.freedesktop.DBus.Error.ServiceUnknown: The name org.freedesktop.Notifications was not provided by any .service files
[4.611s] DEBUG:colcon.colcon_core.event_reactor:joined thread
[4.612s] INFO:colcon.colcon_core.shell:Creating prefix script '/mnt/c/Users/Administrator/Documents/Mechanical/Humaniod/install/local_setup.ps1'
[4.620s] INFO:colcon.colcon_core.shell:Creating prefix util module '/mnt/c/Users/Administrator/Documents/Mechanical/Humaniod/install/_local_setup_util_ps1.py'
[4.633s] INFO:colcon.colcon_core.shell:Creating prefix chain script '/mnt/c/Users/Administrator/Documents/Mechanical/Humaniod/install/setup.ps1'
[4.665s] INFO:colcon.colcon_core.shell:Creating prefix script '/mnt/c/Users/Administrator/Documents/Mechanical/Humaniod/install/local_setup.sh'
[4.672s] INFO:colcon.colcon_core.shell:Creating prefix util module '/mnt/c/Users/Administrator/Documents/Mechanical/Humaniod/install/_local_setup_util_sh.py'
[4.680s] INFO:colcon.colcon_core.shell:Creating prefix chain script '/mnt/c/Users/Administrator/Documents/Mechanical/Humaniod/install/setup.sh'
[4.713s] INFO:colcon.colcon_core.shell:Creating prefix script '/mnt/c/Users/Administrator/Documents/Mechanical/Humaniod/install/local_setup.bash'
[4.720s] INFO:colcon.colcon_core.shell:Creating prefix chain script '/mnt/c/Users/Administrator/Documents/Mechanical/Humaniod/install/setup.bash'
[4.759s] INFO:colcon.colcon_core.shell:Creating prefix script '/mnt/c/Users/Administrator/Documents/Mechanical/Humaniod/install/local_setup.zsh'
[4.769s] INFO:colcon.colcon_core.shell:Creating prefix chain script '/mnt/c/Users/Administrator/Documents/Mechanical/Humaniod/install/setup.zsh'
