[0.230s] Invoking command in '/mnt/c/Users/Administrator/Documents/Mechanical/Humaniod/build/human_controller': CMAKE_PREFIX_PATH=${CMAKE_PREFIX_PATH}:/opt/ros/humble /usr/bin/cmake --build /mnt/c/Users/Administrator/Documents/Mechanical/Humaniod/build/human_controller -- -j8 -l8
[0.415s] Invoked command in '/mnt/c/Users/Administrator/Documents/Mechanical/Humaniod/build/human_controller' returned '0': CMAKE_PREFIX_PATH=${CMAKE_PREFIX_PATH}:/opt/ros/humble /usr/bin/cmake --build /mnt/c/Users/Administrator/Documents/Mechanical/Humaniod/build/human_controller -- -j8 -l8
[0.466s] Invoking command in '/mnt/c/Users/Administrator/Documents/Mechanical/Humaniod/build/human_controller': CMAKE_PREFIX_PATH=${CMAKE_PREFIX_PATH}:/opt/ros/humble /usr/bin/cmake --install /mnt/c/Users/Administrator/Documents/Mechanical/Humaniod/build/human_controller
[0.482s] -- Install configuration: ""
[0.498s] -- Execute custom install script
[0.569s] -- Up-to-date symlink: /mnt/c/Users/Administrator/Documents/Mechanical/Humaniod/install/human_controller/share/human_controller/config/human_controllers.yaml
[0.635s] -- Up-to-date symlink: /mnt/c/Users/Administrator/Documents/Mechanical/Humaniod/install/human_controller/share/human_controller/launch/controller.launch.py
[0.757s] -- Up-to-date symlink: /mnt/c/Users/Administrator/Documents/Mechanical/Humaniod/install/human_controller/share/ament_index/resource_index/package_run_dependencies/human_controller
[0.885s] -- Up-to-date symlink: /mnt/c/Users/Administrator/Documents/Mechanical/Humaniod/install/human_controller/share/ament_index/resource_index/parent_prefix_path/human_controller
[0.915s] -- Up-to-date symlink: /mnt/c/Users/Administrator/Documents/Mechanical/Humaniod/install/human_controller/share/human_controller/environment/ament_prefix_path.sh
[0.949s] -- Up-to-date symlink: /mnt/c/Users/Administrator/Documents/Mechanical/Humaniod/install/human_controller/share/human_controller/environment/ament_prefix_path.dsv
[0.981s] -- Up-to-date symlink: /mnt/c/Users/Administrator/Documents/Mechanical/Humaniod/install/human_controller/share/human_controller/environment/path.sh
[1.017s] -- Up-to-date symlink: /mnt/c/Users/Administrator/Documents/Mechanical/Humaniod/install/human_controller/share/human_controller/environment/path.dsv
[1.047s] -- Up-to-date symlink: /mnt/c/Users/Administrator/Documents/Mechanical/Humaniod/install/human_controller/share/human_controller/local_setup.bash
[1.078s] -- Up-to-date symlink: /mnt/c/Users/Administrator/Documents/Mechanical/Humaniod/install/human_controller/share/human_controller/local_setup.sh
[1.106s] -- Up-to-date symlink: /mnt/c/Users/Administrator/Documents/Mechanical/Humaniod/install/human_controller/share/human_controller/local_setup.zsh
[1.133s] -- Up-to-date symlink: /mnt/c/Users/Administrator/Documents/Mechanical/Humaniod/install/human_controller/share/human_controller/local_setup.dsv
[1.148s] -- Symlinking: /mnt/c/Users/Administrator/Documents/Mechanical/Humaniod/install/human_controller/share/human_controller/package.dsv
[1.261s] -- Up-to-date symlink: /mnt/c/Users/Administrator/Documents/Mechanical/Humaniod/install/human_controller/share/ament_index/resource_index/packages/human_controller
[1.295s] -- Up-to-date symlink: /mnt/c/Users/Administrator/Documents/Mechanical/Humaniod/install/human_controller/share/human_controller/cmake/human_controllerConfig.cmake
[1.325s] -- Up-to-date symlink: /mnt/c/Users/Administrator/Documents/Mechanical/Humaniod/install/human_controller/share/human_controller/cmake/human_controllerConfig-version.cmake
[1.367s] -- Up-to-date symlink: /mnt/c/Users/Administrator/Documents/Mechanical/Humaniod/install/human_controller/share/human_controller/package.xml
[1.375s] Invoked command in '/mnt/c/Users/Administrator/Documents/Mechanical/Humaniod/build/human_controller' returned '0': CMAKE_PREFIX_PATH=${CMAKE_PREFIX_PATH}:/opt/ros/humble /usr/bin/cmake --install /mnt/c/Users/Administrator/Documents/Mechanical/Humaniod/build/human_controller
