[0.397s] DEBUG:colcon:Command line arguments: ['/usr/bin/colcon', 'build']
[0.397s] DEBUG:colcon:Parsed command line arguments: Namespace(log_base=None, log_level=None, verb_name='build', build_base='build', install_base='install', merge_install=False, symlink_install=False, test_result_base=None, continue_on_error=False, executor='parallel', parallel_workers=8, event_handlers=None, ignore_user_meta=False, metas=['./colcon.meta'], base_paths=['.'], packages_ignore=None, packages_ignore_regex=None, paths=None, packages_up_to=None, packages_up_to_regex=None, packages_above=None, packages_above_and_dependencies=None, packages_above_depth=None, packages_select_by_dep=None, packages_skip_by_dep=None, packages_skip_up_to=None, packages_select_build_failed=False, packages_skip_build_finished=False, packages_select_test_failures=False, packages_skip_test_passed=False, packages_select=None, packages_skip=None, packages_select_regex=None, packages_skip_regex=None, packages_start=None, packages_end=None, allow_overriding=[], cmake_args=None, cmake_target=None, cmake_target_skip_unavailable=False, cmake_clean_cache=False, cmake_clean_first=False, cmake_force_configure=False, ament_cmake_args=None, catkin_cmake_args=None, catkin_skip_building_tests=False, verb_parser=<colcon_defaults.argument_parser.defaults.DefaultArgumentsDecorator object at 0x7ade1cc0bf70>, verb_extension=<colcon_core.verb.build.BuildVerb object at 0x7ade1cc0b130>, main=<bound method BuildVerb.main of <colcon_core.verb.build.BuildVerb object at 0x7ade1cc0b130>>)
[0.803s] Level 1:colcon.colcon_core.package_discovery:discover_packages(colcon_meta) check parameters
[0.804s] Level 1:colcon.colcon_core.package_discovery:discover_packages(recursive) check parameters
[0.805s] Level 1:colcon.colcon_core.package_discovery:discover_packages(ignore) check parameters
[0.805s] Level 1:colcon.colcon_core.package_discovery:discover_packages(path) check parameters
[0.806s] Level 1:colcon.colcon_core.package_discovery:discover_packages(colcon_meta) discover
[0.807s] Level 1:colcon.colcon_core.package_discovery:discover_packages(recursive) discover
[0.808s] INFO:colcon.colcon_core.package_discovery:Crawling recursively for packages in '/mnt/c/Users/Administrator/Documents/Mechanical/Humaniod'
[0.810s] Level 1:colcon.colcon_core.package_identification:_identify(.) by extensions ['ignore', 'ignore_ament_install']
[0.811s] Level 1:colcon.colcon_core.package_identification:_identify(.) by extension 'ignore'
[0.811s] Level 1:colcon.colcon_core.package_identification:_identify(.) by extension 'ignore_ament_install'
[0.812s] Level 1:colcon.colcon_core.package_identification:_identify(.) by extensions ['colcon_pkg']
[0.813s] Level 1:colcon.colcon_core.package_identification:_identify(.) by extension 'colcon_pkg'
[0.814s] Level 1:colcon.colcon_core.package_identification:_identify(.) by extensions ['colcon_meta']
[0.814s] Level 1:colcon.colcon_core.package_identification:_identify(.) by extension 'colcon_meta'
[0.815s] Level 1:colcon.colcon_core.package_identification:_identify(.) by extensions ['ros']
[0.815s] Level 1:colcon.colcon_core.package_identification:_identify(.) by extension 'ros'
[0.836s] Level 1:colcon.colcon_core.package_identification:_identify(.) by extensions ['cmake', 'python']
[0.837s] Level 1:colcon.colcon_core.package_identification:_identify(.) by extension 'cmake'
[0.839s] Level 1:colcon.colcon_core.package_identification:_identify(.) by extension 'python'
[0.840s] Level 1:colcon.colcon_core.package_identification:_identify(.) by extensions ['python_setup_py']
[0.841s] Level 1:colcon.colcon_core.package_identification:_identify(.) by extension 'python_setup_py'
[0.846s] Level 1:colcon.colcon_core.package_identification:_identify(build) by extensions ['ignore', 'ignore_ament_install']
[0.847s] Level 1:colcon.colcon_core.package_identification:_identify(build) by extension 'ignore'
[0.848s] Level 1:colcon.colcon_core.package_identification:_identify(build) ignored
[0.851s] Level 1:colcon.colcon_core.package_identification:_identify(install) by extensions ['ignore', 'ignore_ament_install']
[0.852s] Level 1:colcon.colcon_core.package_identification:_identify(install) by extension 'ignore'
[0.853s] Level 1:colcon.colcon_core.package_identification:_identify(install) ignored
[0.857s] Level 1:colcon.colcon_core.package_identification:_identify(log) by extensions ['ignore', 'ignore_ament_install']
[0.858s] Level 1:colcon.colcon_core.package_identification:_identify(log) by extension 'ignore'
[0.859s] Level 1:colcon.colcon_core.package_identification:_identify(log) ignored
[0.861s] Level 1:colcon.colcon_core.package_identification:_identify(src) by extensions ['ignore', 'ignore_ament_install']
[0.862s] Level 1:colcon.colcon_core.package_identification:_identify(src) by extension 'ignore'
[0.863s] Level 1:colcon.colcon_core.package_identification:_identify(src) by extension 'ignore_ament_install'
[0.864s] Level 1:colcon.colcon_core.package_identification:_identify(src) by extensions ['colcon_pkg']
[0.864s] Level 1:colcon.colcon_core.package_identification:_identify(src) by extension 'colcon_pkg'
[0.865s] Level 1:colcon.colcon_core.package_identification:_identify(src) by extensions ['colcon_meta']
[0.866s] Level 1:colcon.colcon_core.package_identification:_identify(src) by extension 'colcon_meta'
[0.867s] Level 1:colcon.colcon_core.package_identification:_identify(src) by extensions ['ros']
[0.867s] Level 1:colcon.colcon_core.package_identification:_identify(src) by extension 'ros'
[0.871s] Level 1:colcon.colcon_core.package_identification:_identify(src) by extensions ['cmake', 'python']
[0.872s] Level 1:colcon.colcon_core.package_identification:_identify(src) by extension 'cmake'
[0.873s] Level 1:colcon.colcon_core.package_identification:_identify(src) by extension 'python'
[0.874s] Level 1:colcon.colcon_core.package_identification:_identify(src) by extensions ['python_setup_py']
[0.874s] Level 1:colcon.colcon_core.package_identification:_identify(src) by extension 'python_setup_py'
[0.878s] Level 1:colcon.colcon_core.package_identification:_identify(src/files) by extensions ['ignore', 'ignore_ament_install']
[0.879s] Level 1:colcon.colcon_core.package_identification:_identify(src/files) by extension 'ignore'
[0.880s] Level 1:colcon.colcon_core.package_identification:_identify(src/files) by extension 'ignore_ament_install'
[0.883s] Level 1:colcon.colcon_core.package_identification:_identify(src/files) by extensions ['colcon_pkg']
[0.883s] Level 1:colcon.colcon_core.package_identification:_identify(src/files) by extension 'colcon_pkg'
[0.885s] Level 1:colcon.colcon_core.package_identification:_identify(src/files) by extensions ['colcon_meta']
[0.886s] Level 1:colcon.colcon_core.package_identification:_identify(src/files) by extension 'colcon_meta'
[0.888s] Level 1:colcon.colcon_core.package_identification:_identify(src/files) by extensions ['ros']
[0.888s] Level 1:colcon.colcon_core.package_identification:_identify(src/files) by extension 'ros'
[0.893s] Level 1:colcon.colcon_core.package_identification:_identify(src/files) by extensions ['cmake', 'python']
[0.893s] Level 1:colcon.colcon_core.package_identification:_identify(src/files) by extension 'cmake'
[0.894s] Level 1:colcon.colcon_core.package_identification:_identify(src/files) by extension 'python'
[0.895s] Level 1:colcon.colcon_core.package_identification:_identify(src/files) by extensions ['python_setup_py']
[0.896s] Level 1:colcon.colcon_core.package_identification:_identify(src/files) by extension 'python_setup_py'
[0.900s] Level 1:colcon.colcon_core.package_identification:_identify(src/human_controller) by extensions ['ignore', 'ignore_ament_install']
[0.901s] Level 1:colcon.colcon_core.package_identification:_identify(src/human_controller) by extension 'ignore'
[0.902s] Level 1:colcon.colcon_core.package_identification:_identify(src/human_controller) by extension 'ignore_ament_install'
[0.904s] Level 1:colcon.colcon_core.package_identification:_identify(src/human_controller) by extensions ['colcon_pkg']
[0.904s] Level 1:colcon.colcon_core.package_identification:_identify(src/human_controller) by extension 'colcon_pkg'
[0.906s] Level 1:colcon.colcon_core.package_identification:_identify(src/human_controller) by extensions ['colcon_meta']
[0.906s] Level 1:colcon.colcon_core.package_identification:_identify(src/human_controller) by extension 'colcon_meta'
[0.908s] Level 1:colcon.colcon_core.package_identification:_identify(src/human_controller) by extensions ['ros']
[0.908s] Level 1:colcon.colcon_core.package_identification:_identify(src/human_controller) by extension 'ros'
[0.922s] DEBUG:colcon.colcon_core.package_identification:Package 'src/human_controller' with type 'ros.ament_cmake' and name 'human_controller'
[0.931s] Level 1:colcon.colcon_core.package_identification:_identify(src/human_urdf) by extensions ['ignore', 'ignore_ament_install']
[0.932s] Level 1:colcon.colcon_core.package_identification:_identify(src/human_urdf) by extension 'ignore'
[0.936s] Level 1:colcon.colcon_core.package_identification:_identify(src/human_urdf) by extension 'ignore_ament_install'
[0.940s] Level 1:colcon.colcon_core.package_identification:_identify(src/human_urdf) by extensions ['colcon_pkg']
[0.941s] Level 1:colcon.colcon_core.package_identification:_identify(src/human_urdf) by extension 'colcon_pkg'
[0.944s] Level 1:colcon.colcon_core.package_identification:_identify(src/human_urdf) by extensions ['colcon_meta']
[0.945s] Level 1:colcon.colcon_core.package_identification:_identify(src/human_urdf) by extension 'colcon_meta'
[0.949s] Level 1:colcon.colcon_core.package_identification:_identify(src/human_urdf) by extensions ['ros']
[0.950s] Level 1:colcon.colcon_core.package_identification:_identify(src/human_urdf) by extension 'ros'
[0.966s] DEBUG:colcon.colcon_core.package_identification:Package 'src/human_urdf' with type 'ros.ament_cmake' and name 'human_urdf'
[0.966s] Level 1:colcon.colcon_core.package_discovery:discover_packages(recursive) using defaults
[0.967s] Level 1:colcon.colcon_core.package_discovery:discover_packages(ignore) discover
[0.968s] Level 1:colcon.colcon_core.package_discovery:discover_packages(ignore) using defaults
[0.969s] Level 1:colcon.colcon_core.package_discovery:discover_packages(path) discover
[0.970s] Level 1:colcon.colcon_core.package_discovery:discover_packages(path) using defaults
[1.032s] Level 1:colcon.colcon_core.package_discovery:discover_packages(prefix_path) check parameters
[1.033s] Level 1:colcon.colcon_core.package_discovery:discover_packages(prefix_path) discover
[1.091s] DEBUG:colcon.colcon_installed_package_information.package_discovery:Found 2 installed packages in /mnt/c/Users/Administrator/Documents/Mechanical/Humaniod/install
[1.094s] DEBUG:colcon.colcon_installed_package_information.package_discovery:Found 396 installed packages in /opt/ros/humble
[1.107s] Level 1:colcon.colcon_core.package_discovery:discover_packages(prefix_path) using defaults
[1.260s] Level 5:colcon.colcon_core.verb:set package 'human_controller' build argument 'cmake_args' from command line to 'None'
[1.261s] Level 5:colcon.colcon_core.verb:set package 'human_controller' build argument 'cmake_target' from command line to 'None'
[1.262s] Level 5:colcon.colcon_core.verb:set package 'human_controller' build argument 'cmake_target_skip_unavailable' from command line to 'False'
[1.263s] Level 5:colcon.colcon_core.verb:set package 'human_controller' build argument 'cmake_clean_cache' from command line to 'False'
[1.263s] Level 5:colcon.colcon_core.verb:set package 'human_controller' build argument 'cmake_clean_first' from command line to 'False'
[1.264s] Level 5:colcon.colcon_core.verb:set package 'human_controller' build argument 'cmake_force_configure' from command line to 'False'
[1.265s] Level 5:colcon.colcon_core.verb:set package 'human_controller' build argument 'ament_cmake_args' from command line to 'None'
[1.265s] Level 5:colcon.colcon_core.verb:set package 'human_controller' build argument 'catkin_cmake_args' from command line to 'None'
[1.266s] Level 5:colcon.colcon_core.verb:set package 'human_controller' build argument 'catkin_skip_building_tests' from command line to 'False'
[1.267s] DEBUG:colcon.colcon_core.verb:Building package 'human_controller' with the following arguments: {'ament_cmake_args': None, 'build_base': '/mnt/c/Users/Administrator/Documents/Mechanical/Humaniod/build/human_controller', 'catkin_cmake_args': None, 'catkin_skip_building_tests': False, 'cmake_args': None, 'cmake_clean_cache': False, 'cmake_clean_first': False, 'cmake_force_configure': False, 'cmake_target': None, 'cmake_target_skip_unavailable': False, 'install_base': '/mnt/c/Users/Administrator/Documents/Mechanical/Humaniod/install/human_controller', 'merge_install': False, 'path': '/mnt/c/Users/Administrator/Documents/Mechanical/Humaniod/src/human_controller', 'symlink_install': False, 'test_result_base': None}
[1.268s] Level 5:colcon.colcon_core.verb:set package 'human_urdf' build argument 'cmake_args' from command line to 'None'
[1.268s] Level 5:colcon.colcon_core.verb:set package 'human_urdf' build argument 'cmake_target' from command line to 'None'
[1.269s] Level 5:colcon.colcon_core.verb:set package 'human_urdf' build argument 'cmake_target_skip_unavailable' from command line to 'False'
[1.270s] Level 5:colcon.colcon_core.verb:set package 'human_urdf' build argument 'cmake_clean_cache' from command line to 'False'
[1.270s] Level 5:colcon.colcon_core.verb:set package 'human_urdf' build argument 'cmake_clean_first' from command line to 'False'
[1.271s] Level 5:colcon.colcon_core.verb:set package 'human_urdf' build argument 'cmake_force_configure' from command line to 'False'
[1.271s] Level 5:colcon.colcon_core.verb:set package 'human_urdf' build argument 'ament_cmake_args' from command line to 'None'
[1.272s] Level 5:colcon.colcon_core.verb:set package 'human_urdf' build argument 'catkin_cmake_args' from command line to 'None'
[1.273s] Level 5:colcon.colcon_core.verb:set package 'human_urdf' build argument 'catkin_skip_building_tests' from command line to 'False'
[1.273s] DEBUG:colcon.colcon_core.verb:Building package 'human_urdf' with the following arguments: {'ament_cmake_args': None, 'build_base': '/mnt/c/Users/Administrator/Documents/Mechanical/Humaniod/build/human_urdf', 'catkin_cmake_args': None, 'catkin_skip_building_tests': False, 'cmake_args': None, 'cmake_clean_cache': False, 'cmake_clean_first': False, 'cmake_force_configure': False, 'cmake_target': None, 'cmake_target_skip_unavailable': False, 'install_base': '/mnt/c/Users/Administrator/Documents/Mechanical/Humaniod/install/human_urdf', 'merge_install': False, 'path': '/mnt/c/Users/Administrator/Documents/Mechanical/Humaniod/src/human_urdf', 'symlink_install': False, 'test_result_base': None}
[1.274s] INFO:colcon.colcon_core.executor:Executing jobs using 'parallel' executor
[1.276s] DEBUG:colcon.colcon_parallel_executor.executor.parallel:run_until_complete
[1.277s] INFO:colcon.colcon_ros.task.ament_cmake.build:Building ROS package in '/mnt/c/Users/Administrator/Documents/Mechanical/Humaniod/src/human_controller' with build type 'ament_cmake'
[1.278s] INFO:colcon.colcon_cmake.task.cmake.build:Building CMake package in '/mnt/c/Users/Administrator/Documents/Mechanical/Humaniod/src/human_controller'
[1.286s] INFO:colcon.colcon_core.plugin_system:Skipping extension 'colcon_core.shell.bat': Not used on non-Windows systems
[1.287s] INFO:colcon.colcon_core.shell:Skip shell extension 'powershell' for command environment: Not usable outside of PowerShell
[1.288s] DEBUG:colcon.colcon_core.shell:Skip shell extension 'dsv' for command environment
[1.362s] INFO:colcon.colcon_ros.task.ament_cmake.build:Building ROS package in '/mnt/c/Users/Administrator/Documents/Mechanical/Humaniod/src/human_urdf' with build type 'ament_cmake'
[1.363s] INFO:colcon.colcon_cmake.task.cmake.build:Building CMake package in '/mnt/c/Users/Administrator/Documents/Mechanical/Humaniod/src/human_urdf'
[1.364s] INFO:colcon.colcon_core.shell:Skip shell extension 'powershell' for command environment: Not usable outside of PowerShell
[1.365s] DEBUG:colcon.colcon_core.shell:Skip shell extension 'dsv' for command environment
[1.490s] DEBUG:colcon.colcon_core.event_handler.log_command:Invoking command in '/mnt/c/Users/Administrator/Documents/Mechanical/Humaniod/build/human_controller': CMAKE_PREFIX_PATH=${CMAKE_PREFIX_PATH}:/opt/ros/humble /usr/bin/cmake --build /mnt/c/Users/Administrator/Documents/Mechanical/Humaniod/build/human_controller -- -j8 -l8
[1.526s] DEBUG:colcon.colcon_core.event_handler.log_command:Invoking command in '/mnt/c/Users/Administrator/Documents/Mechanical/Humaniod/build/human_urdf': CMAKE_PREFIX_PATH=${CMAKE_PREFIX_PATH}:/opt/ros/humble /usr/bin/cmake --build /mnt/c/Users/Administrator/Documents/Mechanical/Humaniod/build/human_urdf -- -j8 -l8
[1.670s] DEBUG:colcon.colcon_core.event_handler.log_command:Invoked command in '/mnt/c/Users/Administrator/Documents/Mechanical/Humaniod/build/human_urdf' returned '0': CMAKE_PREFIX_PATH=${CMAKE_PREFIX_PATH}:/opt/ros/humble /usr/bin/cmake --build /mnt/c/Users/Administrator/Documents/Mechanical/Humaniod/build/human_urdf -- -j8 -l8
[1.710s] DEBUG:colcon.colcon_core.event_handler.log_command:Invoking command in '/mnt/c/Users/Administrator/Documents/Mechanical/Humaniod/build/human_urdf': CMAKE_PREFIX_PATH=${CMAKE_PREFIX_PATH}:/opt/ros/humble /usr/bin/cmake --install /mnt/c/Users/Administrator/Documents/Mechanical/Humaniod/build/human_urdf
[1.714s] DEBUG:colcon.colcon_core.event_handler.log_command:Invoked command in '/mnt/c/Users/Administrator/Documents/Mechanical/Humaniod/build/human_controller' returned '0': CMAKE_PREFIX_PATH=${CMAKE_PREFIX_PATH}:/opt/ros/humble /usr/bin/cmake --build /mnt/c/Users/Administrator/Documents/Mechanical/Humaniod/build/human_controller -- -j8 -l8
[1.741s] DEBUG:colcon.colcon_core.event_handler.log_command:Invoking command in '/mnt/c/Users/Administrator/Documents/Mechanical/Humaniod/build/human_controller': CMAKE_PREFIX_PATH=${CMAKE_PREFIX_PATH}:/opt/ros/humble /usr/bin/cmake --install /mnt/c/Users/Administrator/Documents/Mechanical/Humaniod/build/human_controller
[2.301s] Level 1:colcon.colcon_core.environment:create_environment_scripts_only(human_controller)
[2.304s] DEBUG:colcon.colcon_core.event_handler.log_command:Invoked command in '/mnt/c/Users/Administrator/Documents/Mechanical/Humaniod/build/human_controller' returned '0': CMAKE_PREFIX_PATH=${CMAKE_PREFIX_PATH}:/opt/ros/humble /usr/bin/cmake --install /mnt/c/Users/Administrator/Documents/Mechanical/Humaniod/build/human_controller
[2.316s] Level 1:colcon.colcon_core.environment:checking '/mnt/c/Users/Administrator/Documents/Mechanical/Humaniod/install/human_controller' for CMake module files
[2.381s] Level 1:colcon.colcon_core.environment:checking '/mnt/c/Users/Administrator/Documents/Mechanical/Humaniod/install/human_controller' for CMake config files
[2.444s] Level 1:colcon.colcon_core.shell:create_environment_hook('human_controller', 'cmake_prefix_path')
[2.445s] INFO:colcon.colcon_core.shell:Creating environment hook '/mnt/c/Users/Administrator/Documents/Mechanical/Humaniod/install/human_controller/share/human_controller/hook/cmake_prefix_path.ps1'
[2.463s] INFO:colcon.colcon_core.shell:Creating environment descriptor '/mnt/c/Users/Administrator/Documents/Mechanical/Humaniod/install/human_controller/share/human_controller/hook/cmake_prefix_path.dsv'
[2.479s] INFO:colcon.colcon_core.shell:Creating environment hook '/mnt/c/Users/Administrator/Documents/Mechanical/Humaniod/install/human_controller/share/human_controller/hook/cmake_prefix_path.sh'
[2.495s] Level 1:colcon.colcon_core.environment:checking '/mnt/c/Users/Administrator/Documents/Mechanical/Humaniod/install/human_controller/bin'
[2.497s] Level 1:colcon.colcon_core.environment:checking '/mnt/c/Users/Administrator/Documents/Mechanical/Humaniod/install/human_controller/lib/pkgconfig/human_controller.pc'
[2.499s] Level 1:colcon.colcon_core.environment:checking '/mnt/c/Users/Administrator/Documents/Mechanical/Humaniod/install/human_controller/lib/python3.10/site-packages'
[2.501s] Level 1:colcon.colcon_core.environment:checking '/mnt/c/Users/Administrator/Documents/Mechanical/Humaniod/install/human_controller/bin'
[2.503s] INFO:colcon.colcon_core.shell:Creating package script '/mnt/c/Users/Administrator/Documents/Mechanical/Humaniod/install/human_controller/share/human_controller/package.ps1'
[2.519s] INFO:colcon.colcon_core.shell:Creating package descriptor '/mnt/c/Users/Administrator/Documents/Mechanical/Humaniod/install/human_controller/share/human_controller/package.dsv'
[2.535s] INFO:colcon.colcon_core.shell:Creating package script '/mnt/c/Users/Administrator/Documents/Mechanical/Humaniod/install/human_controller/share/human_controller/package.sh'
[2.550s] INFO:colcon.colcon_core.shell:Creating package script '/mnt/c/Users/Administrator/Documents/Mechanical/Humaniod/install/human_controller/share/human_controller/package.bash'
[2.562s] INFO:colcon.colcon_core.shell:Creating package script '/mnt/c/Users/Administrator/Documents/Mechanical/Humaniod/install/human_controller/share/human_controller/package.zsh'
[2.573s] Level 1:colcon.colcon_core.environment:create_file_with_runtime_dependencies(/mnt/c/Users/Administrator/Documents/Mechanical/Humaniod/install/human_controller/share/colcon-core/packages/human_controller)
[2.594s] Level 1:colcon.colcon_core.environment:create_environment_scripts_only(human_controller)
[2.595s] Level 1:colcon.colcon_core.environment:checking '/mnt/c/Users/Administrator/Documents/Mechanical/Humaniod/install/human_controller' for CMake module files
[2.663s] Level 1:colcon.colcon_core.environment:checking '/mnt/c/Users/Administrator/Documents/Mechanical/Humaniod/install/human_controller' for CMake config files
[2.709s] Level 1:colcon.colcon_core.shell:create_environment_hook('human_controller', 'cmake_prefix_path')
[2.710s] INFO:colcon.colcon_core.shell:Creating environment hook '/mnt/c/Users/Administrator/Documents/Mechanical/Humaniod/install/human_controller/share/human_controller/hook/cmake_prefix_path.ps1'
[2.727s] INFO:colcon.colcon_core.shell:Creating environment descriptor '/mnt/c/Users/Administrator/Documents/Mechanical/Humaniod/install/human_controller/share/human_controller/hook/cmake_prefix_path.dsv'
[2.747s] INFO:colcon.colcon_core.shell:Creating environment hook '/mnt/c/Users/Administrator/Documents/Mechanical/Humaniod/install/human_controller/share/human_controller/hook/cmake_prefix_path.sh'
[2.767s] Level 1:colcon.colcon_core.environment:checking '/mnt/c/Users/Administrator/Documents/Mechanical/Humaniod/install/human_controller/bin'
[2.769s] Level 1:colcon.colcon_core.environment:checking '/mnt/c/Users/Administrator/Documents/Mechanical/Humaniod/install/human_controller/lib/pkgconfig/human_controller.pc'
[2.771s] Level 1:colcon.colcon_core.environment:checking '/mnt/c/Users/Administrator/Documents/Mechanical/Humaniod/install/human_controller/lib/python3.10/site-packages'
[2.773s] Level 1:colcon.colcon_core.environment:checking '/mnt/c/Users/Administrator/Documents/Mechanical/Humaniod/install/human_controller/bin'
[2.775s] INFO:colcon.colcon_core.shell:Creating package script '/mnt/c/Users/Administrator/Documents/Mechanical/Humaniod/install/human_controller/share/human_controller/package.ps1'
[2.787s] INFO:colcon.colcon_core.shell:Creating package descriptor '/mnt/c/Users/Administrator/Documents/Mechanical/Humaniod/install/human_controller/share/human_controller/package.dsv'
[2.800s] INFO:colcon.colcon_core.shell:Creating package script '/mnt/c/Users/Administrator/Documents/Mechanical/Humaniod/install/human_controller/share/human_controller/package.sh'
[2.812s] INFO:colcon.colcon_core.shell:Creating package script '/mnt/c/Users/Administrator/Documents/Mechanical/Humaniod/install/human_controller/share/human_controller/package.bash'
[2.832s] INFO:colcon.colcon_core.shell:Creating package script '/mnt/c/Users/Administrator/Documents/Mechanical/Humaniod/install/human_controller/share/human_controller/package.zsh'
[2.848s] Level 1:colcon.colcon_core.environment:create_file_with_runtime_dependencies(/mnt/c/Users/Administrator/Documents/Mechanical/Humaniod/install/human_controller/share/colcon-core/packages/human_controller)
[2.861s] Level 1:colcon.colcon_core.environment:create_environment_scripts_only(human_urdf)
[2.863s] Level 1:colcon.colcon_core.environment:checking '/mnt/c/Users/Administrator/Documents/Mechanical/Humaniod/install/human_urdf' for CMake module files
[2.874s] DEBUG:colcon.colcon_core.event_handler.log_command:Invoked command in '/mnt/c/Users/Administrator/Documents/Mechanical/Humaniod/build/human_urdf' returned '0': CMAKE_PREFIX_PATH=${CMAKE_PREFIX_PATH}:/opt/ros/humble /usr/bin/cmake --install /mnt/c/Users/Administrator/Documents/Mechanical/Humaniod/build/human_urdf
[2.958s] Level 1:colcon.colcon_core.environment:checking '/mnt/c/Users/Administrator/Documents/Mechanical/Humaniod/install/human_urdf' for CMake config files
[3.002s] Level 1:colcon.colcon_core.shell:create_environment_hook('human_urdf', 'cmake_prefix_path')
[3.002s] INFO:colcon.colcon_core.shell:Creating environment hook '/mnt/c/Users/Administrator/Documents/Mechanical/Humaniod/install/human_urdf/share/human_urdf/hook/cmake_prefix_path.ps1'
[3.013s] INFO:colcon.colcon_core.shell:Creating environment descriptor '/mnt/c/Users/Administrator/Documents/Mechanical/Humaniod/install/human_urdf/share/human_urdf/hook/cmake_prefix_path.dsv'
[3.027s] INFO:colcon.colcon_core.shell:Creating environment hook '/mnt/c/Users/Administrator/Documents/Mechanical/Humaniod/install/human_urdf/share/human_urdf/hook/cmake_prefix_path.sh'
[3.043s] Level 1:colcon.colcon_core.environment:checking '/mnt/c/Users/Administrator/Documents/Mechanical/Humaniod/install/human_urdf/bin'
[3.044s] Level 1:colcon.colcon_core.environment:checking '/mnt/c/Users/Administrator/Documents/Mechanical/Humaniod/install/human_urdf/lib/pkgconfig/human_urdf.pc'
[3.045s] Level 1:colcon.colcon_core.environment:checking '/mnt/c/Users/Administrator/Documents/Mechanical/Humaniod/install/human_urdf/lib/python3.10/site-packages'
[3.047s] Level 1:colcon.colcon_core.environment:checking '/mnt/c/Users/Administrator/Documents/Mechanical/Humaniod/install/human_urdf/bin'
[3.048s] INFO:colcon.colcon_core.shell:Creating package script '/mnt/c/Users/Administrator/Documents/Mechanical/Humaniod/install/human_urdf/share/human_urdf/package.ps1'
[3.059s] INFO:colcon.colcon_core.shell:Creating package descriptor '/mnt/c/Users/Administrator/Documents/Mechanical/Humaniod/install/human_urdf/share/human_urdf/package.dsv'
[3.070s] INFO:colcon.colcon_core.shell:Creating package script '/mnt/c/Users/Administrator/Documents/Mechanical/Humaniod/install/human_urdf/share/human_urdf/package.sh'
[3.080s] INFO:colcon.colcon_core.shell:Creating package script '/mnt/c/Users/Administrator/Documents/Mechanical/Humaniod/install/human_urdf/share/human_urdf/package.bash'
[3.092s] INFO:colcon.colcon_core.shell:Creating package script '/mnt/c/Users/Administrator/Documents/Mechanical/Humaniod/install/human_urdf/share/human_urdf/package.zsh'
[3.105s] Level 1:colcon.colcon_core.environment:create_file_with_runtime_dependencies(/mnt/c/Users/Administrator/Documents/Mechanical/Humaniod/install/human_urdf/share/colcon-core/packages/human_urdf)
[3.144s] Level 1:colcon.colcon_core.environment:create_environment_scripts_only(human_urdf)
[3.146s] Level 1:colcon.colcon_core.environment:checking '/mnt/c/Users/Administrator/Documents/Mechanical/Humaniod/install/human_urdf' for CMake module files
[3.262s] Level 1:colcon.colcon_core.environment:checking '/mnt/c/Users/Administrator/Documents/Mechanical/Humaniod/install/human_urdf' for CMake config files
[3.310s] Level 1:colcon.colcon_core.shell:create_environment_hook('human_urdf', 'cmake_prefix_path')
[3.310s] INFO:colcon.colcon_core.shell:Creating environment hook '/mnt/c/Users/Administrator/Documents/Mechanical/Humaniod/install/human_urdf/share/human_urdf/hook/cmake_prefix_path.ps1'
[3.324s] INFO:colcon.colcon_core.shell:Creating environment descriptor '/mnt/c/Users/Administrator/Documents/Mechanical/Humaniod/install/human_urdf/share/human_urdf/hook/cmake_prefix_path.dsv'
[3.336s] INFO:colcon.colcon_core.shell:Creating environment hook '/mnt/c/Users/Administrator/Documents/Mechanical/Humaniod/install/human_urdf/share/human_urdf/hook/cmake_prefix_path.sh'
[3.355s] Level 1:colcon.colcon_core.environment:checking '/mnt/c/Users/Administrator/Documents/Mechanical/Humaniod/install/human_urdf/bin'
[3.356s] Level 1:colcon.colcon_core.environment:checking '/mnt/c/Users/Administrator/Documents/Mechanical/Humaniod/install/human_urdf/lib/pkgconfig/human_urdf.pc'
[3.358s] Level 1:colcon.colcon_core.environment:checking '/mnt/c/Users/Administrator/Documents/Mechanical/Humaniod/install/human_urdf/lib/python3.10/site-packages'
[3.359s] Level 1:colcon.colcon_core.environment:checking '/mnt/c/Users/Administrator/Documents/Mechanical/Humaniod/install/human_urdf/bin'
[3.361s] INFO:colcon.colcon_core.shell:Creating package script '/mnt/c/Users/Administrator/Documents/Mechanical/Humaniod/install/human_urdf/share/human_urdf/package.ps1'
[3.374s] INFO:colcon.colcon_core.shell:Creating package descriptor '/mnt/c/Users/Administrator/Documents/Mechanical/Humaniod/install/human_urdf/share/human_urdf/package.dsv'
[3.384s] INFO:colcon.colcon_core.shell:Creating package script '/mnt/c/Users/Administrator/Documents/Mechanical/Humaniod/install/human_urdf/share/human_urdf/package.sh'
[3.395s] INFO:colcon.colcon_core.shell:Creating package script '/mnt/c/Users/Administrator/Documents/Mechanical/Humaniod/install/human_urdf/share/human_urdf/package.bash'
[3.407s] INFO:colcon.colcon_core.shell:Creating package script '/mnt/c/Users/Administrator/Documents/Mechanical/Humaniod/install/human_urdf/share/human_urdf/package.zsh'
[3.417s] Level 1:colcon.colcon_core.environment:create_file_with_runtime_dependencies(/mnt/c/Users/Administrator/Documents/Mechanical/Humaniod/install/human_urdf/share/colcon-core/packages/human_urdf)
[3.430s] DEBUG:colcon.colcon_parallel_executor.executor.parallel:closing loop
[3.432s] DEBUG:colcon.colcon_parallel_executor.executor.parallel:loop closed
[3.433s] DEBUG:colcon.colcon_parallel_executor.executor.parallel:run_until_complete finished with '0'
[3.435s] DEBUG:colcon.colcon_core.event_reactor:joining thread
[3.590s] INFO:colcon.colcon_core.plugin_system:Skipping extension 'colcon_notification.desktop_notification.notify_send': Could not find 'notify-send'
[3.591s] INFO:colcon.colcon_core.plugin_system:Skipping extension 'colcon_notification.desktop_notification.terminal_notifier': Not used on non-Darwin systems
[3.592s] INFO:colcon.colcon_core.plugin_system:Skipping extension 'colcon_notification.desktop_notification.win32': Not used on non-Windows systems
[3.592s] INFO:colcon.colcon_notification.desktop_notification:Sending desktop notification using 'notify2'
[3.593s] DEBUG:colcon.colcon_notification.desktop_notification.notify2:Failed to initialize notify2: org.freedesktop.DBus.Error.FileNotFound: Failed to connect to socket /run/user/1000/bus: No such file or directory
[3.594s] DEBUG:colcon.colcon_core.event_reactor:joined thread
[3.595s] INFO:colcon.colcon_core.shell:Creating prefix script '/mnt/c/Users/Administrator/Documents/Mechanical/Humaniod/install/local_setup.ps1'
[3.604s] INFO:colcon.colcon_core.shell:Creating prefix util module '/mnt/c/Users/Administrator/Documents/Mechanical/Humaniod/install/_local_setup_util_ps1.py'
[3.615s] INFO:colcon.colcon_core.shell:Creating prefix chain script '/mnt/c/Users/Administrator/Documents/Mechanical/Humaniod/install/setup.ps1'
[3.644s] INFO:colcon.colcon_core.shell:Creating prefix script '/mnt/c/Users/Administrator/Documents/Mechanical/Humaniod/install/local_setup.sh'
[3.650s] INFO:colcon.colcon_core.shell:Creating prefix util module '/mnt/c/Users/Administrator/Documents/Mechanical/Humaniod/install/_local_setup_util_sh.py'
[3.654s] INFO:colcon.colcon_core.shell:Creating prefix chain script '/mnt/c/Users/Administrator/Documents/Mechanical/Humaniod/install/setup.sh'
[3.677s] INFO:colcon.colcon_core.shell:Creating prefix script '/mnt/c/Users/Administrator/Documents/Mechanical/Humaniod/install/local_setup.bash'
[3.682s] INFO:colcon.colcon_core.shell:Creating prefix chain script '/mnt/c/Users/Administrator/Documents/Mechanical/Humaniod/install/setup.bash'
[3.702s] INFO:colcon.colcon_core.shell:Creating prefix script '/mnt/c/Users/Administrator/Documents/Mechanical/Humaniod/install/local_setup.zsh'
[3.708s] INFO:colcon.colcon_core.shell:Creating prefix chain script '/mnt/c/Users/Administrator/Documents/Mechanical/Humaniod/install/setup.zsh'
